[0.135s] Invoking command in '/home/chris/ros2_ws/src/rover/build/rover_gui': CMAKE_PREFIX_PATH=${CMAKE_PREFIX_PATH}:/home/chris/ros2_ws/install/rover_sim:/home/chris/ros2_ws/install/panorama:/home/chris/ros2_ws/install/moveit_configs_utils:/opt/ros/humble /usr/bin/cmake --build /home/chris/ros2_ws/src/rover/build/rover_gui -- -j12 -l12
[0.209s] [  6%] [34m[1mGenerating UI files...[0m
[0.215s] [0;34m=== Generating UI files ... ===[0m
[0.230s] [0;32m[SUCCESS] Compiled /home/chris/ros2_ws/src/rover/rover_gui/ui/ui/FileExplorer.ui to /home/chris/ros2_ws/src/rover/rover_gui/ui/include/UI_FileExplorer.h[0m
[0.241s] [0;32m[SUCCESS] Compiled /home/chris/ros2_ws/src/rover/rover_gui/ui/ui/Notification.ui to /home/chris/ros2_ws/src/rover/rover_gui/ui/include/UI_Notification.h[0m
[0.251s] [0;32m[SUCCESS] Compiled /home/chris/ros2_ws/src/rover/rover_gui/ui/ui/Player.ui to /home/chris/ros2_ws/src/rover/rover_gui/ui/include/UI_Player.h[0m
[0.263s] [  6%] Built target run_generate_ui
[0.291s] [ 13%] [34m[1mAutomatic MOC for target main_gui[0m
[0.673s] [ 13%] Built target main_gui_autogen
[0.702s] [35m[1mConsolidate compiler generated dependencies of target main_gui[0m
[0.763s] [ 20%] [32mBuilding CXX object CMakeFiles/main_gui.dir/src/main_gui.cpp.o[0m
[0.763s] [ 26%] [32mBuilding CXX object CMakeFiles/main_gui.dir/src/QSshFileExplorer/QFileTransferWidget.cpp.o[0m
[0.763s] [ 33%] [32mBuilding CXX object CMakeFiles/main_gui.dir/main_gui_autogen/mocs_compilation.cpp.o[0m
[0.766s] [ 40%] [32mBuilding CXX object CMakeFiles/main_gui.dir/src/QSshFileExplorer/QSshFileExplorerWidget.cpp.o[0m
[0.766s] [ 46%] [32mBuilding CXX object CMakeFiles/main_gui.dir/src/QRtspPlayer/QRtspPlayerWidget.cpp.o[0m
[7.360s] [ 53%] [32m[1mLinking CXX executable main_gui[0m
[8.644s] [100%] Built target main_gui
[8.657s] Invoked command in '/home/chris/ros2_ws/src/rover/build/rover_gui' returned '0': CMAKE_PREFIX_PATH=${CMAKE_PREFIX_PATH}:/home/chris/ros2_ws/install/rover_sim:/home/chris/ros2_ws/install/panorama:/home/chris/ros2_ws/install/moveit_configs_utils:/opt/ros/humble /usr/bin/cmake --build /home/chris/ros2_ws/src/rover/build/rover_gui -- -j12 -l12
[8.728s] Invoking command in '/home/chris/ros2_ws/src/rover/build/rover_gui': CMAKE_PREFIX_PATH=${CMAKE_PREFIX_PATH}:/home/chris/ros2_ws/install/rover_sim:/home/chris/ros2_ws/install/panorama:/home/chris/ros2_ws/install/moveit_configs_utils:/opt/ros/humble /usr/bin/cmake --install /home/chris/ros2_ws/src/rover/build/rover_gui
[8.736s] -- Install configuration: ""
[8.736s] -- Up-to-date: /home/chris/ros2_ws/src/rover/install/rover_gui/share/rover_gui//launch
[8.736s] -- Up-to-date: /home/chris/ros2_ws/src/rover/install/rover_gui/share/rover_gui//launch/gui.launch.py
[8.736s] -- Installing: /home/chris/ros2_ws/src/rover/install/rover_gui/lib/rover_gui/main_gui
[8.737s] -- Set runtime path of "/home/chris/ros2_ws/src/rover/install/rover_gui/lib/rover_gui/main_gui" to ""
[8.737s] -- Up-to-date: /home/chris/ros2_ws/src/rover/install/rover_gui/share/ament_index/resource_index/package_run_dependencies/rover_gui
[8.737s] -- Up-to-date: /home/chris/ros2_ws/src/rover/install/rover_gui/share/ament_index/resource_index/parent_prefix_path/rover_gui
[8.738s] -- Up-to-date: /home/chris/ros2_ws/src/rover/install/rover_gui/share/rover_gui/environment/ament_prefix_path.sh
[8.738s] -- Up-to-date: /home/chris/ros2_ws/src/rover/install/rover_gui/share/rover_gui/environment/ament_prefix_path.dsv
[8.738s] -- Up-to-date: /home/chris/ros2_ws/src/rover/install/rover_gui/share/rover_gui/environment/path.sh
[8.738s] -- Up-to-date: /home/chris/ros2_ws/src/rover/install/rover_gui/share/rover_gui/environment/path.dsv
[8.738s] -- Up-to-date: /home/chris/ros2_ws/src/rover/install/rover_gui/share/rover_gui/local_setup.bash
[8.738s] -- Up-to-date: /home/chris/ros2_ws/src/rover/install/rover_gui/share/rover_gui/local_setup.sh
[8.738s] -- Up-to-date: /home/chris/ros2_ws/src/rover/install/rover_gui/share/rover_gui/local_setup.zsh
[8.738s] -- Up-to-date: /home/chris/ros2_ws/src/rover/install/rover_gui/share/rover_gui/local_setup.dsv
[8.738s] -- Installing: /home/chris/ros2_ws/src/rover/install/rover_gui/share/rover_gui/package.dsv
[8.739s] -- Up-to-date: /home/chris/ros2_ws/src/rover/install/rover_gui/share/ament_index/resource_index/packages/rover_gui
[8.739s] -- Up-to-date: /home/chris/ros2_ws/src/rover/install/rover_gui/share/rover_gui/cmake/rover_guiConfig.cmake
[8.739s] -- Up-to-date: /home/chris/ros2_ws/src/rover/install/rover_gui/share/rover_gui/cmake/rover_guiConfig-version.cmake
[8.739s] -- Up-to-date: /home/chris/ros2_ws/src/rover/install/rover_gui/share/rover_gui/package.xml
[8.740s] Invoked command in '/home/chris/ros2_ws/src/rover/build/rover_gui' returned '0': CMAKE_PREFIX_PATH=${CMAKE_PREFIX_PATH}:/home/chris/ros2_ws/install/rover_sim:/home/chris/ros2_ws/install/panorama:/home/chris/ros2_ws/install/moveit_configs_utils:/opt/ros/humble /usr/bin/cmake --install /home/chris/ros2_ws/src/rover/build/rover_gui
