[0.253s] Invoking command in '/home/chris/ros2_ws/src/rover/build/rover_msgs': CMAKE_PREFIX_PATH=${CMAKE_PREFIX_PATH}:/home/chris/ros2_ws/install/rover_sim:/home/chris/ros2_ws/install/panorama:/home/chris/ros2_ws/install/moveit_configs_utils:/opt/ros/humble /usr/bin/cmake /home/chris/ros2_ws/src/rover/rover_msgs -DCMAKE_INSTALL_PREFIX=/home/chris/ros2_ws/src/rover/install/rover_msgs
[0.423s] -- The C compiler identification is GNU 11.4.0
[0.508s] -- The CXX compiler identification is GNU 11.4.0
[0.520s] -- Detecting C compiler ABI info
[0.620s] -- Detecting C compiler ABI info - done
[0.631s] -- Check for working C compiler: /usr/bin/cc - skipped
[0.632s] -- Detecting C compile features
[0.632s] -- Detecting C compile features - done
[0.637s] -- Detecting CXX compiler ABI info
[0.787s] -- Detecting CXX compiler ABI info - done
[0.801s] -- Check for working CXX compiler: /usr/bin/c++ - skipped
[0.801s] -- Detecting CXX compile features
[0.802s] -- Detecting CXX compile features - done
[0.813s] -- Found ament_cmake: 1.3.6 (/opt/ros/humble/share/ament_cmake/cmake)
[1.092s] -- Found Python3: /usr/bin/python3.10 (found version "3.10.12") found components: Interpreter 
[1.262s] -- Found ament_index_cpp: 1.4.0 (/opt/ros/humble/share/ament_index_cpp/cmake)
[1.269s] -- Found rosidl_default_generators: 1.2.0 (/opt/ros/humble/share/rosidl_default_generators/cmake)
[1.280s] -- Using all available rosidl_typesupport_c: rosidl_typesupport_fastrtps_c;rosidl_typesupport_introspection_c
[1.298s] -- Found rosidl_adapter: 3.1.5 (/opt/ros/humble/share/rosidl_adapter/cmake)
[1.386s] -- Using all available rosidl_typesupport_cpp: rosidl_typesupport_fastrtps_cpp;rosidl_typesupport_introspection_cpp
[2.050s] -- Found ament_cmake_ros: 0.10.0 (/opt/ros/humble/share/ament_cmake_ros/cmake)
[2.350s] -- Using all available rosidl_typesupport_c: rosidl_typesupport_fastrtps_c;rosidl_typesupport_introspection_c
[2.722s] -- Using all available rosidl_typesupport_cpp: rosidl_typesupport_fastrtps_cpp;rosidl_typesupport_introspection_cpp
[2.758s] -- Found PythonInterp: /usr/bin/python3 (found suitable version "3.10.12", minimum required is "3.6") 
[2.765s] -- Found python_cmake_module: 0.10.0 (/opt/ros/humble/share/python_cmake_module/cmake)
[2.806s] -- Found PythonLibs: /usr/lib/x86_64-linux-gnu/libpython3.10.so (found suitable version "3.10.12", minimum required is "3.5") 
[2.807s] -- Using PYTHON_EXECUTABLE: /usr/bin/python3
[2.807s] -- Using PYTHON_INCLUDE_DIRS: /usr/include/python3.10
[2.807s] -- Using PYTHON_LIBRARIES: /usr/lib/x86_64-linux-gnu/libpython3.10.so
[2.839s] -- Found PythonExtra: .so  
[2.915s] -- Configuring done
[3.022s] -- Generating done
[3.026s] -- Build files have been written to: /home/chris/ros2_ws/src/rover/build/rover_msgs
[3.039s] Invoked command in '/home/chris/ros2_ws/src/rover/build/rover_msgs' returned '0': CMAKE_PREFIX_PATH=${CMAKE_PREFIX_PATH}:/home/chris/ros2_ws/install/rover_sim:/home/chris/ros2_ws/install/panorama:/home/chris/ros2_ws/install/moveit_configs_utils:/opt/ros/humble /usr/bin/cmake /home/chris/ros2_ws/src/rover/rover_msgs -DCMAKE_INSTALL_PREFIX=/home/chris/ros2_ws/src/rover/install/rover_msgs
[3.041s] Invoking command in '/home/chris/ros2_ws/src/rover/build/rover_msgs': CMAKE_PREFIX_PATH=${CMAKE_PREFIX_PATH}:/home/chris/ros2_ws/install/rover_sim:/home/chris/ros2_ws/install/panorama:/home/chris/ros2_ws/install/moveit_configs_utils:/opt/ros/humble /usr/bin/cmake --build /home/chris/ros2_ws/src/rover/build/rover_msgs -- -j12 -l12
[3.110s] [  1%] [34m[1mGenerating C code for ROS interfaces[0m
[3.123s] [  1%] [32mBuilding CXX object CMakeFiles/lib_exec.dir/src/lib.cpp.o[0m
[3.126s] [  2%] [34m[1mGenerating C++ code for ROS interfaces[0m
[3.136s] [  2%] Built target ament_cmake_python_copy_rover_msgs
[3.455s] [  2%] [32m[1mLinking CXX static library liblib_exec.a[0m
[3.554s] [  2%] Built target lib_exec
[3.658s] running egg_info
[3.659s] creating rover_msgs.egg-info
[3.659s] writing rover_msgs.egg-info/PKG-INFO
[3.660s] writing dependency_links to rover_msgs.egg-info/dependency_links.txt
[3.660s] writing top-level names to rover_msgs.egg-info/top_level.txt
[3.660s] writing manifest file 'rover_msgs.egg-info/SOURCES.txt'
[3.665s] reading manifest file 'rover_msgs.egg-info/SOURCES.txt'
[3.665s] writing manifest file 'rover_msgs.egg-info/SOURCES.txt'
[3.703s] [  2%] Built target ament_cmake_python_build_rover_msgs_egg
[5.306s] Traceback (most recent call last):
[5.307s] Traceback (most recent call last):
[5.307s]   File "/opt/ros/humble/share/rosidl_generator_cpp/cmake/../../../lib/rosidl_generator_cpp/rosidl_generator_cpp", line 38, in <module>
[5.307s]   File "/opt/ros/humble/share/rosidl_generator_c/cmake/../../../lib/rosidl_generator_c/rosidl_generator_c", line 38, in <module>
[5.307s] gmake[2]: *** Deleting file 'rosidl_generator_c/rover_msgs/msg/antenna_cmd.h'
[5.308s] gmake[2]: *** Deleting file 'rosidl_generator_cpp/rover_msgs/msg/antenna_cmd.hpp'
[5.308s]     sys.exit(main())
[5.308s]   File "/opt/ros/humble/share/rosidl_generator_c/cmake/../../../lib/rosidl_generator_c/rosidl_generator_c", line 34, in main
[5.309s]     sys.exit(main())
[5.309s]   File "/opt/ros/humble/share/rosidl_generator_cpp/cmake/../../../lib/rosidl_generator_cpp/rosidl_generator_cpp", line 34, in main
[5.309s]     generate_c(args.generator_arguments_file)
[5.310s]   File "/opt/ros/humble/local/lib/python3.10/dist-packages/rosidl_generator_c/__init__.py", line 37, in generate_c
[5.310s]     generate_cpp(args.generator_arguments_file)
[5.310s]   File "/opt/ros/humble/local/lib/python3.10/dist-packages/rosidl_generator_cpp/__init__.py", line 38, in generate_cpp
[5.311s]     return generate_files(
[5.311s]   File "/opt/ros/humble/local/lib/python3.10/dist-packages/rosidl_cmake/__init__.py", line 87, in generate_files
[5.311s]     return generate_files(
[5.311s]   File "/opt/ros/humble/local/lib/python3.10/dist-packages/rosidl_cmake/__init__.py", line 87, in generate_files
[5.312s]     expand_template(
[5.312s]   File "/opt/ros/humble/local/lib/python3.10/dist-packages/rosidl_cmake/__init__.py", line 149, in expand_template
[5.312s]     expand_template(
[5.312s]   File "/opt/ros/humble/local/lib/python3.10/dist-packages/rosidl_cmake/__init__.py", line 149, in expand_template
[5.312s]     interpreter.string(template_content, template_path, locals=data)
[5.312s]   File "/usr/lib/python3/dist-packages/em.py", line 2391, in string
[5.313s]     interpreter.string(template_content, template_path, locals=data)
[5.313s]   File "/usr/lib/python3/dist-packages/em.py", line 2391, in string
[5.313s]     self.safe(scanner, True, locals)
[5.313s]   File "/usr/lib/python3/dist-packages/em.py", line 2401, in safe
[5.314s]     self.safe(scanner, True, locals)
[5.314s]   File "/usr/lib/python3/dist-packages/em.py", line 2401, in safe
[5.314s]     self.parse(scanner, locals)
[5.314s]   File "/usr/lib/python3/dist-packages/em.py", line 2421, in parse
[5.314s]     token.run(self, locals)
[5.314s]   File "/usr/lib/python3/dist-packages/em.py", line 1547, in run
[5.314s]     self.subrun(info[0][1], interpreter, locals)
[5.315s]   File "/usr/lib/python3/dist-packages/em.py", line 1631, in subrun
[5.315s]     self.parse(scanner, locals)
[5.315s]   File "/usr/lib/python3/dist-packages/em.py", line 2421, in parse
[5.315s]     token.run(interpreter, locals)
[5.315s]   File "/usr/lib/python3/dist-packages/em.py", line 1425, in run
[5.315s]     interpreter.execute(self.code, locals)
[5.315s]   File "/usr/lib/python3/dist-packages/em.py", line 2596, in execute
[5.316s]     token.run(self, locals)
[5.316s]   File "/usr/lib/python3/dist-packages/em.py", line 1547, in run
[5.316s]     self.subrun(info[0][1], interpreter, locals)
[5.316s]   File "/usr/lib/python3/dist-packages/em.py", line 1631, in subrun
[5.316s]     _exec(statements, self.globals, locals)
[5.316s]   File "<string>", line 2, in <module>
[5.316s]     token.run(interpreter, locals)
[5.317s]   File "/usr/lib/python3/dist-packages/em.py", line 1425, in run
[5.317s]   File "/opt/ros/humble/local/lib/python3.10/dist-packages/rosidl_cmake/__init__.py", line 198, in _expand_template
[5.317s]     interpreter.execute(self.code, locals)
[5.317s]   File "/usr/lib/python3/dist-packages/em.py", line 2596, in execute
[5.317s]     interpreter.string(content, str(template_path), kwargs)
[5.317s]   File "/usr/lib/python3/dist-packages/em.py", line 2391, in string
[5.317s]     _exec(statements, self.globals, locals)
[5.318s]   File "<string>", line 3, in <module>
[5.318s]   File "/opt/ros/humble/local/lib/python3.10/dist-packages/rosidl_cmake/__init__.py", line 198, in _expand_template
[5.318s]     interpreter.string(content, str(template_path), kwargs)
[5.318s]   File "/usr/lib/python3/dist-packages/em.py", line 2391, in string
[5.318s]     self.safe(scanner, True, locals)
[5.318s]   File "/usr/lib/python3/dist-packages/em.py", line 2401, in safe
[5.318s]     self.safe(scanner, True, locals)
[5.319s]   File "/usr/lib/python3/dist-packages/em.py", line 2401, in safe
[5.319s]     self.parse(scanner, locals)
[5.319s]   File "/usr/lib/python3/dist-packages/em.py", line 2421, in parse
[5.319s]     self.parse(scanner, locals)
[5.319s]   File "/usr/lib/python3/dist-packages/em.py", line 2417, in parse
[5.319s]     token.run(self, locals)
[5.320s]   File "/usr/lib/python3/dist-packages/em.py", line 1425, in run
[5.320s]     token = scanner.one()
[5.320s]   File "/usr/lib/python3/dist-packages/em.py", line 1984, in one
[5.320s]     interpreter.execute(self.code, locals)
[5.320s]   File "/usr/lib/python3/dist-packages/em.py", line 2596, in execute
[5.320s]     token.scan(self)
[5.320s]   File "/usr/lib/python3/dist-packages/em.py", line 1315, in scan
[5.321s]     _exec(statements, self.globals, locals)
[5.321s]   File "<string>", line 2, in <module>
[5.321s]     i = scanner.next('?', 0, q, True)
[5.321s]   File "/usr/lib/python3/dist-packages/em.py", line 1818, in next
[5.321s]   File "/opt/ros/humble/local/lib/python3.10/dist-packages/rosidl_cmake/__init__.py", line 198, in _expand_template
[5.321s]     interpreter.string(content, str(template_path), kwargs)
[5.321s]   File "/usr/lib/python3/dist-packages/em.py", line 2391, in string
[5.321s]     newQuote = self.check(i, quote)
[5.322s] KeyboardInterrupt
[5.322s]     self.safe(scanner, True, locals)
[5.322s]   File "/usr/lib/python3/dist-packages/em.py", line 2401, in safe
[5.322s]     self.parse(scanner, locals)
[5.322s]   File "/usr/lib/python3/dist-packages/em.py", line 2417, in parse
[5.322s]     token = scanner.one()
[5.322s]   File "/usr/lib/python3/dist-packages/em.py", line 1984, in one
[5.323s]     token.scan(self)
[5.323s]   File "/usr/lib/python3/dist-packages/em.py", line 1311, in scan
[5.323s]     q = scanner.next('$', 0, z, True)
[5.323s]   File "/usr/lib/python3/dist-packages/em.py", line 1818, in next
[5.323s]     newQuote = self.check(i, quote)
[5.323s]   File "/usr/lib/python3/dist-packages/em.py", line 1766, in check
[5.323s]     if self[i] in '\'\"':
[5.324s]   File "/usr/lib/python3/dist-packages/em.py", line 1683, in __getitem__
[5.324s]     if isinstance(index, slice):
[5.324s] KeyboardInterrupt
[5.324s] Exception ignored in: <function Interpreter.__del__ at 0x730ee05404c0>
[5.324s] Traceback (most recent call last):
[5.324s]   File "/usr/lib/python3/dist-packages/em.py", line 2094, in __del__
[5.324s]   File "/usr/lib/python3/dist-packages/em.py", line 2157, in shutdown
[5.324s]   File "/usr/lib/python3/dist-packages/em.py", line 2647, in finalize
[5.325s]   File "/usr/lib/python3/dist-packages/em.py", line 2200, in push
[5.325s] AttributeError: '_io.TextIOWrapper' object has no attribute 'push'
[5.327s] Exception ignored in: <function Interpreter.__del__ at 0x768e75c48700>
[5.327s] Traceback (most recent call last):
[5.327s]   File "/usr/lib/python3/dist-packages/em.py", line 2094, in __del__
[5.328s]   File "/usr/lib/python3/dist-packages/em.py", line 2157, in shutdown
[5.328s]   File "/usr/lib/python3/dist-packages/em.py", line 2647, in finalize
[5.328s]   File "/usr/lib/python3/dist-packages/em.py", line 2200, in push
[5.328s] AttributeError: '_io.TextIOWrapper' object has no attribute 'push'
[5.335s] gmake[2]: *** [CMakeFiles/rover_msgs__rosidl_generator_c.dir/build.make:110: rosidl_generator_c/rover_msgs/msg/antenna_cmd.h] Interrupt
[5.336s] gmake[1]: *** [CMakeFiles/Makefile2:240: CMakeFiles/rover_msgs__rosidl_generator_c.dir/all] Interrupt
[5.339s] gmake[2]: *** [CMakeFiles/rover_msgs__cpp.dir/build.make:206: rosidl_generator_cpp/rover_msgs/msg/antenna_cmd.hpp] Interrupt
[5.339s] gmake[1]: *** [CMakeFiles/Makefile2:345: CMakeFiles/rover_msgs__cpp.dir/all] Interrupt
[5.339s] gmake: *** [Makefile:146: all] Interrupt
[5.341s] Invoked command in '/home/chris/ros2_ws/src/rover/build/rover_msgs' returned '-2': CMAKE_PREFIX_PATH=${CMAKE_PREFIX_PATH}:/home/chris/ros2_ws/install/rover_sim:/home/chris/ros2_ws/install/panorama:/home/chris/ros2_ws/install/moveit_configs_utils:/opt/ros/humble /usr/bin/cmake --build /home/chris/ros2_ws/src/rover/build/rover_msgs -- -j12 -l12
