[0.128s] Invoking command in '/home/chris/ros2_ws/src/rover/build/rover_gui': CMAKE_PREFIX_PATH=${CMAKE_PREFIX_PATH}:/home/chris/ros2_ws/install/rover_sim:/home/chris/ros2_ws/install/panorama:/home/chris/ros2_ws/install/moveit_configs_utils:/opt/ros/humble /usr/bin/cmake /home/chris/ros2_ws/src/rover/rover_gui -DCMAKE_INSTALL_PREFIX=/home/chris/ros2_ws/src/rover/install/rover_gui
[0.190s] -- The C compiler identification is GNU 11.4.0
[0.252s] -- The CXX compiler identification is GNU 11.4.0
[0.261s] -- Detecting C compiler ABI info
[0.336s] -- Detecting C compiler ABI info - done
[0.345s] -- Check for working C compiler: /usr/bin/cc - skipped
[0.345s] -- Detecting C compile features
[0.345s] -- Detecting C compile features - done
[0.349s] -- Detecting CXX compiler ABI info
[0.433s] -- Detecting CXX compiler ABI info - done
[0.444s] -- Check for working CXX compiler: /usr/bin/c++ - skipped
[0.444s] -- Detecting CXX compile features
[0.445s] -- Detecting CXX compile features - done
[0.451s] -- Found ament_cmake: 1.3.6 (/opt/ros/humble/share/ament_cmake/cmake)
[0.649s] -- Found Python3: /usr/bin/python3.10 (found version "3.10.12") found components: Interpreter 
[0.773s] -- Found rclcpp: 16.0.7 (/opt/ros/humble/share/rclcpp/cmake)
[0.835s] -- Found rosidl_generator_c: 3.1.5 (/opt/ros/humble/share/rosidl_generator_c/cmake)
[0.845s] -- Found rosidl_adapter: 3.1.5 (/opt/ros/humble/share/rosidl_adapter/cmake)
[0.855s] -- Found rosidl_generator_cpp: 3.1.5 (/opt/ros/humble/share/rosidl_generator_cpp/cmake)
[0.872s] -- Using all available rosidl_typesupport_c: rosidl_typesupport_fastrtps_c;rosidl_typesupport_introspection_c
[0.895s] -- Using all available rosidl_typesupport_cpp: rosidl_typesupport_fastrtps_cpp;rosidl_typesupport_introspection_cpp
[0.977s] -- Found rmw_implementation_cmake: 6.1.1 (/opt/ros/humble/share/rmw_implementation_cmake/cmake)
[0.981s] -- Found rmw_fastrtps_cpp: 6.2.5 (/opt/ros/humble/share/rmw_fastrtps_cpp/cmake)
[1.097s] -- Found OpenSSL: /usr/lib/x86_64-linux-gnu/libcrypto.so (found version "3.0.2")  
[1.141s] -- Found FastRTPS: /opt/ros/humble/include  
[1.216s] -- Using RMW implementation 'rmw_fastrtps_cpp' as default
[1.238s] -- Looking for pthread.h
[1.342s] -- Looking for pthread.h - found
[1.343s] -- Performing Test CMAKE_HAVE_LIBC_PTHREAD
[1.452s] -- Performing Test CMAKE_HAVE_LIBC_PTHREAD - Success
[1.454s] -- Found Threads: TRUE  
[1.778s] -- Found rover_msgs: 0.0.0 (/home/chris/ros2_ws/install/rover_msgs/share/rover_msgs/cmake)
[1.822s] -- Performing Test HAVE_STDATOMIC
[2.328s] -- Performing Test HAVE_STDATOMIC - Success
[2.330s] -- Found WrapAtomic: TRUE  
[2.370s] -- Found OpenGL: /usr/lib/x86_64-linux-gnu/libOpenGL.so   
[2.371s] -- Found WrapOpenGL: TRUE  
[2.421s] -- Found XKB: /usr/lib/x86_64-linux-gnu/libxkbcommon.so (found suitable version "1.4.0", minimum required is "0.5.0") 
[2.425s] -- Found WrapVulkanHeaders: /usr/include  
[2.465s] -- Found PkgConfig: /usr/bin/pkg-config (found version "0.29.2") 
[2.466s] -- Checking for modules 'gstreamer-1.0;gstreamer-plugins-base-1.0;gstreamer-video-1.0'
[2.487s] --   Found gstreamer-1.0, version 1.20.3
[2.498s] --   Found gstreamer-plugins-base-1.0, version 1.20.1
[2.511s] --   Found gstreamer-video-1.0, version 1.20.1
[2.629s] -- Configuring done
[2.663s] -- Generating done
[2.667s] -- Build files have been written to: /home/chris/ros2_ws/src/rover/build/rover_gui
[2.681s] Invoked command in '/home/chris/ros2_ws/src/rover/build/rover_gui' returned '0': CMAKE_PREFIX_PATH=${CMAKE_PREFIX_PATH}:/home/chris/ros2_ws/install/rover_sim:/home/chris/ros2_ws/install/panorama:/home/chris/ros2_ws/install/moveit_configs_utils:/opt/ros/humble /usr/bin/cmake /home/chris/ros2_ws/src/rover/rover_gui -DCMAKE_INSTALL_PREFIX=/home/chris/ros2_ws/src/rover/install/rover_gui
[2.684s] Invoking command in '/home/chris/ros2_ws/src/rover/build/rover_gui': CMAKE_PREFIX_PATH=${CMAKE_PREFIX_PATH}:/home/chris/ros2_ws/install/rover_sim:/home/chris/ros2_ws/install/panorama:/home/chris/ros2_ws/install/moveit_configs_utils:/opt/ros/humble /usr/bin/cmake --build /home/chris/ros2_ws/src/rover/build/rover_gui -- -j12 -l12
[2.734s] [  6%] [34m[1mGenerating UI files...[0m
[2.739s] [0;34m=== Generating UI files ... ===[0m
[2.749s] [0;32m[SUCCESS] Compiled /home/chris/ros2_ws/src/rover/rover_gui/ui/ui/FileExplorer.ui to /home/chris/ros2_ws/src/rover/rover_gui/ui/include/UI_FileExplorer.h[0m
[2.757s] [0;32m[SUCCESS] Compiled /home/chris/ros2_ws/src/rover/rover_gui/ui/ui/Notification.ui to /home/chris/ros2_ws/src/rover/rover_gui/ui/include/UI_Notification.h[0m
[2.764s] [0;32m[SUCCESS] Compiled /home/chris/ros2_ws/src/rover/rover_gui/ui/ui/Player.ui to /home/chris/ros2_ws/src/rover/rover_gui/ui/include/UI_Player.h[0m
[2.771s] [  6%] Built target run_generate_ui
[2.791s] [ 13%] [34m[1mAutomatic MOC for target main_gui[0m
[3.078s] [ 13%] Built target main_gui_autogen
[3.094s] [35m[1mConsolidate compiler generated dependencies of target main_gui[0m
[3.140s] [ 20%] [32mBuilding CXX object CMakeFiles/main_gui.dir/src/main_gui.cpp.o[0m
[3.141s] [ 26%] [32mBuilding CXX object CMakeFiles/main_gui.dir/main_gui_autogen/mocs_compilation.cpp.o[0m
[3.141s] [ 33%] [32mBuilding CXX object CMakeFiles/main_gui.dir/src/QSshFileExplorer/QFileTransferWidget.cpp.o[0m
[3.144s] [ 40%] [32mBuilding CXX object CMakeFiles/main_gui.dir/src/QRtspPlayer/QRtspPlayerWidget.cpp.o[0m
[3.144s] [ 46%] [32mBuilding CXX object CMakeFiles/main_gui.dir/src/QSshFileExplorer/QSshFileExplorerWidget.cpp.o[0m
[10.259s] [ 53%] [32m[1mLinking CXX executable main_gui[0m
[11.573s] [100%] Built target main_gui
[11.584s] Invoked command in '/home/chris/ros2_ws/src/rover/build/rover_gui' returned '0': CMAKE_PREFIX_PATH=${CMAKE_PREFIX_PATH}:/home/chris/ros2_ws/install/rover_sim:/home/chris/ros2_ws/install/panorama:/home/chris/ros2_ws/install/moveit_configs_utils:/opt/ros/humble /usr/bin/cmake --build /home/chris/ros2_ws/src/rover/build/rover_gui -- -j12 -l12
[11.646s] Invoking command in '/home/chris/ros2_ws/src/rover/build/rover_gui': CMAKE_PREFIX_PATH=${CMAKE_PREFIX_PATH}:/home/chris/ros2_ws/install/rover_sim:/home/chris/ros2_ws/install/panorama:/home/chris/ros2_ws/install/moveit_configs_utils:/opt/ros/humble /usr/bin/cmake --install /home/chris/ros2_ws/src/rover/build/rover_gui
[11.653s] -- Install configuration: ""
[11.653s] -- Up-to-date: /home/chris/ros2_ws/src/rover/install/rover_gui/share/rover_gui//launch
[11.653s] -- Up-to-date: /home/chris/ros2_ws/src/rover/install/rover_gui/share/rover_gui//launch/gui.launch.py
[11.653s] -- Installing: /home/chris/ros2_ws/src/rover/install/rover_gui/lib/rover_gui/main_gui
[11.654s] -- Set runtime path of "/home/chris/ros2_ws/src/rover/install/rover_gui/lib/rover_gui/main_gui" to ""
[11.654s] -- Up-to-date: /home/chris/ros2_ws/src/rover/install/rover_gui/share/ament_index/resource_index/package_run_dependencies/rover_gui
[11.654s] -- Up-to-date: /home/chris/ros2_ws/src/rover/install/rover_gui/share/ament_index/resource_index/parent_prefix_path/rover_gui
[11.654s] -- Up-to-date: /home/chris/ros2_ws/src/rover/install/rover_gui/share/rover_gui/environment/ament_prefix_path.sh
[11.655s] -- Installing: /home/chris/ros2_ws/src/rover/install/rover_gui/share/rover_gui/environment/ament_prefix_path.dsv
[11.655s] -- Up-to-date: /home/chris/ros2_ws/src/rover/install/rover_gui/share/rover_gui/environment/path.sh
[11.655s] -- Installing: /home/chris/ros2_ws/src/rover/install/rover_gui/share/rover_gui/environment/path.dsv
[11.655s] -- Up-to-date: /home/chris/ros2_ws/src/rover/install/rover_gui/share/rover_gui/local_setup.bash
[11.655s] -- Up-to-date: /home/chris/ros2_ws/src/rover/install/rover_gui/share/rover_gui/local_setup.sh
[11.655s] -- Up-to-date: /home/chris/ros2_ws/src/rover/install/rover_gui/share/rover_gui/local_setup.zsh
[11.655s] -- Installing: /home/chris/ros2_ws/src/rover/install/rover_gui/share/rover_gui/local_setup.dsv
[11.655s] -- Installing: /home/chris/ros2_ws/src/rover/install/rover_gui/share/rover_gui/package.dsv
[11.655s] -- Up-to-date: /home/chris/ros2_ws/src/rover/install/rover_gui/share/ament_index/resource_index/packages/rover_gui
[11.655s] -- Up-to-date: /home/chris/ros2_ws/src/rover/install/rover_gui/share/rover_gui/cmake/rover_guiConfig.cmake
[11.655s] -- Up-to-date: /home/chris/ros2_ws/src/rover/install/rover_gui/share/rover_gui/cmake/rover_guiConfig-version.cmake
[11.655s] -- Up-to-date: /home/chris/ros2_ws/src/rover/install/rover_gui/share/rover_gui/package.xml
[11.657s] Invoked command in '/home/chris/ros2_ws/src/rover/build/rover_gui' returned '0': CMAKE_PREFIX_PATH=${CMAKE_PREFIX_PATH}:/home/chris/ros2_ws/install/rover_sim:/home/chris/ros2_ws/install/panorama:/home/chris/ros2_ws/install/moveit_configs_utils:/opt/ros/humble /usr/bin/cmake --install /home/chris/ros2_ws/src/rover/build/rover_gui
