[  6%] [34m[1mGenerating UI files...[0m
[0;34m=== Generating UI files ... ===[0m
[0;32m[SUCCESS] Compiled /home/chris/ros2_ws/src/rover/rover_gui/ui/ui/FileExplorer.ui to /home/chris/ros2_ws/src/rover/rover_gui/ui/include/UI_FileExplorer.h[0m
[0;32m[SUCCESS] Compiled /home/chris/ros2_ws/src/rover/rover_gui/ui/ui/Notification.ui to /home/chris/ros2_ws/src/rover/rover_gui/ui/include/UI_Notification.h[0m
[0;32m[SUCCESS] Compiled /home/chris/ros2_ws/src/rover/rover_gui/ui/ui/Player.ui to /home/chris/ros2_ws/src/rover/rover_gui/ui/include/UI_Player.h[0m
[  6%] Built target run_generate_ui
[ 13%] [34m[1mAutomatic MOC for target main_gui[0m
[ 13%] Built target main_gui_autogen
[35m[1mConsolidate compiler generated dependencies of target main_gui[0m
[ 20%] [32mBuilding CXX object CMakeFiles/main_gui.dir/main_gui_autogen/mocs_compilation.cpp.o[0m
[ 26%] [32mBuilding CXX object CMakeFiles/main_gui.dir/src/main_gui.cpp.o[0m
[ 33%] [32mBuilding CXX object CMakeFiles/main_gui.dir/src/QSshFileExplorer/QFileTransferWidget.cpp.o[0m
[ 40%] [32mBuilding CXX object CMakeFiles/main_gui.dir/src/QSshFileExplorer/QSshFileExplorerWidget.cpp.o[0m
[ 46%] [32mBuilding CXX object CMakeFiles/main_gui.dir/src/QRtspPlayer/QGStreamerWorker.cpp.o[0m
[ 53%] [32mBuilding CXX object CMakeFiles/main_gui.dir/src/QRtspPlayer/QRtspPlayerWidget.cpp.o[0m
In file included from [01m[K/usr/include/x86_64-linux-gnu/qt6/QtWidgets/qwidget.h:45[m[K,
                 from [01m[K/usr/include/x86_64-linux-gnu/qt6/QtWidgets/QWidget:1[m[K,
                 from [01m[K/home/chris/ros2_ws/src/rover/rover_gui/src/QRtspPlayer/QRtspPlayerWidget.hpp:4[m[K,
                 from [01m[K/home/chris/ros2_ws/src/rover/rover_gui/src/QRtspPlayer/QRtspPlayerWidget.cpp:1[m[K:
/usr/include/x86_64-linux-gnu/qt6/QtCore/qobject.h: In instantiation of ‘[01m[Kstatic QMetaObject::Connection QObject::connect(const typename QtPrivate::FunctionPointer<Func>::Object*, Func1, const typename QtPrivate::FunctionPointer<Func2>::Object*, Func2, Qt::ConnectionType) [with Func1 = void (RtspPlayerWidget::*)(); Func2 = void (GStreamerWorker::*)(const QString&); typename QtPrivate::FunctionPointer<Func>::Object = RtspPlayerWidget; typename QtPrivate::FunctionPointer<Func2>::Object = GStreamerWorker][m[K’:
[01m[K/home/chris/ros2_ws/src/rover/rover_gui/src/QRtspPlayer/QRtspPlayerWidget.cpp:16:12:[m[K   required from here
[01m[K/usr/include/x86_64-linux-gnu/qt6/QtCore/qobject.h:228:54:[m[K [01;31m[Kerror: [m[Kstatic assertion failed: The slot requires more arguments than the signal provides.
  228 |         static_assert([01;31m[Kint(SignalType::ArgumentCount) >= int(SlotType::ArgumentCount)[m[K,
      |                       [01;31m[K~~~~~~~~~~~~~~~~~~~~~~~~~~~~~~~^~~~~~~~~~~~~~~~~~~~~~~~~~~~~~~[m[K
[01m[K/usr/include/x86_64-linux-gnu/qt6/QtCore/qobject.h:228:54:[m[K [01;36m[Knote: [m[K‘[01m[K(((int)QtPrivate::FunctionPointer<void (RtspPlayerWidget::*)()>::ArgumentCount) >= ((int)QtPrivate::FunctionPointer<void (GStreamerWorker::*)(const QString&)>::ArgumentCount))[m[K’ evaluates to false
[01m[K/usr/include/x86_64-linux-gnu/qt6/QtCore/qobject.h:230:123:[m[K [01;31m[Kerror: [m[Kstatic assertion failed: Signal and slot arguments are not compatible.
  230 |         static_assert([01;31m[K(QtPrivate::CheckCompatibleArguments<typename SignalType::Arguments, typename SlotType::Arguments>::value)[m[K,
      |                       [01;31m[K~~~~~~~~~~~~~~~~~~~~~~~~~~~~~~~~~~~~~~~~~~~~~~~~~~~~~~~~~~~~~~~~~~~~~~~~~~~~~~~~~~~~~~~~~~~~~~~~~~~~^~~~~~[m[K
[01m[K/usr/include/x86_64-linux-gnu/qt6/QtCore/qobject.h:230:123:[m[K [01;36m[Knote: [m[K‘[01m[KQtPrivate::CheckCompatibleArguments<QtPrivate::List<>, QtPrivate::List<const QString&> >::value[m[K’ evaluates to false
In file included from [01m[K/usr/include/x86_64-linux-gnu/qt6/QtCore/qobjectdefs.h:49[m[K,
                 from [01m[K/usr/include/x86_64-linux-gnu/qt6/QtGui/qwindowdefs.h:44[m[K,
                 from [01m[K/usr/include/x86_64-linux-gnu/qt6/QtWidgets/qwidget.h:44[m[K,
                 from [01m[K/usr/include/x86_64-linux-gnu/qt6/QtWidgets/QWidget:1[m[K,
                 from [01m[K/home/chris/ros2_ws/src/rover/rover_gui/src/QRtspPlayer/QRtspPlayerWidget.hpp:4[m[K,
                 from [01m[K/home/chris/ros2_ws/src/rover/rover_gui/src/QRtspPlayer/QRtspPlayerWidget.cpp:1[m[K:
/usr/include/x86_64-linux-gnu/qt6/QtCore/qobjectdefs_impl.h: In instantiation of ‘[01m[Kstruct QtPrivate::List_Left<QtPrivate::List<>, 1>[m[K’:
[01m[K/usr/include/x86_64-linux-gnu/qt6/QtCore/qobject.h:241:28:[m[K   required from ‘[01m[Kstatic QMetaObject::Connection QObject::connect(const typename QtPrivate::FunctionPointer<Func>::Object*, Func1, const typename QtPrivate::FunctionPointer<Func2>::Object*, Func2, Qt::ConnectionType) [with Func1 = void (RtspPlayerWidget::*)(); Func2 = void (GStreamerWorker::*)(const QString&); typename QtPrivate::FunctionPointer<Func>::Object = RtspPlayerWidget; typename QtPrivate::FunctionPointer<Func2>::Object = GStreamerWorker][m[K’
[01m[K/home/chris/ros2_ws/src/rover/rover_gui/src/QRtspPlayer/QRtspPlayerWidget.cpp:16:12:[m[K   required from here
[01m[K/usr/include/x86_64-linux-gnu/qt6/QtCore/qobjectdefs_impl.h:72:118:[m[K [01;31m[Kerror: [m[Kno type named ‘[01m[KCar[m[K’ in ‘[01m[Kstruct QtPrivate::List<>[m[K’
   72 |         typedef typename List_Append<List<typename L::Car>,typename List_Left<typename L::Cdr, N - 1>::Value>::Value [01;31m[KValue[m[K;
      |                                                                                                                      [01;31m[K^~~~~[m[K
gmake[2]: *** [CMakeFiles/main_gui.dir/build.make:196: CMakeFiles/main_gui.dir/src/QRtspPlayer/QRtspPlayerWidget.cpp.o] Error 1
gmake[2]: *** Waiting for unfinished jobs....
gmake[1]: *** [CMakeFiles/Makefile2:167: CMakeFiles/main_gui.dir/all] Error 2
gmake: *** [Makefile:146: all] Error 2
