[0.134s] Invoking command in '/home/chris/ros2_ws/src/rover/build/rover_security': CMAKE_PREFIX_PATH=${CMAKE_PREFIX_PATH}:/home/chris/ros2_ws/install/rover_sim:/home/chris/ros2_ws/install/panorama:/home/chris/ros2_ws/install/moveit_configs_utils:/opt/ros/humble /usr/bin/cmake /home/chris/ros2_ws/src/rover/rover_security -DCMAKE_INSTALL_PREFIX=/home/chris/ros2_ws/src/rover/install/rover_security
[0.298s] -- The C compiler identification is GNU 11.4.0
[0.383s] -- The CXX compiler identification is GNU 11.4.0
[0.395s] -- Detecting C compiler ABI info
[0.494s] -- Detecting C compiler ABI info - done
[0.513s] -- Check for working C compiler: /usr/bin/cc - skipped
[0.514s] -- Detecting C compile features
[0.515s] -- Detecting C compile features - done
[0.521s] -- Detecting CXX compiler ABI info
[0.675s] -- Detecting CXX compiler ABI info - done
[0.686s] -- Check for working CXX compiler: /usr/bin/c++ - skipped
[0.687s] -- Detecting CXX compile features
[0.687s] -- Detecting CXX compile features - done
[0.694s] -- Found ament_cmake: 1.3.6 (/opt/ros/humble/share/ament_cmake/cmake)
[0.966s] -- Found Python3: /usr/bin/python3.10 (found version "3.10.12") found components: Interpreter 
[1.137s] -- Found rclcpp: 16.0.7 (/opt/ros/humble/share/rclcpp/cmake)
[1.229s] -- Found rosidl_generator_c: 3.1.5 (/opt/ros/humble/share/rosidl_generator_c/cmake)
[1.241s] -- Found rosidl_adapter: 3.1.5 (/opt/ros/humble/share/rosidl_adapter/cmake)
[1.259s] -- Found rosidl_generator_cpp: 3.1.5 (/opt/ros/humble/share/rosidl_generator_cpp/cmake)
[1.285s] -- Using all available rosidl_typesupport_c: rosidl_typesupport_fastrtps_c;rosidl_typesupport_introspection_c
[1.325s] -- Using all available rosidl_typesupport_cpp: rosidl_typesupport_fastrtps_cpp;rosidl_typesupport_introspection_cpp
[1.452s] -- Found rmw_implementation_cmake: 6.1.1 (/opt/ros/humble/share/rmw_implementation_cmake/cmake)
[1.459s] -- Found rmw_fastrtps_cpp: 6.2.5 (/opt/ros/humble/share/rmw_fastrtps_cpp/cmake)
[1.621s] -- Found OpenSSL: /usr/lib/x86_64-linux-gnu/libcrypto.so (found version "3.0.2")  
[1.665s] -- Found FastRTPS: /opt/ros/humble/include  
[1.743s] -- Using RMW implementation 'rmw_fastrtps_cpp' as default
[1.766s] -- Looking for pthread.h
[1.871s] -- Looking for pthread.h - found
[1.872s] -- Performing Test CMAKE_HAVE_LIBC_PTHREAD
[1.976s] -- Performing Test CMAKE_HAVE_LIBC_PTHREAD - Success
[1.978s] -- Found Threads: TRUE  
[2.323s] -- Configuring done
[2.336s] -- Generating done
[2.338s] -- Build files have been written to: /home/chris/ros2_ws/src/rover/build/rover_security
[2.349s] Invoked command in '/home/chris/ros2_ws/src/rover/build/rover_security' returned '0': CMAKE_PREFIX_PATH=${CMAKE_PREFIX_PATH}:/home/chris/ros2_ws/install/rover_sim:/home/chris/ros2_ws/install/panorama:/home/chris/ros2_ws/install/moveit_configs_utils:/opt/ros/humble /usr/bin/cmake /home/chris/ros2_ws/src/rover/rover_security -DCMAKE_INSTALL_PREFIX=/home/chris/ros2_ws/src/rover/install/rover_security
[2.353s] Invoking command in '/home/chris/ros2_ws/src/rover/build/rover_security': CMAKE_PREFIX_PATH=${CMAKE_PREFIX_PATH}:/home/chris/ros2_ws/install/rover_sim:/home/chris/ros2_ws/install/panorama:/home/chris/ros2_ws/install/moveit_configs_utils:/opt/ros/humble /usr/bin/cmake --build /home/chris/ros2_ws/src/rover/build/rover_security -- -j12 -l12
[2.425s] [ 50%] [32mBuilding CXX object CMakeFiles/heartbeat.dir/src/heartbeat.cpp.o[0m
[5.182s] gmake[2]: *** [CMakeFiles/heartbeat.dir/build.make:76: CMakeFiles/heartbeat.dir/src/heartbeat.cpp.o] Interrupt
[5.188s] gmake[1]: *** [CMakeFiles/Makefile2:137: CMakeFiles/heartbeat.dir/all] Interrupt
[5.188s] gmake: *** [Makefile:146: all] Interrupt
[5.212s] Invoked command in '/home/chris/ros2_ws/src/rover/build/rover_security' returned '-2': CMAKE_PREFIX_PATH=${CMAKE_PREFIX_PATH}:/home/chris/ros2_ws/install/rover_sim:/home/chris/ros2_ws/install/panorama:/home/chris/ros2_ws/install/moveit_configs_utils:/opt/ros/humble /usr/bin/cmake --build /home/chris/ros2_ws/src/rover/build/rover_security -- -j12 -l12
