[0.007s] Invoking command in '/home/chris/ros2_ws/src/rover/rover_gui/build/rover_gui': CMAKE_PREFIX_PATH=${CMAKE_PREFIX_PATH}:/home/chris/ros2_ws/install/rover_sim:/opt/ros/humble /usr/bin/cmake --build /home/chris/ros2_ws/src/rover/rover_gui/build/rover_gui -- -j4 -l4
[0.060s] [  3%] [34m[1mGenerating UI files...[0m
[0.063s] [0;34m=== Generating UI files ... ===[0m
[0.081s] [0;32m[SUCCESS] Compiled /home/chris/ros2_ws/src/rover/rover_gui/ui/ui/Example.ui to /home/chris/ros2_ws/src/rover/rover_gui/ui/include/UI_Example.h[0m
[0.084s] [0;32m[SUCCESS] Compiled /home/chris/ros2_ws/src/rover/rover_gui/ui/ui/FileExplorer.ui to /home/chris/ros2_ws/src/rover/rover_gui/ui/include/UI_FileExplorer.h[0m
[0.087s] [0;32m[SUCCESS] Compiled /home/chris/ros2_ws/src/rover/rover_gui/ui/ui/MainPage.ui to /home/chris/ros2_ws/src/rover/rover_gui/ui/include/UI_MainPage.h[0m
[0.089s] [0;32m[SUCCESS] Compiled /home/chris/ros2_ws/src/rover/rover_gui/ui/ui/Notification.ui to /home/chris/ros2_ws/src/rover/rover_gui/ui/include/UI_Notification.h[0m
[0.092s] [0;32m[SUCCESS] Compiled /home/chris/ros2_ws/src/rover/rover_gui/ui/ui/Player.ui to /home/chris/ros2_ws/src/rover/rover_gui/ui/include/UI_Player.h[0m
[0.095s] [0;32m[SUCCESS] Compiled /home/chris/ros2_ws/src/rover/rover_gui/ui/ui/SideBar.ui to /home/chris/ros2_ws/src/rover/rover_gui/ui/include/UI_SideBar.h[0m
[0.099s] [  3%] Built target run_generate_ui
[0.107s] [  7%] [34m[1mAutomatic MOC for target main_gui[0m
[0.116s] AutoMoc warning
[0.116s] ---------------
[0.116s] "SRC:/src/gui.cpp"
[0.116s] includes the moc file "gui.moc", but does not contain a Q_OBJECT, Q_GADGET, Q_NAMESPACE or Q_NAMESPACE_EXPORT macro.
[0.116s] 
[1.685s] AutoMoc: /home/chris/ros2_ws/src/rover/rover_gui/src/gui.cpp:0:1: note: No relevant classes found. No output generated.
[1.691s] [  7%] Built target main_gui_autogen
[1.724s] [35m[1mConsolidate compiler generated dependencies of target main_gui[0m
[1.763s] [ 11%] [32mBuilding CXX object CMakeFiles/main_gui.dir/main_gui_autogen/mocs_compilation.cpp.o[0m
[1.764s] [ 14%] [32mBuilding CXX object CMakeFiles/main_gui.dir/src/gui.cpp.o[0m
[1.764s] [ 18%] [32mBuilding CXX object CMakeFiles/main_gui.dir/src/MainWindow.cpp.o[0m
[1.768s] [ 22%] [32mBuilding CXX object CMakeFiles/main_gui.dir/src/SecondaryWindow.cpp.o[0m
[3.958s] [ 25%] [32mBuilding CXX object CMakeFiles/main_gui.dir/src/QSshFileExplorer/QFileTransferWidget.cpp.o[0m
[6.122s] [ 29%] [32mBuilding CXX object CMakeFiles/main_gui.dir/src/QSshFileExplorer/QSshFileExplorerWidget.cpp.o[0m
[6.471s] [ 33%] [32mBuilding CXX object CMakeFiles/main_gui.dir/src/QSideBar/QSideBar.cpp.o[0m
[6.549s] [ 37%] [32mBuilding CXX object CMakeFiles/main_gui.dir/src/QDashboard/QDashboard.cpp.o[0m
[7.497s] [ 40%] [32mBuilding CXX object CMakeFiles/main_gui.dir/src/QDashboard/QExample.cpp.o[0m
[7.787s] [ 44%] [32mBuilding CXX object CMakeFiles/main_gui.dir/src/QRtspPlayer/QRtspPlayerWidget.cpp.o[0m
[12.275s] [ 48%] [32m[1mLinking CXX executable main_gui[0m
[13.208s] [100%] Built target main_gui
[13.217s] Invoked command in '/home/chris/ros2_ws/src/rover/rover_gui/build/rover_gui' returned '0': CMAKE_PREFIX_PATH=${CMAKE_PREFIX_PATH}:/home/chris/ros2_ws/install/rover_sim:/opt/ros/humble /usr/bin/cmake --build /home/chris/ros2_ws/src/rover/rover_gui/build/rover_gui -- -j4 -l4
[13.224s] Invoking command in '/home/chris/ros2_ws/src/rover/rover_gui/build/rover_gui': CMAKE_PREFIX_PATH=${CMAKE_PREFIX_PATH}:/home/chris/ros2_ws/install/rover_sim:/opt/ros/humble /usr/bin/cmake --install /home/chris/ros2_ws/src/rover/rover_gui/build/rover_gui
[13.228s] -- Install configuration: ""
[13.228s] -- Up-to-date: /home/chris/ros2_ws/src/rover/rover_gui/install/rover_gui/share/rover_gui//launch
[13.228s] -- Up-to-date: /home/chris/ros2_ws/src/rover/rover_gui/install/rover_gui/share/rover_gui//launch/gui.launch.py
[13.229s] -- Installing: /home/chris/ros2_ws/src/rover/rover_gui/install/rover_gui/lib/rover_gui/main_gui
[13.232s] -- Set runtime path of "/home/chris/ros2_ws/src/rover/rover_gui/install/rover_gui/lib/rover_gui/main_gui" to ""
[13.232s] -- Up-to-date: /home/chris/ros2_ws/src/rover/rover_gui/install/rover_gui/share/ament_index/resource_index/package_run_dependencies/rover_gui
[13.232s] -- Up-to-date: /home/chris/ros2_ws/src/rover/rover_gui/install/rover_gui/share/ament_index/resource_index/parent_prefix_path/rover_gui
[13.232s] -- Up-to-date: /home/chris/ros2_ws/src/rover/rover_gui/install/rover_gui/share/rover_gui/environment/ament_prefix_path.sh
[13.232s] -- Up-to-date: /home/chris/ros2_ws/src/rover/rover_gui/install/rover_gui/share/rover_gui/environment/ament_prefix_path.dsv
[13.232s] -- Up-to-date: /home/chris/ros2_ws/src/rover/rover_gui/install/rover_gui/share/rover_gui/environment/path.sh
[13.232s] -- Up-to-date: /home/chris/ros2_ws/src/rover/rover_gui/install/rover_gui/share/rover_gui/environment/path.dsv
[13.232s] -- Up-to-date: /home/chris/ros2_ws/src/rover/rover_gui/install/rover_gui/share/rover_gui/local_setup.bash
[13.232s] -- Up-to-date: /home/chris/ros2_ws/src/rover/rover_gui/install/rover_gui/share/rover_gui/local_setup.sh
[13.232s] -- Up-to-date: /home/chris/ros2_ws/src/rover/rover_gui/install/rover_gui/share/rover_gui/local_setup.zsh
[13.232s] -- Up-to-date: /home/chris/ros2_ws/src/rover/rover_gui/install/rover_gui/share/rover_gui/local_setup.dsv
[13.232s] -- Installing: /home/chris/ros2_ws/src/rover/rover_gui/install/rover_gui/share/rover_gui/package.dsv
[13.232s] -- Up-to-date: /home/chris/ros2_ws/src/rover/rover_gui/install/rover_gui/share/ament_index/resource_index/packages/rover_gui
[13.232s] -- Up-to-date: /home/chris/ros2_ws/src/rover/rover_gui/install/rover_gui/share/rover_gui/cmake/rover_guiConfig.cmake
[13.232s] -- Up-to-date: /home/chris/ros2_ws/src/rover/rover_gui/install/rover_gui/share/rover_gui/cmake/rover_guiConfig-version.cmake
[13.232s] -- Up-to-date: /home/chris/ros2_ws/src/rover/rover_gui/install/rover_gui/share/rover_gui/package.xml
[13.235s] Invoked command in '/home/chris/ros2_ws/src/rover/rover_gui/build/rover_gui' returned '0': CMAKE_PREFIX_PATH=${CMAKE_PREFIX_PATH}:/home/chris/ros2_ws/install/rover_sim:/opt/ros/humble /usr/bin/cmake --install /home/chris/ros2_ws/src/rover/rover_gui/build/rover_gui
