[0.048s] DEBUG:colcon:Command line arguments: ['/usr/bin/colcon', 'build', '--packages-select', 'rover_gui']
[0.048s] DEBUG:colcon:Parsed command line arguments: Namespace(log_base=None, log_level=None, verb_name='build', build_base='build', install_base='install', merge_install=False, symlink_install=False, test_result_base=None, continue_on_error=False, executor='parallel', parallel_workers=2, event_handlers=None, ignore_user_meta=False, metas=['./colcon.meta'], base_paths=['.'], packages_ignore=None, packages_ignore_regex=None, paths=None, packages_up_to=None, packages_up_to_regex=None, packages_above=None, packages_above_and_dependencies=None, packages_above_depth=None, packages_select_by_dep=None, packages_skip_by_dep=None, packages_skip_up_to=None, packages_select_build_failed=False, packages_skip_build_finished=False, packages_select_test_failures=False, packages_skip_test_passed=False, packages_select=['rover_gui'], packages_skip=None, packages_select_regex=None, packages_skip_regex=None, packages_start=None, packages_end=None, allow_overriding=[], cmake_args=None, cmake_target=None, cmake_target_skip_unavailable=False, cmake_clean_cache=False, cmake_clean_first=False, cmake_force_configure=False, ament_cmake_args=None, catkin_cmake_args=None, catkin_skip_building_tests=False, verb_parser=<colcon_defaults.argument_parser.defaults.DefaultArgumentsDecorator object at 0xef0d04a97160>, verb_extension=<colcon_core.verb.build.BuildVerb object at 0xef0d04ccc910>, main=<bound method BuildVerb.main of <colcon_core.verb.build.BuildVerb object at 0xef0d04ccc910>>)
[0.109s] Level 1:colcon.colcon_core.package_discovery:discover_packages(colcon_meta) check parameters
[0.109s] Level 1:colcon.colcon_core.package_discovery:discover_packages(recursive) check parameters
[0.109s] Level 1:colcon.colcon_core.package_discovery:discover_packages(ignore) check parameters
[0.109s] Level 1:colcon.colcon_core.package_discovery:discover_packages(path) check parameters
[0.109s] Level 1:colcon.colcon_core.package_discovery:discover_packages(colcon_meta) discover
[0.109s] Level 1:colcon.colcon_core.package_discovery:discover_packages(recursive) discover
[0.109s] INFO:colcon.colcon_core.package_discovery:Crawling recursively for packages in '/home/chris/ros2_ws/src/rover'
[0.109s] Level 1:colcon.colcon_core.package_identification:_identify(.) by extensions ['ignore', 'ignore_ament_install']
[0.109s] Level 1:colcon.colcon_core.package_identification:_identify(.) by extension 'ignore'
[0.109s] Level 1:colcon.colcon_core.package_identification:_identify(.) by extension 'ignore_ament_install'
[0.109s] Level 1:colcon.colcon_core.package_identification:_identify(.) by extensions ['colcon_pkg']
[0.109s] Level 1:colcon.colcon_core.package_identification:_identify(.) by extension 'colcon_pkg'
[0.109s] Level 1:colcon.colcon_core.package_identification:_identify(.) by extensions ['colcon_meta']
[0.109s] Level 1:colcon.colcon_core.package_identification:_identify(.) by extension 'colcon_meta'
[0.109s] Level 1:colcon.colcon_core.package_identification:_identify(.) by extensions ['ros']
[0.109s] Level 1:colcon.colcon_core.package_identification:_identify(.) by extension 'ros'
[0.114s] Level 1:colcon.colcon_core.package_identification:_identify(.) by extensions ['cmake', 'python']
[0.115s] Level 1:colcon.colcon_core.package_identification:_identify(.) by extension 'cmake'
[0.115s] Level 1:colcon.colcon_core.package_identification:_identify(.) by extension 'python'
[0.115s] Level 1:colcon.colcon_core.package_identification:_identify(.) by extensions ['python_setup_py']
[0.115s] Level 1:colcon.colcon_core.package_identification:_identify(.) by extension 'python_setup_py'
[0.115s] Level 1:colcon.colcon_core.package_identification:_identify(build) by extensions ['ignore', 'ignore_ament_install']
[0.115s] Level 1:colcon.colcon_core.package_identification:_identify(build) by extension 'ignore'
[0.115s] Level 1:colcon.colcon_core.package_identification:_identify(build) ignored
[0.115s] Level 1:colcon.colcon_core.package_identification:_identify(install) by extensions ['ignore', 'ignore_ament_install']
[0.115s] Level 1:colcon.colcon_core.package_identification:_identify(install) by extension 'ignore'
[0.115s] Level 1:colcon.colcon_core.package_identification:_identify(install) ignored
[0.115s] Level 1:colcon.colcon_core.package_identification:_identify(log) by extensions ['ignore', 'ignore_ament_install']
[0.115s] Level 1:colcon.colcon_core.package_identification:_identify(log) by extension 'ignore'
[0.115s] Level 1:colcon.colcon_core.package_identification:_identify(log) ignored
[0.115s] Level 1:colcon.colcon_core.package_identification:_identify(rover_antenna) by extensions ['ignore', 'ignore_ament_install']
[0.115s] Level 1:colcon.colcon_core.package_identification:_identify(rover_antenna) by extension 'ignore'
[0.115s] Level 1:colcon.colcon_core.package_identification:_identify(rover_antenna) by extension 'ignore_ament_install'
[0.115s] Level 1:colcon.colcon_core.package_identification:_identify(rover_antenna) by extensions ['colcon_pkg']
[0.115s] Level 1:colcon.colcon_core.package_identification:_identify(rover_antenna) by extension 'colcon_pkg'
[0.115s] Level 1:colcon.colcon_core.package_identification:_identify(rover_antenna) by extensions ['colcon_meta']
[0.115s] Level 1:colcon.colcon_core.package_identification:_identify(rover_antenna) by extension 'colcon_meta'
[0.115s] Level 1:colcon.colcon_core.package_identification:_identify(rover_antenna) by extensions ['ros']
[0.115s] Level 1:colcon.colcon_core.package_identification:_identify(rover_antenna) by extension 'ros'
[0.116s] DEBUG:colcon.colcon_core.package_identification:Package 'rover_antenna' with type 'ros.ament_cmake' and name 'rover_antenna'
[0.116s] Level 1:colcon.colcon_core.package_identification:_identify(rover_arm) by extensions ['ignore', 'ignore_ament_install']
[0.116s] Level 1:colcon.colcon_core.package_identification:_identify(rover_arm) by extension 'ignore'
[0.116s] Level 1:colcon.colcon_core.package_identification:_identify(rover_arm) by extension 'ignore_ament_install'
[0.116s] Level 1:colcon.colcon_core.package_identification:_identify(rover_arm) by extensions ['colcon_pkg']
[0.116s] Level 1:colcon.colcon_core.package_identification:_identify(rover_arm) by extension 'colcon_pkg'
[0.116s] Level 1:colcon.colcon_core.package_identification:_identify(rover_arm) by extensions ['colcon_meta']
[0.116s] Level 1:colcon.colcon_core.package_identification:_identify(rover_arm) by extension 'colcon_meta'
[0.116s] Level 1:colcon.colcon_core.package_identification:_identify(rover_arm) by extensions ['ros']
[0.116s] Level 1:colcon.colcon_core.package_identification:_identify(rover_arm) by extension 'ros'
[0.117s] DEBUG:colcon.colcon_core.package_identification:Package 'rover_arm' with type 'ros.ament_cmake' and name 'rover_arm'
[0.117s] Level 1:colcon.colcon_core.package_identification:_identify(rover_auxiliary) by extensions ['ignore', 'ignore_ament_install']
[0.117s] Level 1:colcon.colcon_core.package_identification:_identify(rover_auxiliary) by extension 'ignore'
[0.117s] Level 1:colcon.colcon_core.package_identification:_identify(rover_auxiliary) by extension 'ignore_ament_install'
[0.117s] Level 1:colcon.colcon_core.package_identification:_identify(rover_auxiliary) by extensions ['colcon_pkg']
[0.117s] Level 1:colcon.colcon_core.package_identification:_identify(rover_auxiliary) by extension 'colcon_pkg'
[0.117s] Level 1:colcon.colcon_core.package_identification:_identify(rover_auxiliary) by extensions ['colcon_meta']
[0.117s] Level 1:colcon.colcon_core.package_identification:_identify(rover_auxiliary) by extension 'colcon_meta'
[0.117s] Level 1:colcon.colcon_core.package_identification:_identify(rover_auxiliary) by extensions ['ros']
[0.117s] Level 1:colcon.colcon_core.package_identification:_identify(rover_auxiliary) by extension 'ros'
[0.117s] DEBUG:colcon.colcon_core.package_identification:Package 'rover_auxiliary' with type 'ros.ament_cmake' and name 'rover_auxiliary'
[0.117s] Level 1:colcon.colcon_core.package_identification:_identify(rover_can) by extensions ['ignore', 'ignore_ament_install']
[0.117s] Level 1:colcon.colcon_core.package_identification:_identify(rover_can) by extension 'ignore'
[0.117s] Level 1:colcon.colcon_core.package_identification:_identify(rover_can) by extension 'ignore_ament_install'
[0.117s] Level 1:colcon.colcon_core.package_identification:_identify(rover_can) by extensions ['colcon_pkg']
[0.117s] Level 1:colcon.colcon_core.package_identification:_identify(rover_can) by extension 'colcon_pkg'
[0.117s] Level 1:colcon.colcon_core.package_identification:_identify(rover_can) by extensions ['colcon_meta']
[0.117s] Level 1:colcon.colcon_core.package_identification:_identify(rover_can) by extension 'colcon_meta'
[0.117s] Level 1:colcon.colcon_core.package_identification:_identify(rover_can) by extensions ['ros']
[0.117s] Level 1:colcon.colcon_core.package_identification:_identify(rover_can) by extension 'ros'
[0.118s] DEBUG:colcon.colcon_core.package_identification:Package 'rover_can' with type 'ros.ament_cmake' and name 'rover_can'
[0.118s] Level 1:colcon.colcon_core.package_identification:_identify(rover_drive_train) by extensions ['ignore', 'ignore_ament_install']
[0.118s] Level 1:colcon.colcon_core.package_identification:_identify(rover_drive_train) by extension 'ignore'
[0.118s] Level 1:colcon.colcon_core.package_identification:_identify(rover_drive_train) by extension 'ignore_ament_install'
[0.118s] Level 1:colcon.colcon_core.package_identification:_identify(rover_drive_train) by extensions ['colcon_pkg']
[0.118s] Level 1:colcon.colcon_core.package_identification:_identify(rover_drive_train) by extension 'colcon_pkg'
[0.118s] Level 1:colcon.colcon_core.package_identification:_identify(rover_drive_train) by extensions ['colcon_meta']
[0.118s] Level 1:colcon.colcon_core.package_identification:_identify(rover_drive_train) by extension 'colcon_meta'
[0.118s] Level 1:colcon.colcon_core.package_identification:_identify(rover_drive_train) by extensions ['ros']
[0.118s] Level 1:colcon.colcon_core.package_identification:_identify(rover_drive_train) by extension 'ros'
[0.118s] DEBUG:colcon.colcon_core.package_identification:Package 'rover_drive_train' with type 'ros.ament_cmake' and name 'rover_drive_train'
[0.118s] Level 1:colcon.colcon_core.package_identification:_identify(rover_gui) by extensions ['ignore', 'ignore_ament_install']
[0.118s] Level 1:colcon.colcon_core.package_identification:_identify(rover_gui) by extension 'ignore'
[0.118s] Level 1:colcon.colcon_core.package_identification:_identify(rover_gui) by extension 'ignore_ament_install'
[0.118s] Level 1:colcon.colcon_core.package_identification:_identify(rover_gui) by extensions ['colcon_pkg']
[0.118s] Level 1:colcon.colcon_core.package_identification:_identify(rover_gui) by extension 'colcon_pkg'
[0.118s] Level 1:colcon.colcon_core.package_identification:_identify(rover_gui) by extensions ['colcon_meta']
[0.118s] Level 1:colcon.colcon_core.package_identification:_identify(rover_gui) by extension 'colcon_meta'
[0.118s] Level 1:colcon.colcon_core.package_identification:_identify(rover_gui) by extensions ['ros']
[0.118s] Level 1:colcon.colcon_core.package_identification:_identify(rover_gui) by extension 'ros'
[0.119s] DEBUG:colcon.colcon_core.package_identification:Package 'rover_gui' with type 'ros.ament_cmake' and name 'rover_gui'
[0.119s] Level 1:colcon.colcon_core.package_identification:_identify(rover_helper) by extensions ['ignore', 'ignore_ament_install']
[0.119s] Level 1:colcon.colcon_core.package_identification:_identify(rover_helper) by extension 'ignore'
[0.119s] Level 1:colcon.colcon_core.package_identification:_identify(rover_helper) by extension 'ignore_ament_install'
[0.119s] Level 1:colcon.colcon_core.package_identification:_identify(rover_helper) by extensions ['colcon_pkg']
[0.119s] Level 1:colcon.colcon_core.package_identification:_identify(rover_helper) by extension 'colcon_pkg'
[0.119s] Level 1:colcon.colcon_core.package_identification:_identify(rover_helper) by extensions ['colcon_meta']
[0.119s] Level 1:colcon.colcon_core.package_identification:_identify(rover_helper) by extension 'colcon_meta'
[0.119s] Level 1:colcon.colcon_core.package_identification:_identify(rover_helper) by extensions ['ros']
[0.119s] Level 1:colcon.colcon_core.package_identification:_identify(rover_helper) by extension 'ros'
[0.119s] Level 1:colcon.colcon_core.package_identification:_identify(rover_helper) by extensions ['cmake', 'python']
[0.119s] Level 1:colcon.colcon_core.package_identification:_identify(rover_helper) by extension 'cmake'
[0.119s] Level 1:colcon.colcon_core.package_identification:_identify(rover_helper) by extension 'python'
[0.119s] Level 1:colcon.colcon_core.package_identification:_identify(rover_helper) by extensions ['python_setup_py']
[0.119s] Level 1:colcon.colcon_core.package_identification:_identify(rover_helper) by extension 'python_setup_py'
[0.119s] Level 1:colcon.colcon_core.package_identification:_identify(rover_helper/src) by extensions ['ignore', 'ignore_ament_install']
[0.119s] Level 1:colcon.colcon_core.package_identification:_identify(rover_helper/src) by extension 'ignore'
[0.119s] Level 1:colcon.colcon_core.package_identification:_identify(rover_helper/src) by extension 'ignore_ament_install'
[0.119s] Level 1:colcon.colcon_core.package_identification:_identify(rover_helper/src) by extensions ['colcon_pkg']
[0.119s] Level 1:colcon.colcon_core.package_identification:_identify(rover_helper/src) by extension 'colcon_pkg'
[0.119s] Level 1:colcon.colcon_core.package_identification:_identify(rover_helper/src) by extensions ['colcon_meta']
[0.119s] Level 1:colcon.colcon_core.package_identification:_identify(rover_helper/src) by extension 'colcon_meta'
[0.119s] Level 1:colcon.colcon_core.package_identification:_identify(rover_helper/src) by extensions ['ros']
[0.119s] Level 1:colcon.colcon_core.package_identification:_identify(rover_helper/src) by extension 'ros'
[0.119s] Level 1:colcon.colcon_core.package_identification:_identify(rover_helper/src) by extensions ['cmake', 'python']
[0.119s] Level 1:colcon.colcon_core.package_identification:_identify(rover_helper/src) by extension 'cmake'
[0.119s] Level 1:colcon.colcon_core.package_identification:_identify(rover_helper/src) by extension 'python'
[0.119s] Level 1:colcon.colcon_core.package_identification:_identify(rover_helper/src) by extensions ['python_setup_py']
[0.119s] Level 1:colcon.colcon_core.package_identification:_identify(rover_helper/src) by extension 'python_setup_py'
[0.119s] Level 1:colcon.colcon_core.package_identification:_identify(rover_joy) by extensions ['ignore', 'ignore_ament_install']
[0.119s] Level 1:colcon.colcon_core.package_identification:_identify(rover_joy) by extension 'ignore'
[0.119s] Level 1:colcon.colcon_core.package_identification:_identify(rover_joy) by extension 'ignore_ament_install'
[0.119s] Level 1:colcon.colcon_core.package_identification:_identify(rover_joy) by extensions ['colcon_pkg']
[0.119s] Level 1:colcon.colcon_core.package_identification:_identify(rover_joy) by extension 'colcon_pkg'
[0.119s] Level 1:colcon.colcon_core.package_identification:_identify(rover_joy) by extensions ['colcon_meta']
[0.119s] Level 1:colcon.colcon_core.package_identification:_identify(rover_joy) by extension 'colcon_meta'
[0.119s] Level 1:colcon.colcon_core.package_identification:_identify(rover_joy) by extensions ['ros']
[0.119s] Level 1:colcon.colcon_core.package_identification:_identify(rover_joy) by extension 'ros'
[0.119s] DEBUG:colcon.colcon_core.package_identification:Package 'rover_joy' with type 'ros.ament_cmake' and name 'rover_joy'
[0.120s] Level 1:colcon.colcon_core.package_identification:_identify(rover_msgs) by extensions ['ignore', 'ignore_ament_install']
[0.120s] Level 1:colcon.colcon_core.package_identification:_identify(rover_msgs) by extension 'ignore'
[0.120s] Level 1:colcon.colcon_core.package_identification:_identify(rover_msgs) by extension 'ignore_ament_install'
[0.120s] Level 1:colcon.colcon_core.package_identification:_identify(rover_msgs) by extensions ['colcon_pkg']
[0.120s] Level 1:colcon.colcon_core.package_identification:_identify(rover_msgs) by extension 'colcon_pkg'
[0.120s] Level 1:colcon.colcon_core.package_identification:_identify(rover_msgs) by extensions ['colcon_meta']
[0.120s] Level 1:colcon.colcon_core.package_identification:_identify(rover_msgs) by extension 'colcon_meta'
[0.120s] Level 1:colcon.colcon_core.package_identification:_identify(rover_msgs) by extensions ['ros']
[0.120s] Level 1:colcon.colcon_core.package_identification:_identify(rover_msgs) by extension 'ros'
[0.120s] DEBUG:colcon.colcon_core.package_identification:Package 'rover_msgs' with type 'ros.ament_cmake' and name 'rover_msgs'
[0.120s] Level 1:colcon.colcon_core.package_identification:_identify(rover_security) by extensions ['ignore', 'ignore_ament_install']
[0.120s] Level 1:colcon.colcon_core.package_identification:_identify(rover_security) by extension 'ignore'
[0.120s] Level 1:colcon.colcon_core.package_identification:_identify(rover_security) by extension 'ignore_ament_install'
[0.120s] Level 1:colcon.colcon_core.package_identification:_identify(rover_security) by extensions ['colcon_pkg']
[0.120s] Level 1:colcon.colcon_core.package_identification:_identify(rover_security) by extension 'colcon_pkg'
[0.120s] Level 1:colcon.colcon_core.package_identification:_identify(rover_security) by extensions ['colcon_meta']
[0.120s] Level 1:colcon.colcon_core.package_identification:_identify(rover_security) by extension 'colcon_meta'
[0.120s] Level 1:colcon.colcon_core.package_identification:_identify(rover_security) by extensions ['ros']
[0.120s] Level 1:colcon.colcon_core.package_identification:_identify(rover_security) by extension 'ros'
[0.120s] DEBUG:colcon.colcon_core.package_identification:Package 'rover_security' with type 'ros.ament_cmake' and name 'rover_security'
[0.120s] Level 1:colcon.colcon_core.package_identification:_identify(rover_sim) by extensions ['ignore', 'ignore_ament_install']
[0.120s] Level 1:colcon.colcon_core.package_identification:_identify(rover_sim) by extension 'ignore'
[0.120s] Level 1:colcon.colcon_core.package_identification:_identify(rover_sim) by extension 'ignore_ament_install'
[0.120s] Level 1:colcon.colcon_core.package_identification:_identify(rover_sim) by extensions ['colcon_pkg']
[0.120s] Level 1:colcon.colcon_core.package_identification:_identify(rover_sim) by extension 'colcon_pkg'
[0.120s] Level 1:colcon.colcon_core.package_identification:_identify(rover_sim) by extensions ['colcon_meta']
[0.120s] Level 1:colcon.colcon_core.package_identification:_identify(rover_sim) by extension 'colcon_meta'
[0.120s] Level 1:colcon.colcon_core.package_identification:_identify(rover_sim) by extensions ['ros']
[0.120s] Level 1:colcon.colcon_core.package_identification:_identify(rover_sim) by extension 'ros'
[0.121s] DEBUG:colcon.colcon_core.package_identification:Package 'rover_sim' with type 'ros.ament_python' and name 'rover_sim'
[0.121s] Level 1:colcon.colcon_core.package_identification:_identify(scripts) by extensions ['ignore', 'ignore_ament_install']
[0.121s] Level 1:colcon.colcon_core.package_identification:_identify(scripts) by extension 'ignore'
[0.121s] Level 1:colcon.colcon_core.package_identification:_identify(scripts) by extension 'ignore_ament_install'
[0.121s] Level 1:colcon.colcon_core.package_identification:_identify(scripts) by extensions ['colcon_pkg']
[0.121s] Level 1:colcon.colcon_core.package_identification:_identify(scripts) by extension 'colcon_pkg'
[0.121s] Level 1:colcon.colcon_core.package_identification:_identify(scripts) by extensions ['colcon_meta']
[0.121s] Level 1:colcon.colcon_core.package_identification:_identify(scripts) by extension 'colcon_meta'
[0.121s] Level 1:colcon.colcon_core.package_identification:_identify(scripts) by extensions ['ros']
[0.121s] Level 1:colcon.colcon_core.package_identification:_identify(scripts) by extension 'ros'
[0.121s] Level 1:colcon.colcon_core.package_identification:_identify(scripts) by extensions ['cmake', 'python']
[0.121s] Level 1:colcon.colcon_core.package_identification:_identify(scripts) by extension 'cmake'
[0.121s] Level 1:colcon.colcon_core.package_identification:_identify(scripts) by extension 'python'
[0.121s] Level 1:colcon.colcon_core.package_identification:_identify(scripts) by extensions ['python_setup_py']
[0.121s] Level 1:colcon.colcon_core.package_identification:_identify(scripts) by extension 'python_setup_py'
[0.121s] Level 1:colcon.colcon_core.package_discovery:discover_packages(recursive) using defaults
[0.121s] Level 1:colcon.colcon_core.package_discovery:discover_packages(ignore) discover
[0.121s] Level 1:colcon.colcon_core.package_discovery:discover_packages(ignore) using defaults
[0.121s] Level 1:colcon.colcon_core.package_discovery:discover_packages(path) discover
[0.121s] Level 1:colcon.colcon_core.package_discovery:discover_packages(path) using defaults
[0.130s] INFO:colcon.colcon_core.package_selection:Skipping not selected package 'rover_msgs' in 'rover_msgs'
[0.130s] INFO:colcon.colcon_core.package_selection:Skipping not selected package 'rover_security' in 'rover_security'
[0.130s] INFO:colcon.colcon_core.package_selection:Skipping not selected package 'rover_antenna' in 'rover_antenna'
[0.130s] INFO:colcon.colcon_core.package_selection:Skipping not selected package 'rover_arm' in 'rover_arm'
[0.130s] INFO:colcon.colcon_core.package_selection:Skipping not selected package 'rover_auxiliary' in 'rover_auxiliary'
[0.130s] INFO:colcon.colcon_core.package_selection:Skipping not selected package 'rover_can' in 'rover_can'
[0.130s] INFO:colcon.colcon_core.package_selection:Skipping not selected package 'rover_drive_train' in 'rover_drive_train'
[0.130s] INFO:colcon.colcon_core.package_selection:Skipping not selected package 'rover_joy' in 'rover_joy'
[0.130s] INFO:colcon.colcon_core.package_selection:Skipping not selected package 'rover_sim' in 'rover_sim'
[0.131s] Level 1:colcon.colcon_core.package_discovery:discover_packages(prefix_path) check parameters
[0.131s] Level 1:colcon.colcon_core.package_discovery:discover_packages(prefix_path) discover
[0.132s] DEBUG:colcon.colcon_installed_package_information.package_discovery:Found 271 installed packages in /opt/ros/humble
[0.136s] Level 1:colcon.colcon_core.package_discovery:discover_packages(prefix_path) using defaults
[0.153s] Level 5:colcon.colcon_core.verb:set package 'rover_gui' build argument 'cmake_args' from command line to 'None'
[0.153s] Level 5:colcon.colcon_core.verb:set package 'rover_gui' build argument 'cmake_target' from command line to 'None'
[0.153s] Level 5:colcon.colcon_core.verb:set package 'rover_gui' build argument 'cmake_target_skip_unavailable' from command line to 'False'
[0.153s] Level 5:colcon.colcon_core.verb:set package 'rover_gui' build argument 'cmake_clean_cache' from command line to 'False'
[0.153s] Level 5:colcon.colcon_core.verb:set package 'rover_gui' build argument 'cmake_clean_first' from command line to 'False'
[0.153s] Level 5:colcon.colcon_core.verb:set package 'rover_gui' build argument 'cmake_force_configure' from command line to 'False'
[0.153s] Level 5:colcon.colcon_core.verb:set package 'rover_gui' build argument 'ament_cmake_args' from command line to 'None'
[0.153s] Level 5:colcon.colcon_core.verb:set package 'rover_gui' build argument 'catkin_cmake_args' from command line to 'None'
[0.153s] Level 5:colcon.colcon_core.verb:set package 'rover_gui' build argument 'catkin_skip_building_tests' from command line to 'False'
[0.153s] DEBUG:colcon.colcon_core.verb:Building package 'rover_gui' with the following arguments: {'ament_cmake_args': None, 'build_base': '/home/chris/ros2_ws/src/rover/build/rover_gui', 'catkin_cmake_args': None, 'catkin_skip_building_tests': False, 'cmake_args': None, 'cmake_clean_cache': False, 'cmake_clean_first': False, 'cmake_force_configure': False, 'cmake_target': None, 'cmake_target_skip_unavailable': False, 'install_base': '/home/chris/ros2_ws/src/rover/install/rover_gui', 'merge_install': False, 'path': '/home/chris/ros2_ws/src/rover/rover_gui', 'symlink_install': False, 'test_result_base': None}
[0.153s] INFO:colcon.colcon_core.executor:Executing jobs using 'parallel' executor
[0.154s] DEBUG:colcon.colcon_parallel_executor.executor.parallel:run_until_complete
[0.154s] INFO:colcon.colcon_ros.task.ament_cmake.build:Building ROS package in '/home/chris/ros2_ws/src/rover/rover_gui' with build type 'ament_cmake'
[0.154s] INFO:colcon.colcon_cmake.task.cmake.build:Building CMake package in '/home/chris/ros2_ws/src/rover/rover_gui'
[0.155s] INFO:colcon.colcon_core.plugin_system:Skipping extension 'colcon_core.shell.bat': Not used on non-Windows systems
[0.155s] INFO:colcon.colcon_core.shell:Skip shell extension 'powershell' for command environment: Not usable outside of PowerShell
[0.155s] DEBUG:colcon.colcon_core.shell:Skip shell extension 'dsv' for command environment
[0.160s] DEBUG:colcon.colcon_core.event_handler.log_command:Invoking command in '/home/chris/ros2_ws/src/rover/build/rover_gui': AMENT_PREFIX_PATH=/home/chris/ros2_ws/src/rover/install/rover_msgs:${AMENT_PREFIX_PATH} CMAKE_PREFIX_PATH=/home/chris/ros2_ws/src/rover/install/rover_msgs:/opt/ros/humble LD_LIBRARY_PATH=/home/chris/ros2_ws/src/rover/install/rover_msgs/lib:${LD_LIBRARY_PATH} PYTHONPATH=/home/chris/ros2_ws/src/rover/install/rover_msgs/local/lib/python3.10/dist-packages:${PYTHONPATH} /usr/bin/cmake /home/chris/ros2_ws/src/rover/rover_gui -DCMAKE_INSTALL_PREFIX=/home/chris/ros2_ws/src/rover/install/rover_gui
[0.607s] DEBUG:colcon.colcon_core.event_handler.log_command:Invoked command in '/home/chris/ros2_ws/src/rover/build/rover_gui' returned '1': AMENT_PREFIX_PATH=/home/chris/ros2_ws/src/rover/install/rover_msgs:${AMENT_PREFIX_PATH} CMAKE_PREFIX_PATH=/home/chris/ros2_ws/src/rover/install/rover_msgs:/opt/ros/humble LD_LIBRARY_PATH=/home/chris/ros2_ws/src/rover/install/rover_msgs/lib:${LD_LIBRARY_PATH} PYTHONPATH=/home/chris/ros2_ws/src/rover/install/rover_msgs/local/lib/python3.10/dist-packages:${PYTHONPATH} /usr/bin/cmake /home/chris/ros2_ws/src/rover/rover_gui -DCMAKE_INSTALL_PREFIX=/home/chris/ros2_ws/src/rover/install/rover_gui
[0.612s] Level 1:colcon.colcon_core.environment:create_environment_scripts_only(rover_gui)
[0.613s] Level 1:colcon.colcon_core.environment:checking '/home/chris/ros2_ws/src/rover/install/rover_gui' for CMake module files
[0.613s] Level 1:colcon.colcon_core.environment:checking '/home/chris/ros2_ws/src/rover/install/rover_gui' for CMake config files
[0.613s] Level 1:colcon.colcon_core.environment:checking '/home/chris/ros2_ws/src/rover/install/rover_gui/lib'
[0.613s] Level 1:colcon.colcon_core.environment:checking '/home/chris/ros2_ws/src/rover/install/rover_gui/bin'
[0.613s] Level 1:colcon.colcon_core.environment:checking '/home/chris/ros2_ws/src/rover/install/rover_gui/lib/pkgconfig/rover_gui.pc'
[0.614s] Level 1:colcon.colcon_core.environment:checking '/home/chris/ros2_ws/src/rover/install/rover_gui/lib/python3.10/site-packages'
[0.614s] Level 1:colcon.colcon_core.environment:checking '/home/chris/ros2_ws/src/rover/install/rover_gui/bin'
[0.614s] INFO:colcon.colcon_core.shell:Creating package script '/home/chris/ros2_ws/src/rover/install/rover_gui/share/rover_gui/package.ps1'
[0.614s] INFO:colcon.colcon_core.shell:Creating package descriptor '/home/chris/ros2_ws/src/rover/install/rover_gui/share/rover_gui/package.dsv'
[0.614s] INFO:colcon.colcon_core.shell:Creating package script '/home/chris/ros2_ws/src/rover/install/rover_gui/share/rover_gui/package.sh'
[0.615s] INFO:colcon.colcon_core.shell:Creating package script '/home/chris/ros2_ws/src/rover/install/rover_gui/share/rover_gui/package.bash'
[0.615s] INFO:colcon.colcon_core.shell:Creating package script '/home/chris/ros2_ws/src/rover/install/rover_gui/share/rover_gui/package.zsh'
[0.615s] Level 1:colcon.colcon_core.environment:create_file_with_runtime_dependencies(/home/chris/ros2_ws/src/rover/install/rover_gui/share/colcon-core/packages/rover_gui)
[0.626s] DEBUG:colcon.colcon_parallel_executor.executor.parallel:closing loop
[0.626s] DEBUG:colcon.colcon_parallel_executor.executor.parallel:loop closed
[0.626s] DEBUG:colcon.colcon_parallel_executor.executor.parallel:run_until_complete finished with '1'
[0.626s] DEBUG:colcon.colcon_core.event_reactor:joining thread
[0.628s] INFO:colcon.colcon_core.plugin_system:Skipping extension 'colcon_notification.desktop_notification.terminal_notifier': Not used on non-Darwin systems
[0.628s] INFO:colcon.colcon_core.plugin_system:Skipping extension 'colcon_notification.desktop_notification.win32': Not used on non-Windows systems
[0.628s] INFO:colcon.colcon_notification.desktop_notification:Sending desktop notification using 'notify2'
[0.634s] DEBUG:colcon.colcon_core.event_reactor:joined thread
[0.634s] INFO:colcon.colcon_core.shell:Creating prefix script '/home/chris/ros2_ws/src/rover/install/local_setup.ps1'
[0.634s] INFO:colcon.colcon_core.shell:Creating prefix util module '/home/chris/ros2_ws/src/rover/install/_local_setup_util_ps1.py'
[0.635s] INFO:colcon.colcon_core.shell:Creating prefix chain script '/home/chris/ros2_ws/src/rover/install/setup.ps1'
[0.635s] INFO:colcon.colcon_core.shell:Creating prefix script '/home/chris/ros2_ws/src/rover/install/local_setup.sh'
[0.635s] INFO:colcon.colcon_core.shell:Creating prefix util module '/home/chris/ros2_ws/src/rover/install/_local_setup_util_sh.py'
[0.636s] INFO:colcon.colcon_core.shell:Creating prefix chain script '/home/chris/ros2_ws/src/rover/install/setup.sh'
[0.636s] INFO:colcon.colcon_core.shell:Creating prefix script '/home/chris/ros2_ws/src/rover/install/local_setup.bash'
[0.636s] INFO:colcon.colcon_core.shell:Creating prefix chain script '/home/chris/ros2_ws/src/rover/install/setup.bash'
[0.637s] INFO:colcon.colcon_core.shell:Creating prefix script '/home/chris/ros2_ws/src/rover/install/local_setup.zsh'
[0.637s] INFO:colcon.colcon_core.shell:Creating prefix chain script '/home/chris/ros2_ws/src/rover/install/setup.zsh'
