[  6%] [34m[1mGenerating UI files...[0m
[0;34m=== Generating UI files ... ===[0m
[0;32m[SUCCESS] Compiled /home/chris/ros2_ws/src/rover/rover_gui/ui/ui/FileExplorer.ui to /home/chris/ros2_ws/src/rover/rover_gui/ui/include/UI_FileExplorer.h[0m
[0;32m[SUCCESS] Compiled /home/chris/ros2_ws/src/rover/rover_gui/ui/ui/Notification.ui to /home/chris/ros2_ws/src/rover/rover_gui/ui/include/UI_Notification.h[0m
[0;32m[SUCCESS] Compiled /home/chris/ros2_ws/src/rover/rover_gui/ui/ui/Player.ui to /home/chris/ros2_ws/src/rover/rover_gui/ui/include/UI_Player.h[0m
[  6%] Built target run_generate_ui
[ 13%] [34m[1mAutomatic MOC for target main_gui[0m
[ 13%] Built target main_gui_autogen
[35m[1mConsolidate compiler generated dependencies of target main_gui[0m
[ 20%] [32mBuilding CXX object CMakeFiles/main_gui.dir/src/main_gui.cpp.o[0m
[ 26%] [32mBuilding CXX object CMakeFiles/main_gui.dir/src/QSshFileExplorer/QFileTransferWidget.cpp.o[0m
[ 33%] [32mBuilding CXX object CMakeFiles/main_gui.dir/src/QRtspPlayer/QRtspPlayerWidget.cpp.o[0m
[ 40%] [32mBuilding CXX object CMakeFiles/main_gui.dir/src/QSshFileExplorer/QSshFileExplorerWidget.cpp.o[0m
[ 46%] [32m[1mLinking CXX executable main_gui[0m
/usr/bin/ld: CMakeFiles/main_gui.dir/src/QRtspPlayer/QRtspPlayerWidget.cpp.o: in function `RtspPlayerWidget::startStream(QString const&) [clone .localalias]':
QRtspPlayerWidget.cpp:(.text+0x53a): multiple definition of `RtspPlayerWidget::startStream(QString const&)'; CMakeFiles/main_gui.dir/main_gui_autogen/mocs_compilation.cpp.o:mocs_compilation.cpp:(.text+0x83c): first defined here
/usr/bin/ld: CMakeFiles/main_gui.dir/src/QRtspPlayer/QRtspPlayerWidget.cpp.o: in function `RtspPlayerWidget::stopStream() [clone .localalias]':
QRtspPlayerWidget.cpp:(.text+0x644): multiple definition of `RtspPlayerWidget::stopStream()'; CMakeFiles/main_gui.dir/main_gui_autogen/mocs_compilation.cpp.o:mocs_compilation.cpp:(.text+0x8b6): first defined here
/usr/bin/ld: CMakeFiles/main_gui.dir/main_gui_autogen/mocs_compilation.cpp.o: in function `RtspPlayerWidget::qt_static_metacall(QObject*, QMetaObject::Call, int, void**)':
mocs_compilation.cpp:(.text+0x5d9): undefined reference to `RtspPlayerWidget::onPipelineStarted()'
/usr/bin/ld: mocs_compilation.cpp:(.text+0x5f8): undefined reference to `RtspPlayerWidget::onErrorOccurred(QString const&)'
/usr/bin/ld: CMakeFiles/main_gui.dir/src/QRtspPlayer/QRtspPlayerWidget.cpp.o: in function `RtspPlayerWidget::RtspPlayerWidget(QWidget*)':
QRtspPlayerWidget.cpp:(.text+0x26b): undefined reference to `RtspPlayerWidget::onPipelineStarted()'
/usr/bin/ld: QRtspPlayerWidget.cpp:(.text+0x2e8): undefined reference to `RtspPlayerWidget::onErrorOccurred(QString const&)'
collect2: error: ld returned 1 exit status
gmake[2]: *** [CMakeFiles/main_gui.dir/build.make:334: main_gui] Error 1
gmake[1]: *** [CMakeFiles/Makefile2:167: CMakeFiles/main_gui.dir/all] Error 2
gmake: *** [Makefile:146: all] Error 2
