[0.122s] Invoking command in '/home/chris/ros2_ws/src/rover/build/rover_gui': CMAKE_PREFIX_PATH=${CMAKE_PREFIX_PATH}:/home/chris/ros2_ws/install/rover_sim:/home/chris/ros2_ws/install/panorama:/home/chris/ros2_ws/install/moveit_configs_utils:/opt/ros/humble /usr/bin/cmake --build /home/chris/ros2_ws/src/rover/build/rover_gui -- -j12 -l12
[0.204s] [  6%] [34m[1mGenerating UI files...[0m
[0.211s] [0;34m=== Generating UI files ... ===[0m
[0.224s] [0;32m[SUCCESS] Compiled /home/chris/ros2_ws/src/rover/rover_gui/ui/ui/FileExplorer.ui to /home/chris/ros2_ws/src/rover/rover_gui/ui/include/UI_FileExplorer.h[0m
[0.235s] [0;32m[SUCCESS] Compiled /home/chris/ros2_ws/src/rover/rover_gui/ui/ui/Notification.ui to /home/chris/ros2_ws/src/rover/rover_gui/ui/include/UI_Notification.h[0m
[0.246s] [0;32m[SUCCESS] Compiled /home/chris/ros2_ws/src/rover/rover_gui/ui/ui/Player.ui to /home/chris/ros2_ws/src/rover/rover_gui/ui/include/UI_Player.h[0m
[0.260s] [  6%] Built target run_generate_ui
[0.289s] [ 13%] [34m[1mAutomatic MOC for target main_gui[0m
[0.321s] [ 13%] Built target main_gui_autogen
[0.349s] [35m[1mConsolidate compiler generated dependencies of target main_gui[0m
[0.405s] [ 20%] [32mBuilding CXX object CMakeFiles/main_gui.dir/src/main_gui.cpp.o[0m
[0.408s] [ 26%] [32mBuilding CXX object CMakeFiles/main_gui.dir/src/QSshFileExplorer/QFileTransferWidget.cpp.o[0m
[0.408s] [ 33%] [32mBuilding CXX object CMakeFiles/main_gui.dir/src/QRtspPlayer/QRtspPlayerWidget.cpp.o[0m
[0.409s] [ 40%] [32mBuilding CXX object CMakeFiles/main_gui.dir/src/QSshFileExplorer/QSshFileExplorerWidget.cpp.o[0m
[8.903s] [ 46%] [32m[1mLinking CXX executable main_gui[0m
[8.929s] /usr/bin/ld: CMakeFiles/main_gui.dir/src/QRtspPlayer/QRtspPlayerWidget.cpp.o: in function `RtspPlayerWidget::startStream(QString const&) [clone .localalias]':
[8.930s] QRtspPlayerWidget.cpp:(.text+0x53a): multiple definition of `RtspPlayerWidget::startStream(QString const&)'; CMakeFiles/main_gui.dir/main_gui_autogen/mocs_compilation.cpp.o:mocs_compilation.cpp:(.text+0x83c): first defined here
[8.930s] /usr/bin/ld: CMakeFiles/main_gui.dir/src/QRtspPlayer/QRtspPlayerWidget.cpp.o: in function `RtspPlayerWidget::stopStream() [clone .localalias]':
[8.930s] QRtspPlayerWidget.cpp:(.text+0x644): multiple definition of `RtspPlayerWidget::stopStream()'; CMakeFiles/main_gui.dir/main_gui_autogen/mocs_compilation.cpp.o:mocs_compilation.cpp:(.text+0x8b6): first defined here
[10.632s] /usr/bin/ld: CMakeFiles/main_gui.dir/main_gui_autogen/mocs_compilation.cpp.o: in function `RtspPlayerWidget::qt_static_metacall(QObject*, QMetaObject::Call, int, void**)':
[10.632s] mocs_compilation.cpp:(.text+0x5d9): undefined reference to `RtspPlayerWidget::onPipelineStarted()'
[10.632s] /usr/bin/ld: mocs_compilation.cpp:(.text+0x5f8): undefined reference to `RtspPlayerWidget::onErrorOccurred(QString const&)'
[10.637s] /usr/bin/ld: CMakeFiles/main_gui.dir/src/QRtspPlayer/QRtspPlayerWidget.cpp.o: in function `RtspPlayerWidget::RtspPlayerWidget(QWidget*)':
[10.638s] QRtspPlayerWidget.cpp:(.text+0x26b): undefined reference to `RtspPlayerWidget::onPipelineStarted()'
[10.638s] /usr/bin/ld: QRtspPlayerWidget.cpp:(.text+0x2e8): undefined reference to `RtspPlayerWidget::onErrorOccurred(QString const&)'
[10.676s] collect2: error: ld returned 1 exit status
[10.678s] gmake[2]: *** [CMakeFiles/main_gui.dir/build.make:334: main_gui] Error 1
[10.678s] gmake[1]: *** [CMakeFiles/Makefile2:167: CMakeFiles/main_gui.dir/all] Error 2
[10.678s] gmake: *** [Makefile:146: all] Error 2
[10.682s] Invoked command in '/home/chris/ros2_ws/src/rover/build/rover_gui' returned '2': CMAKE_PREFIX_PATH=${CMAKE_PREFIX_PATH}:/home/chris/ros2_ws/install/rover_sim:/home/chris/ros2_ws/install/panorama:/home/chris/ros2_ws/install/moveit_configs_utils:/opt/ros/humble /usr/bin/cmake --build /home/chris/ros2_ws/src/rover/build/rover_gui -- -j12 -l12
