[ 50%] [32mBuilding CXX object CMakeFiles/heartbeat.dir/src/heartbeat.cpp.o[0m
[100%] [32m[1mLinking CXX executable heartbeat[0m
[100%] Built target heartbeat
-- Install configuration: ""
-- Installing: /home/chris/ros2_ws/src/rover/install/rover_security/share/rover_security//launch
-- Installing: /home/chris/ros2_ws/src/rover/install/rover_security/share/rover_security//launch/security_base.launch.py
-- Installing: /home/chris/ros2_ws/src/rover/install/rover_security/share/rover_security//launch/security_rover.launch.py
-- Installing: /home/chris/ros2_ws/src/rover/install/rover_security/share/rover_security//launch/security.launch.py
-- Installing: /home/chris/ros2_ws/src/rover/install/rover_security/lib/rover_security/heartbeat
-- Set runtime path of "/home/chris/ros2_ws/src/rover/install/rover_security/lib/rover_security/heartbeat" to ""
-- Installing: /home/chris/ros2_ws/src/rover/install/rover_security/share/ament_index/resource_index/package_run_dependencies/rover_security
-- Installing: /home/chris/ros2_ws/src/rover/install/rover_security/share/ament_index/resource_index/parent_prefix_path/rover_security
-- Installing: /home/chris/ros2_ws/src/rover/install/rover_security/share/rover_security/environment/ament_prefix_path.sh
-- Installing: /home/chris/ros2_ws/src/rover/install/rover_security/share/rover_security/environment/ament_prefix_path.dsv
-- Installing: /home/chris/ros2_ws/src/rover/install/rover_security/share/rover_security/environment/path.sh
-- Installing: /home/chris/ros2_ws/src/rover/install/rover_security/share/rover_security/environment/path.dsv
-- Installing: /home/chris/ros2_ws/src/rover/install/rover_security/share/rover_security/local_setup.bash
-- Installing: /home/chris/ros2_ws/src/rover/install/rover_security/share/rover_security/local_setup.sh
-- Installing: /home/chris/ros2_ws/src/rover/install/rover_security/share/rover_security/local_setup.zsh
-- Installing: /home/chris/ros2_ws/src/rover/install/rover_security/share/rover_security/local_setup.dsv
-- Installing: /home/chris/ros2_ws/src/rover/install/rover_security/share/rover_security/package.dsv
-- Installing: /home/chris/ros2_ws/src/rover/install/rover_security/share/ament_index/resource_index/packages/rover_security
-- Installing: /home/chris/ros2_ws/src/rover/install/rover_security/share/rover_security/cmake/rover_securityConfig.cmake
-- Installing: /home/chris/ros2_ws/src/rover/install/rover_security/share/rover_security/cmake/rover_securityConfig-version.cmake
-- Installing: /home/chris/ros2_ws/src/rover/install/rover_security/share/rover_security/package.xml
