[0.582s] Invoking command in '/home/chris/ros2_ws/src/rover/build/rover_drive_train': AMENT_PREFIX_PATH=/home/chris/ros2_ws/src/rover/install/rover_msgs:${AMENT_PREFIX_PATH} CMAKE_PREFIX_PATH=/home/chris/ros2_ws/src/rover/install/rover_msgs:/home/chris/ros2_ws/install/rover_security:/home/chris/ros2_ws/install/rover_gui:/home/chris/ros2_ws/install/rover_can:/home/chris/ros2_ws/install/rover_auxiliary:/home/chris/ros2_ws/install/rover_antenna:/home/chris/ros2_ws/install/rover_msgs:/home/chris/ros2_ws/install/moveit_visual_tools:/home/chris/ros2_ws/install/moveit_resources_prbt_support:/home/chris/ros2_ws/install/moveit_controller:/home/chris/ros2_ws/install/fanuc_crx_simulation:/home/chris/ros2_ws/install/moveit_common:/home/chris/ros2_ws/install/micro_ros_setup:/home/chris/ros2_ws/install/micro_ros_agent:/home/chris/ros2_ws/install/micro_ros_msgs:/home/chris/ros2_ws/install/rover_sim:/home/chris/ros2_ws/install/panorama:/home/chris/ros2_ws/install/moveit_configs_utils:/opt/ros/humble LD_LIBRARY_PATH=/home/chris/ros2_ws/src/rover/install/rover_msgs/lib:${LD_LIBRARY_PATH} PYTHONPATH=/home/chris/ros2_ws/src/rover/install/rover_msgs/local/lib/python3.10/dist-packages:${PYTHONPATH} /usr/bin/cmake /home/chris/ros2_ws/src/rover/rover_drive_train -DCMAKE_INSTALL_PREFIX=/home/chris/ros2_ws/src/rover/install/rover_drive_train
[0.699s] -- The C compiler identification is GNU 11.4.0
[0.840s] -- The CXX compiler identification is GNU 11.4.0
[0.857s] -- Detecting C compiler ABI info
[1.034s] -- Detecting C compiler ABI info - done
[1.054s] -- Check for working C compiler: /usr/bin/cc - skipped
[1.056s] -- Detecting C compile features
[1.056s] -- Detecting C compile features - done
[1.062s] -- Detecting CXX compiler ABI info
[1.281s] -- Detecting CXX compiler ABI info - done
[1.353s] -- Check for working CXX compiler: /usr/bin/c++ - skipped
[1.353s] -- Detecting CXX compile features
[1.354s] -- Detecting CXX compile features - done
[1.369s] -- Found ament_cmake: 1.3.6 (/opt/ros/humble/share/ament_cmake/cmake)
[1.944s] -- Found Python3: /usr/bin/python3.10 (found version "3.10.12") found components: Interpreter 
[2.357s] -- Found rclcpp: 16.0.7 (/opt/ros/humble/share/rclcpp/cmake)
[2.548s] -- Found rosidl_generator_c: 3.1.5 (/opt/ros/humble/share/rosidl_generator_c/cmake)
[2.573s] -- Found rosidl_adapter: 3.1.5 (/opt/ros/humble/share/rosidl_adapter/cmake)
[2.609s] -- Found rosidl_generator_cpp: 3.1.5 (/opt/ros/humble/share/rosidl_generator_cpp/cmake)
[2.673s] -- Using all available rosidl_typesupport_c: rosidl_typesupport_fastrtps_c;rosidl_typesupport_introspection_c
[2.747s] -- Using all available rosidl_typesupport_cpp: rosidl_typesupport_fastrtps_cpp;rosidl_typesupport_introspection_cpp
[3.168s] -- Found rmw_implementation_cmake: 6.1.1 (/opt/ros/humble/share/rmw_implementation_cmake/cmake)
[3.199s] -- Found rmw_fastrtps_cpp: 6.2.5 (/opt/ros/humble/share/rmw_fastrtps_cpp/cmake)
[3.648s] -- Found OpenSSL: /usr/lib/x86_64-linux-gnu/libcrypto.so (found version "3.0.2")  
[3.756s] -- Found FastRTPS: /opt/ros/humble/include  
[3.934s] -- Using RMW implementation 'rmw_fastrtps_cpp' as default
[4.006s] -- Looking for pthread.h
[4.372s] -- Looking for pthread.h - found
[4.374s] -- Performing Test CMAKE_HAVE_LIBC_PTHREAD
[4.737s] -- Performing Test CMAKE_HAVE_LIBC_PTHREAD - Success
[4.740s] -- Found Threads: TRUE  
[5.366s] -- Found joy: 3.3.0 (/opt/ros/humble/share/joy/cmake)
[6.063s] -- Found rover_msgs: 0.0.0 (/home/chris/ros2_ws/src/rover/install/rover_msgs/share/rover_msgs/cmake)
[6.388s] -- Configuring done
[6.431s] -- Generating done
[6.434s] -- Build files have been written to: /home/chris/ros2_ws/src/rover/build/rover_drive_train
[6.467s] Invoked command in '/home/chris/ros2_ws/src/rover/build/rover_drive_train' returned '0': AMENT_PREFIX_PATH=/home/chris/ros2_ws/src/rover/install/rover_msgs:${AMENT_PREFIX_PATH} CMAKE_PREFIX_PATH=/home/chris/ros2_ws/src/rover/install/rover_msgs:/home/chris/ros2_ws/install/rover_security:/home/chris/ros2_ws/install/rover_gui:/home/chris/ros2_ws/install/rover_can:/home/chris/ros2_ws/install/rover_auxiliary:/home/chris/ros2_ws/install/rover_antenna:/home/chris/ros2_ws/install/rover_msgs:/home/chris/ros2_ws/install/moveit_visual_tools:/home/chris/ros2_ws/install/moveit_resources_prbt_support:/home/chris/ros2_ws/install/moveit_controller:/home/chris/ros2_ws/install/fanuc_crx_simulation:/home/chris/ros2_ws/install/moveit_common:/home/chris/ros2_ws/install/micro_ros_setup:/home/chris/ros2_ws/install/micro_ros_agent:/home/chris/ros2_ws/install/micro_ros_msgs:/home/chris/ros2_ws/install/rover_sim:/home/chris/ros2_ws/install/panorama:/home/chris/ros2_ws/install/moveit_configs_utils:/opt/ros/humble LD_LIBRARY_PATH=/home/chris/ros2_ws/src/rover/install/rover_msgs/lib:${LD_LIBRARY_PATH} PYTHONPATH=/home/chris/ros2_ws/src/rover/install/rover_msgs/local/lib/python3.10/dist-packages:${PYTHONPATH} /usr/bin/cmake /home/chris/ros2_ws/src/rover/rover_drive_train -DCMAKE_INSTALL_PREFIX=/home/chris/ros2_ws/src/rover/install/rover_drive_train
[6.474s] Invoking command in '/home/chris/ros2_ws/src/rover/build/rover_drive_train': AMENT_PREFIX_PATH=/home/chris/ros2_ws/src/rover/install/rover_msgs:${AMENT_PREFIX_PATH} CMAKE_PREFIX_PATH=/home/chris/ros2_ws/src/rover/install/rover_msgs:/home/chris/ros2_ws/install/rover_security:/home/chris/ros2_ws/install/rover_gui:/home/chris/ros2_ws/install/rover_can:/home/chris/ros2_ws/install/rover_auxiliary:/home/chris/ros2_ws/install/rover_antenna:/home/chris/ros2_ws/install/rover_msgs:/home/chris/ros2_ws/install/moveit_visual_tools:/home/chris/ros2_ws/install/moveit_resources_prbt_support:/home/chris/ros2_ws/install/moveit_controller:/home/chris/ros2_ws/install/fanuc_crx_simulation:/home/chris/ros2_ws/install/moveit_common:/home/chris/ros2_ws/install/micro_ros_setup:/home/chris/ros2_ws/install/micro_ros_agent:/home/chris/ros2_ws/install/micro_ros_msgs:/home/chris/ros2_ws/install/rover_sim:/home/chris/ros2_ws/install/panorama:/home/chris/ros2_ws/install/moveit_configs_utils:/opt/ros/humble LD_LIBRARY_PATH=/home/chris/ros2_ws/src/rover/install/rover_msgs/lib:${LD_LIBRARY_PATH} PYTHONPATH=/home/chris/ros2_ws/src/rover/install/rover_msgs/local/lib/python3.10/dist-packages:${PYTHONPATH} /usr/bin/cmake --build /home/chris/ros2_ws/src/rover/build/rover_drive_train -- -j12 -l12
[6.768s] [ 25%] [32mBuilding CXX object CMakeFiles/arbitration.dir/src/arbitration.cpp.o[0m
[6.772s] [ 50%] [32mBuilding CXX object CMakeFiles/teleop.dir/src/teleop.cpp.o[0m
[32.348s] [ 75%] [32m[1mLinking CXX executable teleop[0m
[33.694s] [ 75%] Built target teleop
[39.061s] [100%] [32m[1mLinking CXX executable arbitration[0m
[39.878s] [100%] Built target arbitration
