[0.152s] Invoking command in '/home/chris/ros2_ws/src/rover/build/rover_gui': CMAKE_PREFIX_PATH=${CMAKE_PREFIX_PATH}:/home/chris/ros2_ws/install/rover_sim:/home/chris/ros2_ws/install/panorama:/home/chris/ros2_ws/install/moveit_configs_utils:/opt/ros/humble /usr/bin/cmake --build /home/chris/ros2_ws/src/rover/build/rover_gui -- -j12 -l12
[0.227s] [  6%] [34m[1mGenerating UI files...[0m
[0.233s] [0;34m=== Generating UI files ... ===[0m
[0.246s] [0;32m[SUCCESS] Compiled /home/chris/ros2_ws/src/rover/rover_gui/ui/ui/FileExplorer.ui to /home/chris/ros2_ws/src/rover/rover_gui/ui/include/UI_FileExplorer.h[0m
[0.256s] [0;32m[SUCCESS] Compiled /home/chris/ros2_ws/src/rover/rover_gui/ui/ui/Notification.ui to /home/chris/ros2_ws/src/rover/rover_gui/ui/include/UI_Notification.h[0m
[0.266s] [0;32m[SUCCESS] Compiled /home/chris/ros2_ws/src/rover/rover_gui/ui/ui/Player.ui to /home/chris/ros2_ws/src/rover/rover_gui/ui/include/UI_Player.h[0m
[0.277s] [  6%] Built target run_generate_ui
[0.306s] [ 13%] [34m[1mAutomatic MOC for target main_gui[0m
[0.726s] [ 13%] Built target main_gui_autogen
[0.762s] [35m[1mConsolidate compiler generated dependencies of target main_gui[0m
[0.832s] [ 26%] [32mBuilding CXX object CMakeFiles/main_gui.dir/src/main_gui.cpp.o[0m
[0.833s] [ 26%] [32mBuilding CXX object CMakeFiles/main_gui.dir/main_gui_autogen/mocs_compilation.cpp.o[0m
[0.834s] [ 33%] [32mBuilding CXX object CMakeFiles/main_gui.dir/src/QSshFileExplorer/QFileTransferWidget.cpp.o[0m
[0.837s] [ 40%] [32mBuilding CXX object CMakeFiles/main_gui.dir/src/QSshFileExplorer/QSshFileExplorerWidget.cpp.o[0m
[0.842s] [ 46%] [32mBuilding CXX object CMakeFiles/main_gui.dir/src/QRtspPlayer/QRtspPlayerWidget.cpp.o[0m
[4.945s] In file included from [01m[K/home/chris/ros2_ws/src/rover/rover_gui/src/QRtspPlayer/QRtspPlayerWidget.cpp:1[m[K:
[4.945s] [01m[K/home/chris/ros2_ws/src/rover/rover_gui/src/QRtspPlayer/QRtspPlayerWidget.hpp:30:10:[m[K [01;31m[Kerror: [m[K‘[01m[Kvoid RtspPlayerWidget::stopStream()[m[K’ cannot be overloaded with ‘[01m[Kvoid RtspPlayerWidget::stopStream()[m[K’
[4.945s]    30 |     void [01;31m[KstopStream[m[K();
[4.946s]       |          [01;31m[K^~~~~~~~~~[m[K
[4.946s] [01m[K/home/chris/ros2_ws/src/rover/rover_gui/src/QRtspPlayer/QRtspPlayerWidget.hpp:22:10:[m[K [01;36m[Knote: [m[Kprevious declaration ‘[01m[Kvoid RtspPlayerWidget::stopStream()[m[K’
[4.946s]    22 |     void [01;36m[KstopStream[m[K();
[4.946s]       |          [01;36m[K^~~~~~~~~~[m[K
[4.990s] [01m[K/home/chris/ros2_ws/src/rover/rover_gui/src/QRtspPlayer/QRtspPlayerWidget.cpp:[m[K In constructor ‘[01m[KRtspPlayerWidget::RtspPlayerWidget(QWidget*)[m[K’:
[4.991s] [01m[K/home/chris/ros2_ws/src/rover/rover_gui/src/QRtspPlayer/QRtspPlayerWidget.cpp:16:12:[m[K [01;31m[Kerror: [m[Kno matching function for call to ‘[01m[KRtspPlayerWidget::connect(RtspPlayerWidget*, <unresolved overloaded function type>, GStreamerWorker*&, void (GStreamerWorker::*)(const QString&))[m[K’
[4.991s]    16 |     [01;31m[Kconnect(this, &RtspPlayerWidget::startStream, gstreamerWorker, &GStreamerWorker::startPipeline)[m[K;
[4.991s]       |     [01;31m[K~~~~~~~^~~~~~~~~~~~~~~~~~~~~~~~~~~~~~~~~~~~~~~~~~~~~~~~~~~~~~~~~~~~~~~~~~~~~~~~~~~~~~~~~~~~~~~~[m[K
[4.991s] In file included from [01m[K/usr/include/x86_64-linux-gnu/qt6/QtWidgets/qwidget.h:45[m[K,
[4.991s]                  from [01m[K/usr/include/x86_64-linux-gnu/qt6/QtWidgets/QWidget:1[m[K,
[4.991s]                  from [01m[K/home/chris/ros2_ws/src/rover/rover_gui/src/QRtspPlayer/QRtspPlayerWidget.hpp:4[m[K,
[4.992s]                  from [01m[K/home/chris/ros2_ws/src/rover/rover_gui/src/QRtspPlayer/QRtspPlayerWidget.cpp:1[m[K:
[4.992s] [01m[K/usr/include/x86_64-linux-gnu/qt6/QtCore/qobject.h:217:43:[m[K [01;36m[Knote: [m[Kcandidate: ‘[01m[Ktemplate<class Func1, class Func2> static QMetaObject::Connection QObject::connect(const typename QtPrivate::FunctionPointer<Func>::Object*, Func1, const typename QtPrivate::FunctionPointer<Func2>::Object*, Func2, Qt::ConnectionType)[m[K’
[4.992s]   217 |     static inline QMetaObject::Connection [01;36m[Kconnect[m[K(const typename QtPrivate::FunctionPointer<Func1>::Object *sender, Func1 signal,
[4.992s]       |                                           [01;36m[K^~~~~~~[m[K
[4.992s] [01m[K/usr/include/x86_64-linux-gnu/qt6/QtCore/qobject.h:217:43:[m[K [01;36m[Knote: [m[K  template argument deduction/substitution failed:
[4.992s] [01m[K/home/chris/ros2_ws/src/rover/rover_gui/src/QRtspPlayer/QRtspPlayerWidget.cpp:16:12:[m[K [01;36m[Knote: [m[K  couldn’t deduce template parameter ‘[01m[KFunc1[m[K’
[4.992s]    16 |     [01;36m[Kconnect(this, &RtspPlayerWidget::startStream, gstreamerWorker, &GStreamerWorker::startPipeline)[m[K;
[4.993s]       |     [01;36m[K~~~~~~~^~~~~~~~~~~~~~~~~~~~~~~~~~~~~~~~~~~~~~~~~~~~~~~~~~~~~~~~~~~~~~~~~~~~~~~~~~~~~~~~~~~~~~~~[m[K
[4.993s] In file included from [01m[K/usr/include/x86_64-linux-gnu/qt6/QtWidgets/qwidget.h:45[m[K,
[4.993s]                  from [01m[K/usr/include/x86_64-linux-gnu/qt6/QtWidgets/QWidget:1[m[K,
[4.993s]                  from [01m[K/home/chris/ros2_ws/src/rover/rover_gui/src/QRtspPlayer/QRtspPlayerWidget.hpp:4[m[K,
[4.993s]                  from [01m[K/home/chris/ros2_ws/src/rover/rover_gui/src/QRtspPlayer/QRtspPlayerWidget.cpp:1[m[K:
[4.993s] [01m[K/usr/include/x86_64-linux-gnu/qt6/QtCore/qobject.h:249:13:[m[K [01;36m[Knote: [m[Kcandidate: ‘[01m[Ktemplate<class Func1, class Func2> static typename std::enable_if<((int)(QtPrivate::FunctionPointer<Func2>::ArgumentCount) >= 0), QMetaObject::Connection>::type QObject::connect(const typename QtPrivate::FunctionPointer<Func>::Object*, Func1, Func2)[m[K’
[4.993s]   249 |             [01;36m[Kconnect[m[K(const typename QtPrivate::FunctionPointer<Func1>::Object *sender, Func1 signal, Func2 slot)
[4.998s]       |             [01;36m[K^~~~~~~[m[K
[4.998s] [01m[K/usr/include/x86_64-linux-gnu/qt6/QtCore/qobject.h:249:13:[m[K [01;36m[Knote: [m[K  template argument deduction/substitution failed:
[4.998s] [01m[K/home/chris/ros2_ws/src/rover/rover_gui/src/QRtspPlayer/QRtspPlayerWidget.cpp:16:12:[m[K [01;36m[Knote: [m[K  candidate expects 3 arguments, 4 provided
[4.999s]    16 |     [01;36m[Kconnect(this, &RtspPlayerWidget::startStream, gstreamerWorker, &GStreamerWorker::startPipeline)[m[K;
[4.999s]       |     [01;36m[K~~~~~~~^~~~~~~~~~~~~~~~~~~~~~~~~~~~~~~~~~~~~~~~~~~~~~~~~~~~~~~~~~~~~~~~~~~~~~~~~~~~~~~~~~~~~~~~[m[K
[4.999s] In file included from [01m[K/usr/include/x86_64-linux-gnu/qt6/QtWidgets/qwidget.h:45[m[K,
[4.999s]                  from [01m[K/usr/include/x86_64-linux-gnu/qt6/QtWidgets/QWidget:1[m[K,
[4.999s]                  from [01m[K/home/chris/ros2_ws/src/rover/rover_gui/src/QRtspPlayer/QRtspPlayerWidget.hpp:4[m[K,
[4.999s]                  from [01m[K/home/chris/ros2_ws/src/rover/rover_gui/src/QRtspPlayer/QRtspPlayerWidget.cpp:1[m[K:
[4.999s] [01m[K/usr/include/x86_64-linux-gnu/qt6/QtCore/qobject.h:258:13:[m[K [01;36m[Knote: [m[Kcandidate: ‘[01m[Ktemplate<class Func1, class Func2> static typename std::enable_if<(((int)(QtPrivate::FunctionPointer<Func2>::ArgumentCount) >= 0) && (! QtPrivate::FunctionPointer<Func2>::IsPointerToMemberFunction)), QMetaObject::Connection>::type QObject::connect(const typename QtPrivate::FunctionPointer<Func>::Object*, Func1, const QObject*, Func2, Qt::ConnectionType)[m[K’
[5.000s]   258 |             [01;36m[Kconnect[m[K(const typename QtPrivate::FunctionPointer<Func1>::Object *sender, Func1 signal, const QObject *context, Func2 slot,
[5.000s]       |             [01;36m[K^~~~~~~[m[K
[5.000s] [01m[K/usr/include/x86_64-linux-gnu/qt6/QtCore/qobject.h:258:13:[m[K [01;36m[Knote: [m[K  template argument deduction/substitution failed:
[5.000s] [01m[K/home/chris/ros2_ws/src/rover/rover_gui/src/QRtspPlayer/QRtspPlayerWidget.cpp:16:12:[m[K [01;36m[Knote: [m[K  couldn’t deduce template parameter ‘[01m[KFunc1[m[K’
[5.000s]    16 |     [01;36m[Kconnect(this, &RtspPlayerWidget::startStream, gstreamerWorker, &GStreamerWorker::startPipeline)[m[K;
[5.000s]       |     [01;36m[K~~~~~~~^~~~~~~~~~~~~~~~~~~~~~~~~~~~~~~~~~~~~~~~~~~~~~~~~~~~~~~~~~~~~~~~~~~~~~~~~~~~~~~~~~~~~~~~[m[K
[5.000s] In file included from [01m[K/usr/include/x86_64-linux-gnu/qt6/QtWidgets/qwidget.h:45[m[K,
[5.001s]                  from [01m[K/usr/include/x86_64-linux-gnu/qt6/QtWidgets/QWidget:1[m[K,
[5.001s]                  from [01m[K/home/chris/ros2_ws/src/rover/rover_gui/src/QRtspPlayer/QRtspPlayerWidget.hpp:4[m[K,
[5.001s]                  from [01m[K/home/chris/ros2_ws/src/rover/rover_gui/src/QRtspPlayer/QRtspPlayerWidget.cpp:1[m[K:
[5.005s] [01m[K/usr/include/x86_64-linux-gnu/qt6/QtCore/qobject.h:289:13:[m[K [01;36m[Knote: [m[Kcandidate: ‘[01m[Ktemplate<class Func1, class Func2> static typename std::enable_if<(QtPrivate::FunctionPointer<Func2>::ArgumentCount == -1), QMetaObject::Connection>::type QObject::connect(const typename QtPrivate::FunctionPointer<Func>::Object*, Func1, Func2)[m[K’
[5.005s]   289 |             [01;36m[Kconnect[m[K(const typename QtPrivate::FunctionPointer<Func1>::Object *sender, Func1 signal, Func2 slot)
[5.005s]       |             [01;36m[K^~~~~~~[m[K
[5.005s] [01m[K/usr/include/x86_64-linux-gnu/qt6/QtCore/qobject.h:289:13:[m[K [01;36m[Knote: [m[K  template argument deduction/substitution failed:
[5.006s] [01m[K/home/chris/ros2_ws/src/rover/rover_gui/src/QRtspPlayer/QRtspPlayerWidget.cpp:16:12:[m[K [01;36m[Knote: [m[K  candidate expects 3 arguments, 4 provided
[5.006s]    16 |     [01;36m[Kconnect(this, &RtspPlayerWidget::startStream, gstreamerWorker, &GStreamerWorker::startPipeline)[m[K;
[5.006s]       |     [01;36m[K~~~~~~~^~~~~~~~~~~~~~~~~~~~~~~~~~~~~~~~~~~~~~~~~~~~~~~~~~~~~~~~~~~~~~~~~~~~~~~~~~~~~~~~~~~~~~~~[m[K
[5.006s] In file included from [01m[K/usr/include/x86_64-linux-gnu/qt6/QtWidgets/qwidget.h:45[m[K,
[5.006s]                  from [01m[K/usr/include/x86_64-linux-gnu/qt6/QtWidgets/QWidget:1[m[K,
[5.006s]                  from [01m[K/home/chris/ros2_ws/src/rover/rover_gui/src/QRtspPlayer/QRtspPlayerWidget.hpp:4[m[K,
[5.006s]                  from [01m[K/home/chris/ros2_ws/src/rover/rover_gui/src/QRtspPlayer/QRtspPlayerWidget.cpp:1[m[K:
[5.007s] [01m[K/usr/include/x86_64-linux-gnu/qt6/QtCore/qobject.h:297:13:[m[K [01;36m[Knote: [m[Kcandidate: ‘[01m[Ktemplate<class Func1, class Func2> static typename std::enable_if<(QtPrivate::FunctionPointer<Func2>::ArgumentCount == -1), QMetaObject::Connection>::type QObject::connect(const typename QtPrivate::FunctionPointer<Func>::Object*, Func1, const QObject*, Func2, Qt::ConnectionType)[m[K’
[5.007s]   297 |             [01;36m[Kconnect[m[K(const typename QtPrivate::FunctionPointer<Func1>::Object *sender, Func1 signal, const QObject *context, Func2 slot,
[5.007s]       |             [01;36m[K^~~~~~~[m[K
[5.007s] [01m[K/usr/include/x86_64-linux-gnu/qt6/QtCore/qobject.h:297:13:[m[K [01;36m[Knote: [m[K  template argument deduction/substitution failed:
[5.007s] [01m[K/home/chris/ros2_ws/src/rover/rover_gui/src/QRtspPlayer/QRtspPlayerWidget.cpp:16:12:[m[K [01;36m[Knote: [m[K  couldn’t deduce template parameter ‘[01m[KFunc1[m[K’
[5.007s]    16 |     [01;36m[Kconnect(this, &RtspPlayerWidget::startStream, gstreamerWorker, &GStreamerWorker::startPipeline)[m[K;
[5.007s]       |     [01;36m[K~~~~~~~^~~~~~~~~~~~~~~~~~~~~~~~~~~~~~~~~~~~~~~~~~~~~~~~~~~~~~~~~~~~~~~~~~~~~~~~~~~~~~~~~~~~~~~~[m[K
[5.008s] In file included from [01m[K/usr/include/x86_64-linux-gnu/qt6/QtWidgets/qwidget.h:45[m[K,
[5.008s]                  from [01m[K/usr/include/x86_64-linux-gnu/qt6/QtWidgets/QWidget:1[m[K,
[5.008s]                  from [01m[K/home/chris/ros2_ws/src/rover/rover_gui/src/QRtspPlayer/QRtspPlayerWidget.hpp:4[m[K,
[5.008s]                  from [01m[K/home/chris/ros2_ws/src/rover/rover_gui/src/QRtspPlayer/QRtspPlayerWidget.cpp:1[m[K:
[5.008s] [01m[K/usr/include/x86_64-linux-gnu/qt6/QtCore/qobject.h:197:36:[m[K [01;36m[Knote: [m[Kcandidate: ‘[01m[Kstatic QMetaObject::Connection QObject::connect(const QObject*, const char*, const QObject*, const char*, Qt::ConnectionType)[m[K’
[5.008s]   197 |     static QMetaObject::Connection [01;36m[Kconnect[m[K(const QObject *sender, const char *signal,
[5.013s]       |                                    [01;36m[K^~~~~~~[m[K
[5.013s] [01m[K/usr/include/x86_64-linux-gnu/qt6/QtCore/qobject.h:197:79:[m[K [01;36m[Knote: [m[K  no known conversion for argument 2 from ‘[01m[K<unresolved overloaded function type>[m[K’ to ‘[01m[Kconst char*[m[K’
[5.014s]   197 |     static QMetaObject::Connection connect(const QObject *sender, [01;36m[Kconst char *signal[m[K,
[5.014s]       |                                                                   [01;36m[K~~~~~~~~~~~~^~~~~~[m[K
[5.014s] [01m[K/usr/include/x86_64-linux-gnu/qt6/QtCore/qobject.h:200:36:[m[K [01;36m[Knote: [m[Kcandidate: ‘[01m[Kstatic QMetaObject::Connection QObject::connect(const QObject*, const QMetaMethod&, const QObject*, const QMetaMethod&, Qt::ConnectionType)[m[K’
[5.014s]   200 |     static QMetaObject::Connection [01;36m[Kconnect[m[K(const QObject *sender, const QMetaMethod &signal,
[5.014s]       |                                    [01;36m[K^~~~~~~[m[K
[5.014s] [01m[K/usr/include/x86_64-linux-gnu/qt6/QtCore/qobject.h:200:86:[m[K [01;36m[Knote: [m[K  no known conversion for argument 2 from ‘[01m[K<unresolved overloaded function type>[m[K’ to ‘[01m[Kconst QMetaMethod&[m[K’
[5.014s]   200 |     static QMetaObject::Connection connect(const QObject *sender, [01;36m[Kconst QMetaMethod &signal[m[K,
[5.015s]       |                                                                   [01;36m[K~~~~~~~~~~~~~~~~~~~^~~~~~[m[K
[5.015s] [01m[K/usr/include/x86_64-linux-gnu/qt6/QtCore/qobject.h:443:32:[m[K [01;36m[Knote: [m[Kcandidate: ‘[01m[KQMetaObject::Connection QObject::connect(const QObject*, const char*, const char*, Qt::ConnectionType) const[m[K’
[5.015s]   443 | inline QMetaObject::Connection [01;36m[KQObject[m[K::connect(const QObject *asender, const char *asignal,
[5.016s]       |                                [01;36m[K^~~~~~~[m[K
[5.016s] [01m[K/usr/include/x86_64-linux-gnu/qt6/QtCore/qobject.h:443:85:[m[K [01;36m[Knote: [m[K  no known conversion for argument 2 from ‘[01m[K<unresolved overloaded function type>[m[K’ to ‘[01m[Kconst char*[m[K’
[5.016s]   443 | inline QMetaObject::Connection QObject::connect(const QObject *asender, [01;36m[Kconst char *asignal[m[K,
[5.016s]       |                                                                         [01;36m[K~~~~~~~~~~~~^~~~~~~[m[K
[5.033s] In file included from [01m[K/home/chris/ros2_ws/src/rover/build/rover_gui/main_gui_autogen/WKD5JZ2BV2/moc_QRtspPlayerWidget.cpp:10[m[K,
[5.034s]                  from [01m[K/home/chris/ros2_ws/src/rover/build/rover_gui/main_gui_autogen/mocs_compilation.cpp:4[m[K:
[5.034s] [01m[K/home/chris/ros2_ws/src/rover/build/rover_gui/main_gui_autogen/WKD5JZ2BV2/../../../../rover_gui/src/QRtspPlayer/QRtspPlayerWidget.hpp:30:10:[m[K [01;31m[Kerror: [m[K‘[01m[Kvoid RtspPlayerWidget::stopStream()[m[K’ cannot be overloaded with ‘[01m[Kvoid RtspPlayerWidget::stopStream()[m[K’
[5.034s]    30 |     void [01;31m[KstopStream[m[K();
[5.035s]       |          [01;31m[K^~~~~~~~~~[m[K
[5.036s] [01m[K/home/chris/ros2_ws/src/rover/build/rover_gui/main_gui_autogen/WKD5JZ2BV2/../../../../rover_gui/src/QRtspPlayer/QRtspPlayerWidget.hpp:22:10:[m[K [01;36m[Knote: [m[Kprevious declaration ‘[01m[Kvoid RtspPlayerWidget::stopStream()[m[K’
[5.037s]    22 |     void [01;36m[KstopStream[m[K();
[5.037s]       |          [01;36m[K^~~~~~~~~~[m[K
[5.568s] gmake[2]: *** [CMakeFiles/main_gui.dir/build.make:196: CMakeFiles/main_gui.dir/src/QRtspPlayer/QRtspPlayerWidget.cpp.o] Error 1
[5.568s] gmake[2]: *** Waiting for unfinished jobs....
[6.358s] gmake[2]: *** [CMakeFiles/main_gui.dir/build.make:84: CMakeFiles/main_gui.dir/main_gui_autogen/mocs_compilation.cpp.o] Error 1
[7.835s] In file included from [01m[K/home/chris/ros2_ws/src/rover/rover_gui/src/main_gui.cpp:9[m[K:
[7.835s] [01m[K/home/chris/ros2_ws/src/rover/rover_gui/src/QRtspPlayer/QRtspPlayerWidget.hpp:30:10:[m[K [01;31m[Kerror: [m[K‘[01m[Kvoid RtspPlayerWidget::stopStream()[m[K’ cannot be overloaded with ‘[01m[Kvoid RtspPlayerWidget::stopStream()[m[K’
[7.836s]    30 |     void [01;31m[KstopStream[m[K();
[7.836s]       |          [01;31m[K^~~~~~~~~~[m[K
[7.836s] [01m[K/home/chris/ros2_ws/src/rover/rover_gui/src/QRtspPlayer/QRtspPlayerWidget.hpp:22:10:[m[K [01;36m[Knote: [m[Kprevious declaration ‘[01m[Kvoid RtspPlayerWidget::stopStream()[m[K’
[7.836s]    22 |     void [01;36m[KstopStream[m[K();
[7.836s]       |          [01;36m[K^~~~~~~~~~[m[K
[9.147s] gmake[2]: *** [CMakeFiles/main_gui.dir/build.make:98: CMakeFiles/main_gui.dir/src/main_gui.cpp.o] Error 1
[10.108s] gmake[1]: *** [CMakeFiles/Makefile2:167: CMakeFiles/main_gui.dir/all] Error 2
[10.108s] gmake: *** [Makefile:146: all] Error 2
[10.111s] Invoked command in '/home/chris/ros2_ws/src/rover/build/rover_gui' returned '2': CMAKE_PREFIX_PATH=${CMAKE_PREFIX_PATH}:/home/chris/ros2_ws/install/rover_sim:/home/chris/ros2_ws/install/panorama:/home/chris/ros2_ws/install/moveit_configs_utils:/opt/ros/humble /usr/bin/cmake --build /home/chris/ros2_ws/src/rover/build/rover_gui -- -j12 -l12
