running egg_info
creating ../build/rover_sim/rover_sim.egg-info
writing ../build/rover_sim/rover_sim.egg-info/PKG-INFO
writing dependency_links to ../build/rover_sim/rover_sim.egg-info/dependency_links.txt
writing entry points to ../build/rover_sim/rover_sim.egg-info/entry_points.txt
writing requirements to ../build/rover_sim/rover_sim.egg-info/requires.txt
writing top-level names to ../build/rover_sim/rover_sim.egg-info/top_level.txt
writing manifest file '../build/rover_sim/rover_sim.egg-info/SOURCES.txt'
reading manifest file '../build/rover_sim/rover_sim.egg-info/SOURCES.txt'
writing manifest file '../build/rover_sim/rover_sim.egg-info/SOURCES.txt'
running build
running build_py
creating /home/chris/ros2_ws/src/rover/build/rover_sim/build
creating /home/chris/ros2_ws/src/rover/build/rover_sim/build/lib
creating /home/chris/ros2_ws/src/rover/build/rover_sim/build/lib/rover_sim
copying rover_sim/main.py -> /home/chris/ros2_ws/src/rover/build/rover_sim/build/lib/rover_sim
copying rover_sim/__init__.py -> /home/chris/ros2_ws/src/rover/build/rover_sim/build/lib/rover_sim
running install
running install_lib
creating /home/chris/ros2_ws/src/rover/install/rover_sim/lib/python3.10/site-packages/rover_sim
copying /home/chris/ros2_ws/src/rover/build/rover_sim/build/lib/rover_sim/main.py -> /home/chris/ros2_ws/src/rover/install/rover_sim/lib/python3.10/site-packages/rover_sim
copying /home/chris/ros2_ws/src/rover/build/rover_sim/build/lib/rover_sim/__init__.py -> /home/chris/ros2_ws/src/rover/install/rover_sim/lib/python3.10/site-packages/rover_sim
byte-compiling /home/chris/ros2_ws/src/rover/install/rover_sim/lib/python3.10/site-packages/rover_sim/main.py to main.cpython-310.pyc
byte-compiling /home/chris/ros2_ws/src/rover/install/rover_sim/lib/python3.10/site-packages/rover_sim/__init__.py to __init__.cpython-310.pyc
running install_data
creating /home/chris/ros2_ws/src/rover/install/rover_sim/share/ament_index
creating /home/chris/ros2_ws/src/rover/install/rover_sim/share/ament_index/resource_index
creating /home/chris/ros2_ws/src/rover/install/rover_sim/share/ament_index/resource_index/packages
copying resource/rover_sim -> /home/chris/ros2_ws/src/rover/install/rover_sim/share/ament_index/resource_index/packages
copying package.xml -> /home/chris/ros2_ws/src/rover/install/rover_sim/share/rover_sim
creating /home/chris/ros2_ws/src/rover/install/rover_sim/share/rover_sim/launch
copying launch/sim.launch.py -> /home/chris/ros2_ws/src/rover/install/rover_sim/share/rover_sim/launch
running install_egg_info
Copying ../build/rover_sim/rover_sim.egg-info to /home/chris/ros2_ws/src/rover/install/rover_sim/lib/python3.10/site-packages/rover_sim-0.0.0-py3.10.egg-info
running install_scripts
Installing rover_sim script to /home/chris/ros2_ws/src/rover/install/rover_sim/lib/rover_sim
writing list of installed files to '/home/chris/ros2_ws/src/rover/build/rover_sim/install.log'
