[3.320s] Invoking command in '/home/chris/ros2_ws/src/rover/rover_sim': AMENT_PREFIX_PATH=/home/chris/ros2_ws/src/rover/install/rover_msgs:${AMENT_PREFIX_PATH} CMAKE_PREFIX_PATH=/home/chris/ros2_ws/src/rover/install/rover_msgs:${CMAKE_PREFIX_PATH} LD_LIBRARY_PATH=/home/chris/ros2_ws/src/rover/install/rover_msgs/lib:${LD_LIBRARY_PATH} PYTHONPATH=/home/chris/ros2_ws/src/rover/build/rover_sim/prefix_override:/home/chris/ros2_ws/src/rover/install/rover_sim/lib/python3.10/site-packages:/home/chris/ros2_ws/src/rover/install/rover_msgs/local/lib/python3.10/dist-packages:${PYTHONPATH} /usr/bin/python3 setup.py egg_info --egg-base ../build/rover_sim build --build-base /home/chris/ros2_ws/src/rover/build/rover_sim/build install --record /home/chris/ros2_ws/src/rover/build/rover_sim/install.log --single-version-externally-managed
[5.215s] running egg_info
[5.215s] creating ../build/rover_sim/rover_sim.egg-info
[5.215s] writing ../build/rover_sim/rover_sim.egg-info/PKG-INFO
[5.215s] writing dependency_links to ../build/rover_sim/rover_sim.egg-info/dependency_links.txt
[5.216s] writing entry points to ../build/rover_sim/rover_sim.egg-info/entry_points.txt
[5.216s] writing requirements to ../build/rover_sim/rover_sim.egg-info/requires.txt
[5.216s] writing top-level names to ../build/rover_sim/rover_sim.egg-info/top_level.txt
[5.216s] writing manifest file '../build/rover_sim/rover_sim.egg-info/SOURCES.txt'
[5.216s] reading manifest file '../build/rover_sim/rover_sim.egg-info/SOURCES.txt'
[5.216s] writing manifest file '../build/rover_sim/rover_sim.egg-info/SOURCES.txt'
[5.217s] running build
[5.217s] running build_py
[5.217s] creating /home/chris/ros2_ws/src/rover/build/rover_sim/build
[5.217s] creating /home/chris/ros2_ws/src/rover/build/rover_sim/build/lib
[5.217s] creating /home/chris/ros2_ws/src/rover/build/rover_sim/build/lib/rover_sim
[5.217s] copying rover_sim/main.py -> /home/chris/ros2_ws/src/rover/build/rover_sim/build/lib/rover_sim
[5.224s] copying rover_sim/__init__.py -> /home/chris/ros2_ws/src/rover/build/rover_sim/build/lib/rover_sim
[5.225s] running install
[5.225s] running install_lib
[5.225s] creating /home/chris/ros2_ws/src/rover/install/rover_sim/lib/python3.10/site-packages/rover_sim
[5.225s] copying /home/chris/ros2_ws/src/rover/build/rover_sim/build/lib/rover_sim/main.py -> /home/chris/ros2_ws/src/rover/install/rover_sim/lib/python3.10/site-packages/rover_sim
[5.225s] copying /home/chris/ros2_ws/src/rover/build/rover_sim/build/lib/rover_sim/__init__.py -> /home/chris/ros2_ws/src/rover/install/rover_sim/lib/python3.10/site-packages/rover_sim
[5.225s] byte-compiling /home/chris/ros2_ws/src/rover/install/rover_sim/lib/python3.10/site-packages/rover_sim/main.py to main.cpython-310.pyc
[5.226s] byte-compiling /home/chris/ros2_ws/src/rover/install/rover_sim/lib/python3.10/site-packages/rover_sim/__init__.py to __init__.cpython-310.pyc
[5.226s] running install_data
[5.226s] creating /home/chris/ros2_ws/src/rover/install/rover_sim/share/ament_index
[5.226s] creating /home/chris/ros2_ws/src/rover/install/rover_sim/share/ament_index/resource_index
[5.226s] creating /home/chris/ros2_ws/src/rover/install/rover_sim/share/ament_index/resource_index/packages
[5.226s] copying resource/rover_sim -> /home/chris/ros2_ws/src/rover/install/rover_sim/share/ament_index/resource_index/packages
[5.227s] copying package.xml -> /home/chris/ros2_ws/src/rover/install/rover_sim/share/rover_sim
[5.227s] creating /home/chris/ros2_ws/src/rover/install/rover_sim/share/rover_sim/launch
[5.227s] copying launch/sim.launch.py -> /home/chris/ros2_ws/src/rover/install/rover_sim/share/rover_sim/launch
[5.227s] running install_egg_info
[5.227s] Copying ../build/rover_sim/rover_sim.egg-info to /home/chris/ros2_ws/src/rover/install/rover_sim/lib/python3.10/site-packages/rover_sim-0.0.0-py3.10.egg-info
[5.232s] running install_scripts
[5.233s] Installing rover_sim script to /home/chris/ros2_ws/src/rover/install/rover_sim/lib/rover_sim
[5.233s] writing list of installed files to '/home/chris/ros2_ws/src/rover/build/rover_sim/install.log'
[5.235s] Invoked command in '/home/chris/ros2_ws/src/rover/rover_sim' returned '0': AMENT_PREFIX_PATH=/home/chris/ros2_ws/src/rover/install/rover_msgs:${AMENT_PREFIX_PATH} CMAKE_PREFIX_PATH=/home/chris/ros2_ws/src/rover/install/rover_msgs:${CMAKE_PREFIX_PATH} LD_LIBRARY_PATH=/home/chris/ros2_ws/src/rover/install/rover_msgs/lib:${LD_LIBRARY_PATH} PYTHONPATH=/home/chris/ros2_ws/src/rover/build/rover_sim/prefix_override:/home/chris/ros2_ws/src/rover/install/rover_sim/lib/python3.10/site-packages:/home/chris/ros2_ws/src/rover/install/rover_msgs/local/lib/python3.10/dist-packages:${PYTHONPATH} /usr/bin/python3 setup.py egg_info --egg-base ../build/rover_sim build --build-base /home/chris/ros2_ws/src/rover/build/rover_sim/build install --record /home/chris/ros2_ws/src/rover/build/rover_sim/install.log --single-version-externally-managed
