[  3%] [34m[1mGenerating UI files...[0m
[0;34m=== Generating UI files ... ===[0m
[0;32m[SUCCESS] Compiled /home/chris/ros2_ws/src/rover/rover_gui/ui/ui/Example.ui to /home/chris/ros2_ws/src/rover/rover_gui/ui/include/UI_Example.h[0m
[0;32m[SUCCESS] Compiled /home/chris/ros2_ws/src/rover/rover_gui/ui/ui/FileExplorer.ui to /home/chris/ros2_ws/src/rover/rover_gui/ui/include/UI_FileExplorer.h[0m
[0;32m[SUCCESS] Compiled /home/chris/ros2_ws/src/rover/rover_gui/ui/ui/MainPage.ui to /home/chris/ros2_ws/src/rover/rover_gui/ui/include/UI_MainPage.h[0m
[0;32m[SUCCESS] Compiled /home/chris/ros2_ws/src/rover/rover_gui/ui/ui/Notification.ui to /home/chris/ros2_ws/src/rover/rover_gui/ui/include/UI_Notification.h[0m
[0;32m[SUCCESS] Compiled /home/chris/ros2_ws/src/rover/rover_gui/ui/ui/Player.ui to /home/chris/ros2_ws/src/rover/rover_gui/ui/include/UI_Player.h[0m
[0;32m[SUCCESS] Compiled /home/chris/ros2_ws/src/rover/rover_gui/ui/ui/SideBar.ui to /home/chris/ros2_ws/src/rover/rover_gui/ui/include/UI_SideBar.h[0m
[  3%] Built target run_generate_ui
[  7%] [34m[1mAutomatic MOC for target main_gui[0m
AutoMoc warning
---------------
"SRC:/src/gui.cpp"
includes the moc file "gui.moc", but does not contain a Q_OBJECT, Q_GADGET, Q_NAMESPACE or Q_NAMESPACE_EXPORT macro.

AutoMoc: /home/chris/ros2_ws/src/rover/rover_gui/src/gui.cpp:0:1: note: No relevant classes found. No output generated.
[  7%] Built target main_gui_autogen
[35m[1mConsolidate compiler generated dependencies of target main_gui[0m
[ 11%] [32mBuilding CXX object CMakeFiles/main_gui.dir/src/gui.cpp.o[0m
[ 14%] [32mBuilding CXX object CMakeFiles/main_gui.dir/src/SecondaryWindow.cpp.o[0m
[ 18%] [32mBuilding CXX object CMakeFiles/main_gui.dir/main_gui_autogen/mocs_compilation.cpp.o[0m
[ 22%] [32mBuilding CXX object CMakeFiles/main_gui.dir/src/MainWindow.cpp.o[0m
[ 25%] [32mBuilding CXX object CMakeFiles/main_gui.dir/src/QSshFileExplorer/QFileTransferWidget.cpp.o[0m
[ 29%] [32mBuilding CXX object CMakeFiles/main_gui.dir/src/QSshFileExplorer/QSshFileExplorerWidget.cpp.o[0m
[ 33%] [32mBuilding CXX object CMakeFiles/main_gui.dir/src/QSideBar/QSideBar.cpp.o[0m
[ 37%] [32mBuilding CXX object CMakeFiles/main_gui.dir/src/QDashboard/QDashboard.cpp.o[0m
[ 40%] [32mBuilding CXX object CMakeFiles/main_gui.dir/src/QDashboard/QExample.cpp.o[0m
[ 44%] [32mBuilding CXX object CMakeFiles/main_gui.dir/src/QRtspPlayer/QRtspPlayerWidget.cpp.o[0m
[ 48%] [32m[1mLinking CXX executable main_gui[0m
[100%] Built target main_gui
-- Install configuration: ""
-- Up-to-date: /home/chris/ros2_ws/src/rover/rover_gui/install/rover_gui/share/rover_gui//launch
-- Up-to-date: /home/chris/ros2_ws/src/rover/rover_gui/install/rover_gui/share/rover_gui//launch/gui.launch.py
-- Installing: /home/chris/ros2_ws/src/rover/rover_gui/install/rover_gui/lib/rover_gui/main_gui
-- Set runtime path of "/home/chris/ros2_ws/src/rover/rover_gui/install/rover_gui/lib/rover_gui/main_gui" to ""
-- Up-to-date: /home/chris/ros2_ws/src/rover/rover_gui/install/rover_gui/share/ament_index/resource_index/package_run_dependencies/rover_gui
-- Up-to-date: /home/chris/ros2_ws/src/rover/rover_gui/install/rover_gui/share/ament_index/resource_index/parent_prefix_path/rover_gui
-- Up-to-date: /home/chris/ros2_ws/src/rover/rover_gui/install/rover_gui/share/rover_gui/environment/ament_prefix_path.sh
-- Up-to-date: /home/chris/ros2_ws/src/rover/rover_gui/install/rover_gui/share/rover_gui/environment/ament_prefix_path.dsv
-- Up-to-date: /home/chris/ros2_ws/src/rover/rover_gui/install/rover_gui/share/rover_gui/environment/path.sh
-- Up-to-date: /home/chris/ros2_ws/src/rover/rover_gui/install/rover_gui/share/rover_gui/environment/path.dsv
-- Up-to-date: /home/chris/ros2_ws/src/rover/rover_gui/install/rover_gui/share/rover_gui/local_setup.bash
-- Up-to-date: /home/chris/ros2_ws/src/rover/rover_gui/install/rover_gui/share/rover_gui/local_setup.sh
-- Up-to-date: /home/chris/ros2_ws/src/rover/rover_gui/install/rover_gui/share/rover_gui/local_setup.zsh
-- Up-to-date: /home/chris/ros2_ws/src/rover/rover_gui/install/rover_gui/share/rover_gui/local_setup.dsv
-- Installing: /home/chris/ros2_ws/src/rover/rover_gui/install/rover_gui/share/rover_gui/package.dsv
-- Up-to-date: /home/chris/ros2_ws/src/rover/rover_gui/install/rover_gui/share/ament_index/resource_index/packages/rover_gui
-- Up-to-date: /home/chris/ros2_ws/src/rover/rover_gui/install/rover_gui/share/rover_gui/cmake/rover_guiConfig.cmake
-- Up-to-date: /home/chris/ros2_ws/src/rover/rover_gui/install/rover_gui/share/rover_gui/cmake/rover_guiConfig-version.cmake
-- Up-to-date: /home/chris/ros2_ws/src/rover/rover_gui/install/rover_gui/share/rover_gui/package.xml
