[1.410s] DEBUG:colcon:Command line arguments: ['/usr/bin/colcon', 'build', '--packages-select', 'rover_gui', '--cmake-clean-cache']
[1.410s] DEBUG:colcon:Parsed command line arguments: Namespace(log_base=None, log_level=None, verb_name='build', build_base='build', install_base='install', merge_install=False, symlink_install=False, test_result_base=None, continue_on_error=False, executor='parallel', parallel_workers=12, event_handlers=None, ignore_user_meta=False, metas=['./colcon.meta'], base_paths=['.'], packages_ignore=None, packages_ignore_regex=None, paths=None, packages_up_to=None, packages_up_to_regex=None, packages_above=None, packages_above_and_dependencies=None, packages_above_depth=None, packages_select_by_dep=None, packages_skip_by_dep=None, packages_skip_up_to=None, packages_select_build_failed=False, packages_skip_build_finished=False, packages_select_test_failures=False, packages_skip_test_passed=False, packages_select=['rover_gui'], packages_skip=None, packages_select_regex=None, packages_skip_regex=None, packages_start=None, packages_end=None, allow_overriding=[], cmake_args=None, cmake_target=None, cmake_target_skip_unavailable=False, cmake_clean_cache=True, cmake_clean_first=False, cmake_force_configure=False, ament_cmake_args=None, catkin_cmake_args=None, catkin_skip_building_tests=False, verb_parser=<colcon_defaults.argument_parser.defaults.DefaultArgumentsDecorator object at 0x7c03278d7d90>, verb_extension=<colcon_core.verb.build.BuildVerb object at 0x7c03278d5150>, main=<bound method BuildVerb.main of <colcon_core.verb.build.BuildVerb object at 0x7c03278d5150>>)
[1.470s] Level 1:colcon.colcon_core.package_discovery:discover_packages(colcon_meta) check parameters
[1.470s] Level 1:colcon.colcon_core.package_discovery:discover_packages(recursive) check parameters
[1.470s] Level 1:colcon.colcon_core.package_discovery:discover_packages(ignore) check parameters
[1.470s] Level 1:colcon.colcon_core.package_discovery:discover_packages(path) check parameters
[1.470s] Level 1:colcon.colcon_core.package_discovery:discover_packages(colcon_meta) discover
[1.470s] Level 1:colcon.colcon_core.package_discovery:discover_packages(recursive) discover
[1.470s] INFO:colcon.colcon_core.package_discovery:Crawling recursively for packages in '/home/chris/ros2_ws/src/rover'
[1.470s] Level 1:colcon.colcon_core.package_identification:_identify(.) by extensions ['ignore', 'ignore_ament_install']
[1.470s] Level 1:colcon.colcon_core.package_identification:_identify(.) by extension 'ignore'
[1.470s] Level 1:colcon.colcon_core.package_identification:_identify(.) by extension 'ignore_ament_install'
[1.470s] Level 1:colcon.colcon_core.package_identification:_identify(.) by extensions ['colcon_pkg']
[1.470s] Level 1:colcon.colcon_core.package_identification:_identify(.) by extension 'colcon_pkg'
[1.470s] Level 1:colcon.colcon_core.package_identification:_identify(.) by extensions ['colcon_meta']
[1.470s] Level 1:colcon.colcon_core.package_identification:_identify(.) by extension 'colcon_meta'
[1.470s] Level 1:colcon.colcon_core.package_identification:_identify(.) by extensions ['ros']
[1.470s] Level 1:colcon.colcon_core.package_identification:_identify(.) by extension 'ros'
[1.482s] Level 1:colcon.colcon_core.package_identification:_identify(.) by extensions ['cmake', 'python']
[1.482s] Level 1:colcon.colcon_core.package_identification:_identify(.) by extension 'cmake'
[1.482s] Level 1:colcon.colcon_core.package_identification:_identify(.) by extension 'python'
[1.482s] Level 1:colcon.colcon_core.package_identification:_identify(.) by extensions ['python_setup_py']
[1.482s] Level 1:colcon.colcon_core.package_identification:_identify(.) by extension 'python_setup_py'
[1.482s] Level 1:colcon.colcon_core.package_identification:_identify(build) by extensions ['ignore', 'ignore_ament_install']
[1.483s] Level 1:colcon.colcon_core.package_identification:_identify(build) by extension 'ignore'
[1.483s] Level 1:colcon.colcon_core.package_identification:_identify(build) ignored
[1.483s] Level 1:colcon.colcon_core.package_identification:_identify(install) by extensions ['ignore', 'ignore_ament_install']
[1.483s] Level 1:colcon.colcon_core.package_identification:_identify(install) by extension 'ignore'
[1.483s] Level 1:colcon.colcon_core.package_identification:_identify(install) ignored
[1.483s] Level 1:colcon.colcon_core.package_identification:_identify(log) by extensions ['ignore', 'ignore_ament_install']
[1.483s] Level 1:colcon.colcon_core.package_identification:_identify(log) by extension 'ignore'
[1.483s] Level 1:colcon.colcon_core.package_identification:_identify(log) ignored
[1.483s] Level 1:colcon.colcon_core.package_identification:_identify(rover_antenna) by extensions ['ignore', 'ignore_ament_install']
[1.483s] Level 1:colcon.colcon_core.package_identification:_identify(rover_antenna) by extension 'ignore'
[1.483s] Level 1:colcon.colcon_core.package_identification:_identify(rover_antenna) by extension 'ignore_ament_install'
[1.483s] Level 1:colcon.colcon_core.package_identification:_identify(rover_antenna) by extensions ['colcon_pkg']
[1.483s] Level 1:colcon.colcon_core.package_identification:_identify(rover_antenna) by extension 'colcon_pkg'
[1.483s] Level 1:colcon.colcon_core.package_identification:_identify(rover_antenna) by extensions ['colcon_meta']
[1.483s] Level 1:colcon.colcon_core.package_identification:_identify(rover_antenna) by extension 'colcon_meta'
[1.484s] Level 1:colcon.colcon_core.package_identification:_identify(rover_antenna) by extensions ['ros']
[1.484s] Level 1:colcon.colcon_core.package_identification:_identify(rover_antenna) by extension 'ros'
[1.486s] DEBUG:colcon.colcon_core.package_identification:Package 'rover_antenna' with type 'ros.ament_cmake' and name 'rover_antenna'
[1.486s] Level 1:colcon.colcon_core.package_identification:_identify(rover_arm) by extensions ['ignore', 'ignore_ament_install']
[1.486s] Level 1:colcon.colcon_core.package_identification:_identify(rover_arm) by extension 'ignore'
[1.486s] Level 1:colcon.colcon_core.package_identification:_identify(rover_arm) by extension 'ignore_ament_install'
[1.486s] Level 1:colcon.colcon_core.package_identification:_identify(rover_arm) by extensions ['colcon_pkg']
[1.486s] Level 1:colcon.colcon_core.package_identification:_identify(rover_arm) by extension 'colcon_pkg'
[1.486s] Level 1:colcon.colcon_core.package_identification:_identify(rover_arm) by extensions ['colcon_meta']
[1.487s] Level 1:colcon.colcon_core.package_identification:_identify(rover_arm) by extension 'colcon_meta'
[1.487s] Level 1:colcon.colcon_core.package_identification:_identify(rover_arm) by extensions ['ros']
[1.487s] Level 1:colcon.colcon_core.package_identification:_identify(rover_arm) by extension 'ros'
[1.487s] DEBUG:colcon.colcon_core.package_identification:Package 'rover_arm' with type 'ros.ament_cmake' and name 'rover_arm'
[1.487s] Level 1:colcon.colcon_core.package_identification:_identify(rover_auxiliary) by extensions ['ignore', 'ignore_ament_install']
[1.488s] Level 1:colcon.colcon_core.package_identification:_identify(rover_auxiliary) by extension 'ignore'
[1.488s] Level 1:colcon.colcon_core.package_identification:_identify(rover_auxiliary) by extension 'ignore_ament_install'
[1.488s] Level 1:colcon.colcon_core.package_identification:_identify(rover_auxiliary) by extensions ['colcon_pkg']
[1.488s] Level 1:colcon.colcon_core.package_identification:_identify(rover_auxiliary) by extension 'colcon_pkg'
[1.488s] Level 1:colcon.colcon_core.package_identification:_identify(rover_auxiliary) by extensions ['colcon_meta']
[1.488s] Level 1:colcon.colcon_core.package_identification:_identify(rover_auxiliary) by extension 'colcon_meta'
[1.488s] Level 1:colcon.colcon_core.package_identification:_identify(rover_auxiliary) by extensions ['ros']
[1.488s] Level 1:colcon.colcon_core.package_identification:_identify(rover_auxiliary) by extension 'ros'
[1.489s] DEBUG:colcon.colcon_core.package_identification:Package 'rover_auxiliary' with type 'ros.ament_cmake' and name 'rover_auxiliary'
[1.489s] Level 1:colcon.colcon_core.package_identification:_identify(rover_can) by extensions ['ignore', 'ignore_ament_install']
[1.489s] Level 1:colcon.colcon_core.package_identification:_identify(rover_can) by extension 'ignore'
[1.489s] Level 1:colcon.colcon_core.package_identification:_identify(rover_can) by extension 'ignore_ament_install'
[1.489s] Level 1:colcon.colcon_core.package_identification:_identify(rover_can) by extensions ['colcon_pkg']
[1.489s] Level 1:colcon.colcon_core.package_identification:_identify(rover_can) by extension 'colcon_pkg'
[1.489s] Level 1:colcon.colcon_core.package_identification:_identify(rover_can) by extensions ['colcon_meta']
[1.489s] Level 1:colcon.colcon_core.package_identification:_identify(rover_can) by extension 'colcon_meta'
[1.490s] Level 1:colcon.colcon_core.package_identification:_identify(rover_can) by extensions ['ros']
[1.490s] Level 1:colcon.colcon_core.package_identification:_identify(rover_can) by extension 'ros'
[1.490s] DEBUG:colcon.colcon_core.package_identification:Package 'rover_can' with type 'ros.ament_cmake' and name 'rover_can'
[1.490s] Level 1:colcon.colcon_core.package_identification:_identify(rover_drive_train) by extensions ['ignore', 'ignore_ament_install']
[1.491s] Level 1:colcon.colcon_core.package_identification:_identify(rover_drive_train) by extension 'ignore'
[1.491s] Level 1:colcon.colcon_core.package_identification:_identify(rover_drive_train) by extension 'ignore_ament_install'
[1.491s] Level 1:colcon.colcon_core.package_identification:_identify(rover_drive_train) by extensions ['colcon_pkg']
[1.491s] Level 1:colcon.colcon_core.package_identification:_identify(rover_drive_train) by extension 'colcon_pkg'
[1.491s] Level 1:colcon.colcon_core.package_identification:_identify(rover_drive_train) by extensions ['colcon_meta']
[1.491s] Level 1:colcon.colcon_core.package_identification:_identify(rover_drive_train) by extension 'colcon_meta'
[1.491s] Level 1:colcon.colcon_core.package_identification:_identify(rover_drive_train) by extensions ['ros']
[1.491s] Level 1:colcon.colcon_core.package_identification:_identify(rover_drive_train) by extension 'ros'
[1.492s] DEBUG:colcon.colcon_core.package_identification:Package 'rover_drive_train' with type 'ros.ament_cmake' and name 'rover_drive_train'
[1.492s] Level 1:colcon.colcon_core.package_identification:_identify(rover_gui) by extensions ['ignore', 'ignore_ament_install']
[1.492s] Level 1:colcon.colcon_core.package_identification:_identify(rover_gui) by extension 'ignore'
[1.492s] Level 1:colcon.colcon_core.package_identification:_identify(rover_gui) by extension 'ignore_ament_install'
[1.492s] Level 1:colcon.colcon_core.package_identification:_identify(rover_gui) by extensions ['colcon_pkg']
[1.492s] Level 1:colcon.colcon_core.package_identification:_identify(rover_gui) by extension 'colcon_pkg'
[1.492s] Level 1:colcon.colcon_core.package_identification:_identify(rover_gui) by extensions ['colcon_meta']
[1.492s] Level 1:colcon.colcon_core.package_identification:_identify(rover_gui) by extension 'colcon_meta'
[1.492s] Level 1:colcon.colcon_core.package_identification:_identify(rover_gui) by extensions ['ros']
[1.492s] Level 1:colcon.colcon_core.package_identification:_identify(rover_gui) by extension 'ros'
[1.493s] DEBUG:colcon.colcon_core.package_identification:Package 'rover_gui' with type 'ros.ament_cmake' and name 'rover_gui'
[1.493s] Level 1:colcon.colcon_core.package_identification:_identify(rover_helper) by extensions ['ignore', 'ignore_ament_install']
[1.493s] Level 1:colcon.colcon_core.package_identification:_identify(rover_helper) by extension 'ignore'
[1.493s] Level 1:colcon.colcon_core.package_identification:_identify(rover_helper) by extension 'ignore_ament_install'
[1.493s] Level 1:colcon.colcon_core.package_identification:_identify(rover_helper) by extensions ['colcon_pkg']
[1.493s] Level 1:colcon.colcon_core.package_identification:_identify(rover_helper) by extension 'colcon_pkg'
[1.493s] Level 1:colcon.colcon_core.package_identification:_identify(rover_helper) by extensions ['colcon_meta']
[1.493s] Level 1:colcon.colcon_core.package_identification:_identify(rover_helper) by extension 'colcon_meta'
[1.494s] Level 1:colcon.colcon_core.package_identification:_identify(rover_helper) by extensions ['ros']
[1.494s] Level 1:colcon.colcon_core.package_identification:_identify(rover_helper) by extension 'ros'
[1.494s] Level 1:colcon.colcon_core.package_identification:_identify(rover_helper) by extensions ['cmake', 'python']
[1.494s] Level 1:colcon.colcon_core.package_identification:_identify(rover_helper) by extension 'cmake'
[1.494s] Level 1:colcon.colcon_core.package_identification:_identify(rover_helper) by extension 'python'
[1.494s] Level 1:colcon.colcon_core.package_identification:_identify(rover_helper) by extensions ['python_setup_py']
[1.494s] Level 1:colcon.colcon_core.package_identification:_identify(rover_helper) by extension 'python_setup_py'
[1.494s] Level 1:colcon.colcon_core.package_identification:_identify(rover_helper/src) by extensions ['ignore', 'ignore_ament_install']
[1.494s] Level 1:colcon.colcon_core.package_identification:_identify(rover_helper/src) by extension 'ignore'
[1.494s] Level 1:colcon.colcon_core.package_identification:_identify(rover_helper/src) by extension 'ignore_ament_install'
[1.494s] Level 1:colcon.colcon_core.package_identification:_identify(rover_helper/src) by extensions ['colcon_pkg']
[1.494s] Level 1:colcon.colcon_core.package_identification:_identify(rover_helper/src) by extension 'colcon_pkg'
[1.494s] Level 1:colcon.colcon_core.package_identification:_identify(rover_helper/src) by extensions ['colcon_meta']
[1.494s] Level 1:colcon.colcon_core.package_identification:_identify(rover_helper/src) by extension 'colcon_meta'
[1.494s] Level 1:colcon.colcon_core.package_identification:_identify(rover_helper/src) by extensions ['ros']
[1.494s] Level 1:colcon.colcon_core.package_identification:_identify(rover_helper/src) by extension 'ros'
[1.494s] Level 1:colcon.colcon_core.package_identification:_identify(rover_helper/src) by extensions ['cmake', 'python']
[1.494s] Level 1:colcon.colcon_core.package_identification:_identify(rover_helper/src) by extension 'cmake'
[1.494s] Level 1:colcon.colcon_core.package_identification:_identify(rover_helper/src) by extension 'python'
[1.495s] Level 1:colcon.colcon_core.package_identification:_identify(rover_helper/src) by extensions ['python_setup_py']
[1.495s] Level 1:colcon.colcon_core.package_identification:_identify(rover_helper/src) by extension 'python_setup_py'
[1.495s] Level 1:colcon.colcon_core.package_identification:_identify(rover_joy) by extensions ['ignore', 'ignore_ament_install']
[1.495s] Level 1:colcon.colcon_core.package_identification:_identify(rover_joy) by extension 'ignore'
[1.495s] Level 1:colcon.colcon_core.package_identification:_identify(rover_joy) by extension 'ignore_ament_install'
[1.495s] Level 1:colcon.colcon_core.package_identification:_identify(rover_joy) by extensions ['colcon_pkg']
[1.495s] Level 1:colcon.colcon_core.package_identification:_identify(rover_joy) by extension 'colcon_pkg'
[1.495s] Level 1:colcon.colcon_core.package_identification:_identify(rover_joy) by extensions ['colcon_meta']
[1.495s] Level 1:colcon.colcon_core.package_identification:_identify(rover_joy) by extension 'colcon_meta'
[1.495s] Level 1:colcon.colcon_core.package_identification:_identify(rover_joy) by extensions ['ros']
[1.495s] Level 1:colcon.colcon_core.package_identification:_identify(rover_joy) by extension 'ros'
[1.496s] DEBUG:colcon.colcon_core.package_identification:Package 'rover_joy' with type 'ros.ament_cmake' and name 'rover_joy'
[1.496s] Level 1:colcon.colcon_core.package_identification:_identify(rover_msgs) by extensions ['ignore', 'ignore_ament_install']
[1.496s] Level 1:colcon.colcon_core.package_identification:_identify(rover_msgs) by extension 'ignore'
[1.496s] Level 1:colcon.colcon_core.package_identification:_identify(rover_msgs) by extension 'ignore_ament_install'
[1.496s] Level 1:colcon.colcon_core.package_identification:_identify(rover_msgs) by extensions ['colcon_pkg']
[1.496s] Level 1:colcon.colcon_core.package_identification:_identify(rover_msgs) by extension 'colcon_pkg'
[1.496s] Level 1:colcon.colcon_core.package_identification:_identify(rover_msgs) by extensions ['colcon_meta']
[1.496s] Level 1:colcon.colcon_core.package_identification:_identify(rover_msgs) by extension 'colcon_meta'
[1.496s] Level 1:colcon.colcon_core.package_identification:_identify(rover_msgs) by extensions ['ros']
[1.496s] Level 1:colcon.colcon_core.package_identification:_identify(rover_msgs) by extension 'ros'
[1.497s] DEBUG:colcon.colcon_core.package_identification:Package 'rover_msgs' with type 'ros.ament_cmake' and name 'rover_msgs'
[1.497s] Level 1:colcon.colcon_core.package_identification:_identify(rover_security) by extensions ['ignore', 'ignore_ament_install']
[1.497s] Level 1:colcon.colcon_core.package_identification:_identify(rover_security) by extension 'ignore'
[1.497s] Level 1:colcon.colcon_core.package_identification:_identify(rover_security) by extension 'ignore_ament_install'
[1.497s] Level 1:colcon.colcon_core.package_identification:_identify(rover_security) by extensions ['colcon_pkg']
[1.497s] Level 1:colcon.colcon_core.package_identification:_identify(rover_security) by extension 'colcon_pkg'
[1.497s] Level 1:colcon.colcon_core.package_identification:_identify(rover_security) by extensions ['colcon_meta']
[1.497s] Level 1:colcon.colcon_core.package_identification:_identify(rover_security) by extension 'colcon_meta'
[1.497s] Level 1:colcon.colcon_core.package_identification:_identify(rover_security) by extensions ['ros']
[1.497s] Level 1:colcon.colcon_core.package_identification:_identify(rover_security) by extension 'ros'
[1.498s] DEBUG:colcon.colcon_core.package_identification:Package 'rover_security' with type 'ros.ament_cmake' and name 'rover_security'
[1.498s] Level 1:colcon.colcon_core.package_identification:_identify(rover_sim) by extensions ['ignore', 'ignore_ament_install']
[1.498s] Level 1:colcon.colcon_core.package_identification:_identify(rover_sim) by extension 'ignore'
[1.498s] Level 1:colcon.colcon_core.package_identification:_identify(rover_sim) by extension 'ignore_ament_install'
[1.498s] Level 1:colcon.colcon_core.package_identification:_identify(rover_sim) by extensions ['colcon_pkg']
[1.498s] Level 1:colcon.colcon_core.package_identification:_identify(rover_sim) by extension 'colcon_pkg'
[1.498s] Level 1:colcon.colcon_core.package_identification:_identify(rover_sim) by extensions ['colcon_meta']
[1.499s] Level 1:colcon.colcon_core.package_identification:_identify(rover_sim) by extension 'colcon_meta'
[1.499s] Level 1:colcon.colcon_core.package_identification:_identify(rover_sim) by extensions ['ros']
[1.499s] Level 1:colcon.colcon_core.package_identification:_identify(rover_sim) by extension 'ros'
[1.499s] DEBUG:colcon.colcon_core.package_identification:Package 'rover_sim' with type 'ros.ament_python' and name 'rover_sim'
[1.499s] Level 1:colcon.colcon_core.package_identification:_identify(scripts) by extensions ['ignore', 'ignore_ament_install']
[1.499s] Level 1:colcon.colcon_core.package_identification:_identify(scripts) by extension 'ignore'
[1.499s] Level 1:colcon.colcon_core.package_identification:_identify(scripts) by extension 'ignore_ament_install'
[1.499s] Level 1:colcon.colcon_core.package_identification:_identify(scripts) by extensions ['colcon_pkg']
[1.499s] Level 1:colcon.colcon_core.package_identification:_identify(scripts) by extension 'colcon_pkg'
[1.500s] Level 1:colcon.colcon_core.package_identification:_identify(scripts) by extensions ['colcon_meta']
[1.500s] Level 1:colcon.colcon_core.package_identification:_identify(scripts) by extension 'colcon_meta'
[1.500s] Level 1:colcon.colcon_core.package_identification:_identify(scripts) by extensions ['ros']
[1.500s] Level 1:colcon.colcon_core.package_identification:_identify(scripts) by extension 'ros'
[1.500s] Level 1:colcon.colcon_core.package_identification:_identify(scripts) by extensions ['cmake', 'python']
[1.500s] Level 1:colcon.colcon_core.package_identification:_identify(scripts) by extension 'cmake'
[1.500s] Level 1:colcon.colcon_core.package_identification:_identify(scripts) by extension 'python'
[1.500s] Level 1:colcon.colcon_core.package_identification:_identify(scripts) by extensions ['python_setup_py']
[1.500s] Level 1:colcon.colcon_core.package_identification:_identify(scripts) by extension 'python_setup_py'
[1.500s] Level 1:colcon.colcon_core.package_discovery:discover_packages(recursive) using defaults
[1.500s] Level 1:colcon.colcon_core.package_discovery:discover_packages(ignore) discover
[1.500s] Level 1:colcon.colcon_core.package_discovery:discover_packages(ignore) using defaults
[1.500s] Level 1:colcon.colcon_core.package_discovery:discover_packages(path) discover
[1.500s] Level 1:colcon.colcon_core.package_discovery:discover_packages(path) using defaults
[1.587s] INFO:colcon.colcon_core.package_selection:Skipping not selected package 'rover_msgs' in 'rover_msgs'
[1.587s] INFO:colcon.colcon_core.package_selection:Skipping not selected package 'rover_security' in 'rover_security'
[1.587s] INFO:colcon.colcon_core.package_selection:Skipping not selected package 'rover_antenna' in 'rover_antenna'
[1.587s] INFO:colcon.colcon_core.package_selection:Skipping not selected package 'rover_arm' in 'rover_arm'
[1.587s] INFO:colcon.colcon_core.package_selection:Skipping not selected package 'rover_auxiliary' in 'rover_auxiliary'
[1.587s] INFO:colcon.colcon_core.package_selection:Skipping not selected package 'rover_can' in 'rover_can'
[1.587s] INFO:colcon.colcon_core.package_selection:Skipping not selected package 'rover_drive_train' in 'rover_drive_train'
[1.587s] INFO:colcon.colcon_core.package_selection:Skipping not selected package 'rover_joy' in 'rover_joy'
[1.587s] INFO:colcon.colcon_core.package_selection:Skipping not selected package 'rover_sim' in 'rover_sim'
[1.636s] Level 1:colcon.colcon_core.package_discovery:discover_packages(prefix_path) check parameters
[1.636s] Level 1:colcon.colcon_core.package_discovery:discover_packages(prefix_path) discover
[1.681s] DEBUG:colcon.colcon_installed_package_information.package_discovery:Found 18 installed packages in /home/chris/ros2_ws/install
[1.704s] DEBUG:colcon.colcon_installed_package_information.package_discovery:Found 376 installed packages in /opt/ros/humble
[1.706s] Level 1:colcon.colcon_core.package_discovery:discover_packages(prefix_path) using defaults
[1.834s] Level 5:colcon.colcon_core.verb:set package 'rover_gui' build argument 'cmake_args' from command line to 'None'
[1.834s] Level 5:colcon.colcon_core.verb:set package 'rover_gui' build argument 'cmake_target' from command line to 'None'
[1.834s] Level 5:colcon.colcon_core.verb:set package 'rover_gui' build argument 'cmake_target_skip_unavailable' from command line to 'False'
[1.834s] Level 5:colcon.colcon_core.verb:set package 'rover_gui' build argument 'cmake_clean_cache' from command line to 'True'
[1.834s] Level 5:colcon.colcon_core.verb:set package 'rover_gui' build argument 'cmake_clean_first' from command line to 'False'
[1.834s] Level 5:colcon.colcon_core.verb:set package 'rover_gui' build argument 'cmake_force_configure' from command line to 'False'
[1.834s] Level 5:colcon.colcon_core.verb:set package 'rover_gui' build argument 'ament_cmake_args' from command line to 'None'
[1.834s] Level 5:colcon.colcon_core.verb:set package 'rover_gui' build argument 'catkin_cmake_args' from command line to 'None'
[1.834s] Level 5:colcon.colcon_core.verb:set package 'rover_gui' build argument 'catkin_skip_building_tests' from command line to 'False'
[1.834s] DEBUG:colcon.colcon_core.verb:Building package 'rover_gui' with the following arguments: {'ament_cmake_args': None, 'build_base': '/home/chris/ros2_ws/src/rover/build/rover_gui', 'catkin_cmake_args': None, 'catkin_skip_building_tests': False, 'cmake_args': None, 'cmake_clean_cache': True, 'cmake_clean_first': False, 'cmake_force_configure': False, 'cmake_target': None, 'cmake_target_skip_unavailable': False, 'install_base': '/home/chris/ros2_ws/src/rover/install/rover_gui', 'merge_install': False, 'path': '/home/chris/ros2_ws/src/rover/rover_gui', 'symlink_install': False, 'test_result_base': None}
[1.855s] INFO:colcon.colcon_core.executor:Executing jobs using 'parallel' executor
[1.877s] DEBUG:colcon.colcon_parallel_executor.executor.parallel:run_until_complete
[1.877s] INFO:colcon.colcon_ros.task.ament_cmake.build:Building ROS package in '/home/chris/ros2_ws/src/rover/rover_gui' with build type 'ament_cmake'
[1.877s] INFO:colcon.colcon_cmake.task.cmake.build:Building CMake package in '/home/chris/ros2_ws/src/rover/rover_gui'
[1.900s] INFO:colcon.colcon_core.plugin_system:Skipping extension 'colcon_core.shell.bat': Not used on non-Windows systems
[1.900s] INFO:colcon.colcon_core.shell:Skip shell extension 'powershell' for command environment: Not usable outside of PowerShell
[1.900s] DEBUG:colcon.colcon_core.shell:Skip shell extension 'dsv' for command environment
[1.967s] WARNING:colcon.colcon_core.shell:The following packages are in the workspace but haven't been built:
- rover_msgs
They are being used from the following locations instead:
- /home/chris/ros2_ws/install/rover_msgs
To suppress this warning ignore these packages in the workspace:
--packages-ignore rover_msgs
[1.972s] DEBUG:colcon.colcon_core.event_handler.log_command:Invoking command in '/home/chris/ros2_ws/src/rover/build/rover_gui': CMAKE_PREFIX_PATH=${CMAKE_PREFIX_PATH}:/home/chris/ros2_ws/install/rover_sim:/home/chris/ros2_ws/install/panorama:/home/chris/ros2_ws/install/moveit_configs_utils:/opt/ros/humble /usr/bin/cmake /home/chris/ros2_ws/src/rover/rover_gui -DCMAKE_INSTALL_PREFIX=/home/chris/ros2_ws/src/rover/install/rover_gui
[4.357s] DEBUG:colcon.colcon_core.event_handler.log_command:Invoked command in '/home/chris/ros2_ws/src/rover/build/rover_gui' returned '0': CMAKE_PREFIX_PATH=${CMAKE_PREFIX_PATH}:/home/chris/ros2_ws/install/rover_sim:/home/chris/ros2_ws/install/panorama:/home/chris/ros2_ws/install/moveit_configs_utils:/opt/ros/humble /usr/bin/cmake /home/chris/ros2_ws/src/rover/rover_gui -DCMAKE_INSTALL_PREFIX=/home/chris/ros2_ws/src/rover/install/rover_gui
[4.360s] DEBUG:colcon.colcon_core.event_handler.log_command:Invoking command in '/home/chris/ros2_ws/src/rover/build/rover_gui': CMAKE_PREFIX_PATH=${CMAKE_PREFIX_PATH}:/home/chris/ros2_ws/install/rover_sim:/home/chris/ros2_ws/install/panorama:/home/chris/ros2_ws/install/moveit_configs_utils:/opt/ros/humble /usr/bin/cmake --build /home/chris/ros2_ws/src/rover/build/rover_gui -- -j12 -l12
[13.804s] DEBUG:colcon.colcon_core.event_handler.log_command:Invoked command in '/home/chris/ros2_ws/src/rover/build/rover_gui' returned '0': CMAKE_PREFIX_PATH=${CMAKE_PREFIX_PATH}:/home/chris/ros2_ws/install/rover_sim:/home/chris/ros2_ws/install/panorama:/home/chris/ros2_ws/install/moveit_configs_utils:/opt/ros/humble /usr/bin/cmake --build /home/chris/ros2_ws/src/rover/build/rover_gui -- -j12 -l12
[13.879s] DEBUG:colcon.colcon_core.event_handler.log_command:Invoking command in '/home/chris/ros2_ws/src/rover/build/rover_gui': CMAKE_PREFIX_PATH=${CMAKE_PREFIX_PATH}:/home/chris/ros2_ws/install/rover_sim:/home/chris/ros2_ws/install/panorama:/home/chris/ros2_ws/install/moveit_configs_utils:/opt/ros/humble /usr/bin/cmake --install /home/chris/ros2_ws/src/rover/build/rover_gui
[13.892s] Level 1:colcon.colcon_core.environment:create_environment_scripts_only(rover_gui)
[13.893s] DEBUG:colcon.colcon_core.event_handler.log_command:Invoked command in '/home/chris/ros2_ws/src/rover/build/rover_gui' returned '0': CMAKE_PREFIX_PATH=${CMAKE_PREFIX_PATH}:/home/chris/ros2_ws/install/rover_sim:/home/chris/ros2_ws/install/panorama:/home/chris/ros2_ws/install/moveit_configs_utils:/opt/ros/humble /usr/bin/cmake --install /home/chris/ros2_ws/src/rover/build/rover_gui
[13.928s] Level 1:colcon.colcon_core.environment:checking '/home/chris/ros2_ws/src/rover/install/rover_gui' for CMake module files
[13.929s] Level 1:colcon.colcon_core.environment:checking '/home/chris/ros2_ws/src/rover/install/rover_gui' for CMake config files
[13.929s] Level 1:colcon.colcon_core.shell:create_environment_hook('rover_gui', 'cmake_prefix_path')
[13.951s] INFO:colcon.colcon_core.shell:Creating environment hook '/home/chris/ros2_ws/src/rover/install/rover_gui/share/rover_gui/hook/cmake_prefix_path.ps1'
[13.952s] INFO:colcon.colcon_core.shell:Creating environment descriptor '/home/chris/ros2_ws/src/rover/install/rover_gui/share/rover_gui/hook/cmake_prefix_path.dsv'
[13.953s] INFO:colcon.colcon_core.shell:Creating environment hook '/home/chris/ros2_ws/src/rover/install/rover_gui/share/rover_gui/hook/cmake_prefix_path.sh'
[13.953s] Level 1:colcon.colcon_core.environment:checking '/home/chris/ros2_ws/src/rover/install/rover_gui/lib'
[13.954s] Level 1:colcon.colcon_core.environment:checking '/home/chris/ros2_ws/src/rover/install/rover_gui/bin'
[13.954s] Level 1:colcon.colcon_core.environment:checking '/home/chris/ros2_ws/src/rover/install/rover_gui/lib/pkgconfig/rover_gui.pc'
[13.954s] Level 1:colcon.colcon_core.environment:checking '/home/chris/ros2_ws/src/rover/install/rover_gui/lib/python3.10/site-packages'
[13.954s] Level 1:colcon.colcon_core.environment:checking '/home/chris/ros2_ws/src/rover/install/rover_gui/bin'
[13.976s] INFO:colcon.colcon_core.shell:Creating package script '/home/chris/ros2_ws/src/rover/install/rover_gui/share/rover_gui/package.ps1'
[13.977s] INFO:colcon.colcon_core.shell:Creating package descriptor '/home/chris/ros2_ws/src/rover/install/rover_gui/share/rover_gui/package.dsv'
[13.978s] INFO:colcon.colcon_core.shell:Creating package script '/home/chris/ros2_ws/src/rover/install/rover_gui/share/rover_gui/package.sh'
[13.978s] INFO:colcon.colcon_core.shell:Creating package script '/home/chris/ros2_ws/src/rover/install/rover_gui/share/rover_gui/package.bash'
[13.979s] INFO:colcon.colcon_core.shell:Creating package script '/home/chris/ros2_ws/src/rover/install/rover_gui/share/rover_gui/package.zsh'
[13.980s] Level 1:colcon.colcon_core.environment:create_file_with_runtime_dependencies(/home/chris/ros2_ws/src/rover/install/rover_gui/share/colcon-core/packages/rover_gui)
[14.060s] Level 1:colcon.colcon_core.environment:create_environment_scripts_only(rover_gui)
[14.079s] Level 1:colcon.colcon_core.environment:checking '/home/chris/ros2_ws/src/rover/install/rover_gui' for CMake module files
[14.079s] Level 1:colcon.colcon_core.environment:checking '/home/chris/ros2_ws/src/rover/install/rover_gui' for CMake config files
[14.079s] Level 1:colcon.colcon_core.shell:create_environment_hook('rover_gui', 'cmake_prefix_path')
[14.097s] INFO:colcon.colcon_core.shell:Creating environment hook '/home/chris/ros2_ws/src/rover/install/rover_gui/share/rover_gui/hook/cmake_prefix_path.ps1'
[14.098s] INFO:colcon.colcon_core.shell:Creating environment descriptor '/home/chris/ros2_ws/src/rover/install/rover_gui/share/rover_gui/hook/cmake_prefix_path.dsv'
[14.098s] INFO:colcon.colcon_core.shell:Creating environment hook '/home/chris/ros2_ws/src/rover/install/rover_gui/share/rover_gui/hook/cmake_prefix_path.sh'
[14.098s] Level 1:colcon.colcon_core.environment:checking '/home/chris/ros2_ws/src/rover/install/rover_gui/lib'
[14.098s] Level 1:colcon.colcon_core.environment:checking '/home/chris/ros2_ws/src/rover/install/rover_gui/bin'
[14.099s] Level 1:colcon.colcon_core.environment:checking '/home/chris/ros2_ws/src/rover/install/rover_gui/lib/pkgconfig/rover_gui.pc'
[14.099s] Level 1:colcon.colcon_core.environment:checking '/home/chris/ros2_ws/src/rover/install/rover_gui/lib/python3.10/site-packages'
[14.099s] Level 1:colcon.colcon_core.environment:checking '/home/chris/ros2_ws/src/rover/install/rover_gui/bin'
[14.118s] INFO:colcon.colcon_core.shell:Creating package script '/home/chris/ros2_ws/src/rover/install/rover_gui/share/rover_gui/package.ps1'
[14.118s] INFO:colcon.colcon_core.shell:Creating package descriptor '/home/chris/ros2_ws/src/rover/install/rover_gui/share/rover_gui/package.dsv'
[14.119s] INFO:colcon.colcon_core.shell:Creating package script '/home/chris/ros2_ws/src/rover/install/rover_gui/share/rover_gui/package.sh'
[14.119s] INFO:colcon.colcon_core.shell:Creating package script '/home/chris/ros2_ws/src/rover/install/rover_gui/share/rover_gui/package.bash'
[14.119s] INFO:colcon.colcon_core.shell:Creating package script '/home/chris/ros2_ws/src/rover/install/rover_gui/share/rover_gui/package.zsh'
[14.120s] Level 1:colcon.colcon_core.environment:create_file_with_runtime_dependencies(/home/chris/ros2_ws/src/rover/install/rover_gui/share/colcon-core/packages/rover_gui)
[14.120s] DEBUG:colcon.colcon_parallel_executor.executor.parallel:closing loop
[14.120s] DEBUG:colcon.colcon_parallel_executor.executor.parallel:loop closed
[14.120s] DEBUG:colcon.colcon_parallel_executor.executor.parallel:run_until_complete finished with '0'
[14.120s] DEBUG:colcon.colcon_core.event_reactor:joining thread
[14.164s] INFO:colcon.colcon_core.plugin_system:Skipping extension 'colcon_notification.desktop_notification.terminal_notifier': Not used on non-Darwin systems
[14.164s] INFO:colcon.colcon_core.plugin_system:Skipping extension 'colcon_notification.desktop_notification.win32': Not used on non-Windows systems
[14.164s] INFO:colcon.colcon_notification.desktop_notification:Sending desktop notification using 'notify2'
[14.176s] DEBUG:colcon.colcon_core.event_reactor:joined thread
[14.197s] INFO:colcon.colcon_core.shell:Creating prefix script '/home/chris/ros2_ws/src/rover/install/local_setup.ps1'
[14.198s] INFO:colcon.colcon_core.shell:Creating prefix util module '/home/chris/ros2_ws/src/rover/install/_local_setup_util_ps1.py'
[14.199s] INFO:colcon.colcon_core.shell:Creating prefix chain script '/home/chris/ros2_ws/src/rover/install/setup.ps1'
[14.223s] INFO:colcon.colcon_core.shell:Creating prefix script '/home/chris/ros2_ws/src/rover/install/local_setup.sh'
[14.223s] INFO:colcon.colcon_core.shell:Creating prefix util module '/home/chris/ros2_ws/src/rover/install/_local_setup_util_sh.py'
[14.224s] INFO:colcon.colcon_core.shell:Creating prefix chain script '/home/chris/ros2_ws/src/rover/install/setup.sh'
[14.247s] INFO:colcon.colcon_core.shell:Creating prefix script '/home/chris/ros2_ws/src/rover/install/local_setup.bash'
[14.248s] INFO:colcon.colcon_core.shell:Creating prefix chain script '/home/chris/ros2_ws/src/rover/install/setup.bash'
[14.270s] INFO:colcon.colcon_core.shell:Creating prefix script '/home/chris/ros2_ws/src/rover/install/local_setup.zsh'
[14.271s] INFO:colcon.colcon_core.shell:Creating prefix chain script '/home/chris/ros2_ws/src/rover/install/setup.zsh'
