[0.135s] Invoking command in '/home/chris/ros2_ws/src/rover/build/rover_gui': CMAKE_PREFIX_PATH=${CMAKE_PREFIX_PATH}:/home/chris/ros2_ws/install/rover_sim:/home/chris/ros2_ws/install/panorama:/home/chris/ros2_ws/install/moveit_configs_utils:/opt/ros/humble /usr/bin/cmake --build /home/chris/ros2_ws/src/rover/build/rover_gui -- -j12 -l12
[0.181s] -- Found ament_cmake: 1.3.6 (/opt/ros/humble/share/ament_cmake/cmake)
[0.424s] -- Found rclcpp: 16.0.7 (/opt/ros/humble/share/rclcpp/cmake)
[0.496s] -- Found rosidl_generator_c: 3.1.5 (/opt/ros/humble/share/rosidl_generator_c/cmake)
[0.503s] -- Found rosidl_adapter: 3.1.5 (/opt/ros/humble/share/rosidl_adapter/cmake)
[0.519s] -- Found rosidl_generator_cpp: 3.1.5 (/opt/ros/humble/share/rosidl_generator_cpp/cmake)
[0.545s] -- Using all available rosidl_typesupport_c: rosidl_typesupport_fastrtps_c;rosidl_typesupport_introspection_c
[0.578s] -- Using all available rosidl_typesupport_cpp: rosidl_typesupport_fastrtps_cpp;rosidl_typesupport_introspection_cpp
[0.687s] -- Found rmw_implementation_cmake: 6.1.1 (/opt/ros/humble/share/rmw_implementation_cmake/cmake)
[0.692s] -- Found rmw_fastrtps_cpp: 6.2.5 (/opt/ros/humble/share/rmw_fastrtps_cpp/cmake)
[0.893s] -- Using RMW implementation 'rmw_fastrtps_cpp' as default
[1.154s] -- Found rover_msgs: 0.0.0 (/home/chris/ros2_ws/install/rover_msgs/share/rover_msgs/cmake)
[1.324s] -- Checking for modules 'gstreamer-1.0;gstreamer-plugins-base-1.0;gstreamer-video-1.0;gstreamer-app-1.0'
[1.363s] --   Found gstreamer-1.0, version 1.20.3
[1.377s] --   Found gstreamer-plugins-base-1.0, version 1.20.1
[1.391s] --   Found gstreamer-video-1.0, version 1.20.1
[1.405s] --   Found gstreamer-app-1.0, version 1.20.1
[1.556s] -- Configuring done
[1.596s] -- Generating done
[1.599s] -- Build files have been written to: /home/chris/ros2_ws/src/rover/build/rover_gui
[1.650s] [  5%] [34m[1mGenerating UI files...[0m
[1.656s] [0;34m=== Generating UI files ... ===[0m
[1.670s] [0;32m[SUCCESS] Compiled /home/chris/ros2_ws/src/rover/rover_gui/ui/ui/FileExplorer.ui to /home/chris/ros2_ws/src/rover/rover_gui/ui/include/UI_FileExplorer.h[0m
[1.680s] [0;32m[SUCCESS] Compiled /home/chris/ros2_ws/src/rover/rover_gui/ui/ui/Notification.ui to /home/chris/ros2_ws/src/rover/rover_gui/ui/include/UI_Notification.h[0m
[1.690s] [0;32m[SUCCESS] Compiled /home/chris/ros2_ws/src/rover/rover_gui/ui/ui/Player.ui to /home/chris/ros2_ws/src/rover/rover_gui/ui/include/UI_Player.h[0m
[1.701s] [  5%] Built target run_generate_ui
[1.728s] [ 10%] [34m[1mAutomatic MOC for target main_gui[0m
[2.288s] [ 10%] Built target main_gui_autogen
[2.302s] [ 15%] [34m[1mGenerating qrc_resources.cpp[0m
[2.325s] [35m[1mConsolidate compiler generated dependencies of target main_gui[0m
[2.380s] [ 20%] [32mBuilding CXX object CMakeFiles/main_gui.dir/main_gui_autogen/mocs_compilation.cpp.o[0m
[2.383s] [ 25%] [32mBuilding CXX object CMakeFiles/main_gui.dir/src/main_gui.cpp.o[0m
[2.383s] [ 35%] [32mBuilding CXX object CMakeFiles/main_gui.dir/src/Global/QTmpFolderManager.cpp.o[0m
[2.383s] [ 40%] [32mBuilding CXX object CMakeFiles/main_gui.dir/src/Global/Workers/QWorker.cpp.o[0m
[2.383s] [ 35%] [32mBuilding CXX object CMakeFiles/main_gui.dir/src/Global/Helpers/QHelpers.cpp.o[0m
[2.383s] [ 45%] [32mBuilding CXX object CMakeFiles/main_gui.dir/src/QSshFileExplorer/Worker/LibSshSupportModule.cpp.o[0m
[2.383s] [ 55%] [32mBuilding CXX object CMakeFiles/main_gui.dir/src/QSshFileExplorer/QDownloadedFileManager.cpp.o[0m
[2.384s] [ 55%] [32mBuilding CXX object CMakeFiles/main_gui.dir/src/QSshFileExplorer/Worker/QSshWorker.cpp.o[0m
[2.384s] [ 60%] [32mBuilding CXX object CMakeFiles/main_gui.dir/src/QSshFileExplorer/QFileItem.cpp.o[0m
[2.384s] [ 65%] [32mBuilding CXX object CMakeFiles/main_gui.dir/src/QSshFileExplorer/QFileTransferWidget.cpp.o[0m
[2.388s] [ 70%] [32mBuilding CXX object CMakeFiles/main_gui.dir/src/QSshFileExplorer/QIconManager.cpp.o[0m
[2.395s] [ 75%] [32mBuilding CXX object CMakeFiles/main_gui.dir/src/QSshFileExplorer/QSshFileExplorerWidget.cpp.o[0m
[6.896s] [ 80%] [32mBuilding CXX object CMakeFiles/main_gui.dir/src/QSshFileExplorer/QTreeViewExplorer.cpp.o[0m
[7.729s] [ 85%] [32mBuilding CXX object CMakeFiles/main_gui.dir/src/QRtspPlayer/QRtspPlayerWidget.cpp.o[0m
[11.264s] [ 90%] [32mBuilding CXX object CMakeFiles/main_gui.dir/src/QRtspPlayer/QGStreamerWorker.cpp.o[0m
[11.794s] [01m[K/home/chris/ros2_ws/src/rover/rover_gui/src/QSshFileExplorer/Worker/LibSshSupportModule.cpp:[m[K In function ‘[01m[Kbool LibSshSupportModule::getSftpFileSize(sftp_session, const string&, uint64_t&)[m[K’:
[11.795s] [01m[K/home/chris/ros2_ws/src/rover/rover_gui/src/QSshFileExplorer/Worker/LibSshSupportModule.cpp:172:19:[m[K [01;31m[Kerror: [m[K‘[01m[KCHECK_POINTER_VALID[m[K’ was not declared in this scope
[11.795s]   172 |         success = [01;31m[KCHECK_POINTER_VALID[m[K(sftp_);
[11.795s]       |                   [01;31m[K^~~~~~~~~~~~~~~~~~~[m[K
[13.349s] gmake[2]: *** [CMakeFiles/main_gui.dir/build.make:154: CMakeFiles/main_gui.dir/src/QSshFileExplorer/Worker/LibSshSupportModule.cpp.o] Error 1
[13.349s] gmake[2]: *** Waiting for unfinished jobs....
[17.145s] gmake[1]: *** [CMakeFiles/Makefile2:167: CMakeFiles/main_gui.dir/all] Error 2
[17.145s] gmake: *** [Makefile:146: all] Error 2
[17.148s] Invoked command in '/home/chris/ros2_ws/src/rover/build/rover_gui' returned '2': CMAKE_PREFIX_PATH=${CMAKE_PREFIX_PATH}:/home/chris/ros2_ws/install/rover_sim:/home/chris/ros2_ws/install/panorama:/home/chris/ros2_ws/install/moveit_configs_utils:/opt/ros/humble /usr/bin/cmake --build /home/chris/ros2_ws/src/rover/build/rover_gui -- -j12 -l12
