[0.005s] Invoking command in '/home/chris/ros2_ws/src/rover/build/rover_gui': AMENT_PREFIX_PATH=/home/chris/ros2_ws/src/rover/install/rover_msgs:${AMENT_PREFIX_PATH} CMAKE_PREFIX_PATH=/home/chris/ros2_ws/src/rover/install/rover_msgs:/opt/ros/humble LD_LIBRARY_PATH=/home/chris/ros2_ws/src/rover/install/rover_msgs/lib:${LD_LIBRARY_PATH} PYTHONPATH=/home/chris/ros2_ws/src/rover/install/rover_msgs/local/lib/python3.10/dist-packages:${PYTHONPATH} /usr/bin/cmake /home/chris/ros2_ws/src/rover/rover_gui -DCMAKE_INSTALL_PREFIX=/home/chris/ros2_ws/src/rover/install/rover_gui
[0.031s] -- The C compiler identification is GNU 11.4.0
[0.056s] -- The CXX compiler identification is GNU 11.4.0
[0.060s] -- Detecting C compiler ABI info
[0.087s] -- Detecting C compiler ABI info - done
[0.091s] -- Check for working C compiler: /usr/bin/cc - skipped
[0.091s] -- Detecting C compile features
[0.091s] -- Detecting C compile features - done
[0.093s] -- Detecting CXX compiler ABI info
[0.126s] -- Detecting CXX compiler ABI info - done
[0.130s] -- Check for working CXX compiler: /usr/bin/c++ - skipped
[0.130s] -- Detecting CXX compile features
[0.130s] -- Detecting CXX compile features - done
[0.131s] -- Found ament_cmake: 1.3.11 (/opt/ros/humble/share/ament_cmake/cmake)
[0.196s] -- Found Python3: /usr/bin/python3 (found version "3.10.12") found components: Interpreter 
[0.232s] -- Found rclcpp: 16.0.12 (/opt/ros/humble/share/rclcpp/cmake)
[0.250s] -- Found rosidl_generator_c: 3.1.6 (/opt/ros/humble/share/rosidl_generator_c/cmake)
[0.253s] -- Found rosidl_adapter: 3.1.6 (/opt/ros/humble/share/rosidl_adapter/cmake)
[0.256s] -- Found rosidl_generator_cpp: 3.1.6 (/opt/ros/humble/share/rosidl_generator_cpp/cmake)
[0.261s] -- Using all available rosidl_typesupport_c: rosidl_typesupport_fastrtps_c;rosidl_typesupport_introspection_c
[0.268s] -- Using all available rosidl_typesupport_cpp: rosidl_typesupport_fastrtps_cpp;rosidl_typesupport_introspection_cpp
[0.288s] -- Found rmw_implementation_cmake: 6.1.2 (/opt/ros/humble/share/rmw_implementation_cmake/cmake)
[0.289s] -- Found rmw_fastrtps_cpp: 6.2.7 (/opt/ros/humble/share/rmw_fastrtps_cpp/cmake)
[0.321s] -- Found OpenSSL: /usr/lib/aarch64-linux-gnu/libcrypto.so (found version "3.0.2")  
[0.333s] -- Found FastRTPS: /opt/ros/humble/include  
[0.351s] -- Using RMW implementation 'rmw_fastrtps_cpp' as default
[0.354s] -- Looking for pthread.h
[0.384s] -- Looking for pthread.h - found
[0.384s] -- Performing Test CMAKE_HAVE_LIBC_PTHREAD
[0.414s] -- Performing Test CMAKE_HAVE_LIBC_PTHREAD - Success
[0.415s] -- Found Threads: TRUE  
[0.440s] -- Found rover_msgs: 0.0.0 (/home/chris/ros2_ws/src/rover/install/rover_msgs/share/rover_msgs/cmake)
[0.449s] [31mCMake Error at CMakeLists.txt:15 (find_package):
[0.449s]   By not providing "FindQt6.cmake" in CMAKE_MODULE_PATH this project has
[0.449s]   asked CMake to find a package configuration file provided by "Qt6", but
[0.449s]   CMake did not find one.
[0.449s] 
[0.449s]   Could not find a package configuration file provided by "Qt6" with any of
[0.449s]   the following names:
[0.449s] 
[0.449s]     Qt6Config.cmake
[0.449s]     qt6-config.cmake
[0.449s] 
[0.449s]   Add the installation prefix of "Qt6" to CMAKE_PREFIX_PATH or set "Qt6_DIR"
[0.449s]   to a directory containing one of the above files.  If "Qt6" provides a
[0.449s]   separate development package or SDK, be sure it has been installed.
[0.449s] 
[0.449s] [0m
[0.449s] -- Configuring incomplete, errors occurred!
[0.449s] See also "/home/chris/ros2_ws/src/rover/build/rover_gui/CMakeFiles/CMakeOutput.log".
[0.453s] Invoked command in '/home/chris/ros2_ws/src/rover/build/rover_gui' returned '1': AMENT_PREFIX_PATH=/home/chris/ros2_ws/src/rover/install/rover_msgs:${AMENT_PREFIX_PATH} CMAKE_PREFIX_PATH=/home/chris/ros2_ws/src/rover/install/rover_msgs:/opt/ros/humble LD_LIBRARY_PATH=/home/chris/ros2_ws/src/rover/install/rover_msgs/lib:${LD_LIBRARY_PATH} PYTHONPATH=/home/chris/ros2_ws/src/rover/install/rover_msgs/local/lib/python3.10/dist-packages:${PYTHONPATH} /usr/bin/cmake /home/chris/ros2_ws/src/rover/rover_gui -DCMAKE_INSTALL_PREFIX=/home/chris/ros2_ws/src/rover/install/rover_gui
