[  3%] [34m[1mGenerating UI files...[0m
[0;34m=== Generating UI files ... ===[0m
[0;32m[SUCCESS] Compiled /home/chris/ros2_ws/src/rover/rover_gui/ui/ui/Example.ui to /home/chris/ros2_ws/src/rover/rover_gui/ui/include/UI_Example.h[0m
[0;32m[SUCCESS] Compiled /home/chris/ros2_ws/src/rover/rover_gui/ui/ui/FileExplorer.ui to /home/chris/ros2_ws/src/rover/rover_gui/ui/include/UI_FileExplorer.h[0m
[0;32m[SUCCESS] Compiled /home/chris/ros2_ws/src/rover/rover_gui/ui/ui/MainPage.ui to /home/chris/ros2_ws/src/rover/rover_gui/ui/include/UI_MainPage.h[0m
[0;32m[SUCCESS] Compiled /home/chris/ros2_ws/src/rover/rover_gui/ui/ui/Notification.ui to /home/chris/ros2_ws/src/rover/rover_gui/ui/include/UI_Notification.h[0m
[0;32m[SUCCESS] Compiled /home/chris/ros2_ws/src/rover/rover_gui/ui/ui/Player.ui to /home/chris/ros2_ws/src/rover/rover_gui/ui/include/UI_Player.h[0m
[0;32m[SUCCESS] Compiled /home/chris/ros2_ws/src/rover/rover_gui/ui/ui/SideBar.ui to /home/chris/ros2_ws/src/rover/rover_gui/ui/include/UI_SideBar.h[0m
[  3%] Built target run_generate_ui
[  7%] [34m[1mAutomatic MOC for target main_gui[0m
AutoMoc warning
---------------
"SRC:/src/gui.cpp"
includes the moc file "gui.moc", but does not contain a Q_OBJECT, Q_GADGET, Q_NAMESPACE or Q_NAMESPACE_EXPORT macro.

AutoMoc: /home/chris/ros2_ws/src/rover/rover_gui/src/gui.cpp:0:1: note: No relevant classes found. No output generated.
[  7%] Built target main_gui_autogen
[35m[1mConsolidate compiler generated dependencies of target main_gui[0m
[ 11%] [32mBuilding CXX object CMakeFiles/main_gui.dir/main_gui_autogen/mocs_compilation.cpp.o[0m
[ 14%] [32mBuilding CXX object CMakeFiles/main_gui.dir/src/gui.cpp.o[0m
[ 18%] [32mBuilding CXX object CMakeFiles/main_gui.dir/src/MainWindow.cpp.o[0m
[ 22%] [32mBuilding CXX object CMakeFiles/main_gui.dir/src/SecondaryWindow.cpp.o[0m
[ 25%] [32mBuilding CXX object CMakeFiles/main_gui.dir/src/QSshFileExplorer/QFileTransferWidget.cpp.o[0m
[ 29%] [32mBuilding CXX object CMakeFiles/main_gui.dir/src/QSshFileExplorer/QSshFileExplorerWidget.cpp.o[0m
[ 33%] [32mBuilding CXX object CMakeFiles/main_gui.dir/src/QSideBar/QSideBar.cpp.o[0m
[ 37%] [32mBuilding CXX object CMakeFiles/main_gui.dir/src/QDashboard/QDashboard.cpp.o[0m
[ 40%] [32mBuilding CXX object CMakeFiles/main_gui.dir/src/QDashboard/QExample.cpp.o[0m
[ 44%] [32mBuilding CXX object CMakeFiles/main_gui.dir/src/QRtspPlayer/QRtspPlayerWidget.cpp.o[0m
[ 48%] [32m[1mLinking CXX executable main_gui[0m
/usr/bin/ld: CMakeFiles/main_gui.dir/main_gui_autogen/mocs_compilation.cpp.o: in function `RtspPlayerWidget::qt_static_metacall(QObject*, QMetaObject::Call, int, void**)':
mocs_compilation.cpp:(.text+0x1818): undefined reference to `RtspPlayerWidget::onPipelineStarted(_GstElement*)'
/usr/bin/ld: mocs_compilation.cpp:(.text+0x1834): undefined reference to `RtspPlayerWidget::onErrorOccurred(QString const&)'
/usr/bin/ld: mocs_compilation.cpp:(.text+0x185c): undefined reference to `RtspPlayerWidget::onNewLogMessage(QString const&, QString const&)'
/usr/bin/ld: mocs_compilation.cpp:(.text+0x187c): undefined reference to `RtspPlayerWidget::onToggleDebug(bool)'
/usr/bin/ld: mocs_compilation.cpp:(.text+0x189c): undefined reference to `RtspPlayerWidget::onToggleInfo(bool)'
/usr/bin/ld: mocs_compilation.cpp:(.text+0x18bc): undefined reference to `RtspPlayerWidget::onToggleWarning(bool)'
/usr/bin/ld: mocs_compilation.cpp:(.text+0x18dc): undefined reference to `RtspPlayerWidget::onToggleError(bool)'
/usr/bin/ld: mocs_compilation.cpp:(.text+0x18e8): undefined reference to `RtspPlayerWidget::onClearLogs()'
/usr/bin/ld: mocs_compilation.cpp:(.text+0x18f4): undefined reference to `RtspPlayerWidget::onToggleView()'
/usr/bin/ld: CMakeFiles/main_gui.dir/main_gui_autogen/mocs_compilation.cpp.o:(.data.rel.ro._ZTV16RtspPlayerWidget[_ZTV16RtspPlayerWidget]+0x28): undefined reference to `RtspPlayerWidget::~RtspPlayerWidget()'
/usr/bin/ld: CMakeFiles/main_gui.dir/main_gui_autogen/mocs_compilation.cpp.o:(.data.rel.ro._ZTV16RtspPlayerWidget[_ZTV16RtspPlayerWidget]+0x30): undefined reference to `RtspPlayerWidget::~RtspPlayerWidget()'
/usr/bin/ld: CMakeFiles/main_gui.dir/main_gui_autogen/mocs_compilation.cpp.o:(.data.rel.ro._ZTV16RtspPlayerWidget[_ZTV16RtspPlayerWidget]+0x1c0): undefined reference to `non-virtual thunk to RtspPlayerWidget::~RtspPlayerWidget()'
/usr/bin/ld: CMakeFiles/main_gui.dir/main_gui_autogen/mocs_compilation.cpp.o:(.data.rel.ro._ZTV16RtspPlayerWidget[_ZTV16RtspPlayerWidget]+0x1c8): undefined reference to `non-virtual thunk to RtspPlayerWidget::~RtspPlayerWidget()'
/usr/bin/ld: CMakeFiles/main_gui.dir/src/SecondaryWindow.cpp.o: in function `SecondaryWindow::editStream()':
SecondaryWindow.cpp:(.text+0x2298): undefined reference to `RtspPlayerWidget::stopStream()'
/usr/bin/ld: CMakeFiles/main_gui.dir/src/QRtspPlayer/QRtspPlayerWidget.cpp.o: in function `RtspPlayerWidget::RtspPlayerWidget(QWidget*, QString const&)::{lambda()#2}::operator()() const':
QRtspPlayerWidget.cpp:(.text+0x5f8): undefined reference to `RtspPlayerWidget::emitStateChanged()'
/usr/bin/ld: QRtspPlayerWidget.cpp:(.text+0x648): undefined reference to `RtspPlayerWidget::updateStatusIndicator(QString const&)'
/usr/bin/ld: CMakeFiles/main_gui.dir/src/QRtspPlayer/QRtspPlayerWidget.cpp.o: in function `RtspPlayerWidget::RtspPlayerWidget(QWidget*, QString const&)::{lambda()#3}::operator()() const':
QRtspPlayerWidget.cpp:(.text+0xa4c): undefined reference to `RtspPlayerWidget::updateStatusIndicator(QString const&)'
/usr/bin/ld: QRtspPlayerWidget.cpp:(.text+0xa60): undefined reference to `RtspPlayerWidget::emitStateChanged()'
/usr/bin/ld: CMakeFiles/main_gui.dir/src/QRtspPlayer/QRtspPlayerWidget.cpp.o: in function `RtspPlayerWidget::RtspPlayerWidget(QWidget*, QString const&)::{lambda()#4}::operator()() const':
QRtspPlayerWidget.cpp:(.text+0xba4): undefined reference to `RtspPlayerWidget::updateStatusIndicator(QString const&)'
/usr/bin/ld: CMakeFiles/main_gui.dir/src/QRtspPlayer/QRtspPlayerWidget.cpp.o: in function `RtspPlayerWidget::RtspPlayerWidget(QWidget*, QString const&)':
QRtspPlayerWidget.cpp:(.text+0x11dc): undefined reference to `RtspPlayerWidget::setupUI()'
/usr/bin/ld: QRtspPlayerWidget.cpp:(.text+0x1660): undefined reference to `RtspPlayerWidget::onPipelineStarted(_GstElement*)'
/usr/bin/ld: QRtspPlayerWidget.cpp:(.text+0x1664): undefined reference to `RtspPlayerWidget::onPipelineStarted(_GstElement*)'
/usr/bin/ld: QRtspPlayerWidget.cpp:(.text+0x16b0): undefined reference to `RtspPlayerWidget::onErrorOccurred(QString const&)'
/usr/bin/ld: QRtspPlayerWidget.cpp:(.text+0x16b4): undefined reference to `RtspPlayerWidget::onErrorOccurred(QString const&)'
/usr/bin/ld: QRtspPlayerWidget.cpp:(.text+0x1810): undefined reference to `RtspPlayerWidget::updateStatusIndicator(QString const&)'
/usr/bin/ld: QRtspPlayerWidget.cpp:(.text+0x1a2c): undefined reference to `RtspPlayerWidget::emitStateChanged()'
/usr/bin/ld: CMakeFiles/main_gui.dir/src/QRtspPlayer/QRtspPlayerWidget.cpp.o: in function `RtspPlayerWidget::startStream(QString const&)':
QRtspPlayerWidget.cpp:(.text+0x22e0): undefined reference to `RtspPlayerWidget::updateStatusIndicator(QString const&)'
collect2: error: ld returned 1 exit status
gmake[2]: *** [CMakeFiles/main_gui.dir/build.make:526: main_gui] Error 1
gmake[1]: *** [CMakeFiles/Makefile2:167: CMakeFiles/main_gui.dir/all] Error 2
gmake: *** [Makefile:146: all] Error 2
