[0.045s] DEBUG:colcon:Command line arguments: ['/usr/bin/colcon', 'build', '--packages-select', 'rover_msgs']
[0.045s] DEBUG:colcon:Parsed command line arguments: Namespace(log_base=None, log_level=None, verb_name='build', build_base='build', install_base='install', merge_install=False, symlink_install=False, test_result_base=None, continue_on_error=False, executor='parallel', parallel_workers=2, event_handlers=None, ignore_user_meta=False, metas=['./colcon.meta'], base_paths=['.'], packages_ignore=None, packages_ignore_regex=None, paths=None, packages_up_to=None, packages_up_to_regex=None, packages_above=None, packages_above_and_dependencies=None, packages_above_depth=None, packages_select_by_dep=None, packages_skip_by_dep=None, packages_skip_up_to=None, packages_select_build_failed=False, packages_skip_build_finished=False, packages_select_test_failures=False, packages_skip_test_passed=False, packages_select=['rover_msgs'], packages_skip=None, packages_select_regex=None, packages_skip_regex=None, packages_start=None, packages_end=None, allow_overriding=[], cmake_args=None, cmake_target=None, cmake_target_skip_unavailable=False, cmake_clean_cache=False, cmake_clean_first=False, cmake_force_configure=False, ament_cmake_args=None, catkin_cmake_args=None, catkin_skip_building_tests=False, verb_parser=<colcon_defaults.argument_parser.defaults.DefaultArgumentsDecorator object at 0xe58115e77160>, verb_extension=<colcon_core.verb.build.BuildVerb object at 0xe581160cc910>, main=<bound method BuildVerb.main of <colcon_core.verb.build.BuildVerb object at 0xe581160cc910>>)
[0.105s] Level 1:colcon.colcon_core.package_discovery:discover_packages(colcon_meta) check parameters
[0.105s] Level 1:colcon.colcon_core.package_discovery:discover_packages(recursive) check parameters
[0.106s] Level 1:colcon.colcon_core.package_discovery:discover_packages(ignore) check parameters
[0.106s] Level 1:colcon.colcon_core.package_discovery:discover_packages(path) check parameters
[0.106s] Level 1:colcon.colcon_core.package_discovery:discover_packages(colcon_meta) discover
[0.106s] Level 1:colcon.colcon_core.package_discovery:discover_packages(recursive) discover
[0.106s] INFO:colcon.colcon_core.package_discovery:Crawling recursively for packages in '/home/chris/ros2_ws/src/rover'
[0.106s] Level 1:colcon.colcon_core.package_identification:_identify(.) by extensions ['ignore', 'ignore_ament_install']
[0.106s] Level 1:colcon.colcon_core.package_identification:_identify(.) by extension 'ignore'
[0.106s] Level 1:colcon.colcon_core.package_identification:_identify(.) by extension 'ignore_ament_install'
[0.106s] Level 1:colcon.colcon_core.package_identification:_identify(.) by extensions ['colcon_pkg']
[0.106s] Level 1:colcon.colcon_core.package_identification:_identify(.) by extension 'colcon_pkg'
[0.106s] Level 1:colcon.colcon_core.package_identification:_identify(.) by extensions ['colcon_meta']
[0.106s] Level 1:colcon.colcon_core.package_identification:_identify(.) by extension 'colcon_meta'
[0.106s] Level 1:colcon.colcon_core.package_identification:_identify(.) by extensions ['ros']
[0.106s] Level 1:colcon.colcon_core.package_identification:_identify(.) by extension 'ros'
[0.111s] Level 1:colcon.colcon_core.package_identification:_identify(.) by extensions ['cmake', 'python']
[0.111s] Level 1:colcon.colcon_core.package_identification:_identify(.) by extension 'cmake'
[0.111s] Level 1:colcon.colcon_core.package_identification:_identify(.) by extension 'python'
[0.111s] Level 1:colcon.colcon_core.package_identification:_identify(.) by extensions ['python_setup_py']
[0.111s] Level 1:colcon.colcon_core.package_identification:_identify(.) by extension 'python_setup_py'
[0.111s] Level 1:colcon.colcon_core.package_identification:_identify(build) by extensions ['ignore', 'ignore_ament_install']
[0.111s] Level 1:colcon.colcon_core.package_identification:_identify(build) by extension 'ignore'
[0.111s] Level 1:colcon.colcon_core.package_identification:_identify(build) ignored
[0.111s] Level 1:colcon.colcon_core.package_identification:_identify(install) by extensions ['ignore', 'ignore_ament_install']
[0.111s] Level 1:colcon.colcon_core.package_identification:_identify(install) by extension 'ignore'
[0.111s] Level 1:colcon.colcon_core.package_identification:_identify(install) ignored
[0.111s] Level 1:colcon.colcon_core.package_identification:_identify(log) by extensions ['ignore', 'ignore_ament_install']
[0.111s] Level 1:colcon.colcon_core.package_identification:_identify(log) by extension 'ignore'
[0.111s] Level 1:colcon.colcon_core.package_identification:_identify(log) ignored
[0.111s] Level 1:colcon.colcon_core.package_identification:_identify(rover_antenna) by extensions ['ignore', 'ignore_ament_install']
[0.111s] Level 1:colcon.colcon_core.package_identification:_identify(rover_antenna) by extension 'ignore'
[0.111s] Level 1:colcon.colcon_core.package_identification:_identify(rover_antenna) by extension 'ignore_ament_install'
[0.111s] Level 1:colcon.colcon_core.package_identification:_identify(rover_antenna) by extensions ['colcon_pkg']
[0.111s] Level 1:colcon.colcon_core.package_identification:_identify(rover_antenna) by extension 'colcon_pkg'
[0.111s] Level 1:colcon.colcon_core.package_identification:_identify(rover_antenna) by extensions ['colcon_meta']
[0.111s] Level 1:colcon.colcon_core.package_identification:_identify(rover_antenna) by extension 'colcon_meta'
[0.111s] Level 1:colcon.colcon_core.package_identification:_identify(rover_antenna) by extensions ['ros']
[0.111s] Level 1:colcon.colcon_core.package_identification:_identify(rover_antenna) by extension 'ros'
[0.112s] DEBUG:colcon.colcon_core.package_identification:Package 'rover_antenna' with type 'ros.ament_cmake' and name 'rover_antenna'
[0.112s] Level 1:colcon.colcon_core.package_identification:_identify(rover_arm) by extensions ['ignore', 'ignore_ament_install']
[0.112s] Level 1:colcon.colcon_core.package_identification:_identify(rover_arm) by extension 'ignore'
[0.112s] Level 1:colcon.colcon_core.package_identification:_identify(rover_arm) by extension 'ignore_ament_install'
[0.112s] Level 1:colcon.colcon_core.package_identification:_identify(rover_arm) by extensions ['colcon_pkg']
[0.112s] Level 1:colcon.colcon_core.package_identification:_identify(rover_arm) by extension 'colcon_pkg'
[0.112s] Level 1:colcon.colcon_core.package_identification:_identify(rover_arm) by extensions ['colcon_meta']
[0.112s] Level 1:colcon.colcon_core.package_identification:_identify(rover_arm) by extension 'colcon_meta'
[0.113s] Level 1:colcon.colcon_core.package_identification:_identify(rover_arm) by extensions ['ros']
[0.113s] Level 1:colcon.colcon_core.package_identification:_identify(rover_arm) by extension 'ros'
[0.113s] DEBUG:colcon.colcon_core.package_identification:Package 'rover_arm' with type 'ros.ament_cmake' and name 'rover_arm'
[0.113s] Level 1:colcon.colcon_core.package_identification:_identify(rover_auxiliary) by extensions ['ignore', 'ignore_ament_install']
[0.113s] Level 1:colcon.colcon_core.package_identification:_identify(rover_auxiliary) by extension 'ignore'
[0.113s] Level 1:colcon.colcon_core.package_identification:_identify(rover_auxiliary) by extension 'ignore_ament_install'
[0.113s] Level 1:colcon.colcon_core.package_identification:_identify(rover_auxiliary) by extensions ['colcon_pkg']
[0.113s] Level 1:colcon.colcon_core.package_identification:_identify(rover_auxiliary) by extension 'colcon_pkg'
[0.113s] Level 1:colcon.colcon_core.package_identification:_identify(rover_auxiliary) by extensions ['colcon_meta']
[0.113s] Level 1:colcon.colcon_core.package_identification:_identify(rover_auxiliary) by extension 'colcon_meta'
[0.113s] Level 1:colcon.colcon_core.package_identification:_identify(rover_auxiliary) by extensions ['ros']
[0.113s] Level 1:colcon.colcon_core.package_identification:_identify(rover_auxiliary) by extension 'ros'
[0.113s] DEBUG:colcon.colcon_core.package_identification:Package 'rover_auxiliary' with type 'ros.ament_cmake' and name 'rover_auxiliary'
[0.113s] Level 1:colcon.colcon_core.package_identification:_identify(rover_can) by extensions ['ignore', 'ignore_ament_install']
[0.114s] Level 1:colcon.colcon_core.package_identification:_identify(rover_can) by extension 'ignore'
[0.114s] Level 1:colcon.colcon_core.package_identification:_identify(rover_can) by extension 'ignore_ament_install'
[0.114s] Level 1:colcon.colcon_core.package_identification:_identify(rover_can) by extensions ['colcon_pkg']
[0.114s] Level 1:colcon.colcon_core.package_identification:_identify(rover_can) by extension 'colcon_pkg'
[0.114s] Level 1:colcon.colcon_core.package_identification:_identify(rover_can) by extensions ['colcon_meta']
[0.114s] Level 1:colcon.colcon_core.package_identification:_identify(rover_can) by extension 'colcon_meta'
[0.114s] Level 1:colcon.colcon_core.package_identification:_identify(rover_can) by extensions ['ros']
[0.114s] Level 1:colcon.colcon_core.package_identification:_identify(rover_can) by extension 'ros'
[0.114s] DEBUG:colcon.colcon_core.package_identification:Package 'rover_can' with type 'ros.ament_cmake' and name 'rover_can'
[0.114s] Level 1:colcon.colcon_core.package_identification:_identify(rover_drive_train) by extensions ['ignore', 'ignore_ament_install']
[0.114s] Level 1:colcon.colcon_core.package_identification:_identify(rover_drive_train) by extension 'ignore'
[0.114s] Level 1:colcon.colcon_core.package_identification:_identify(rover_drive_train) by extension 'ignore_ament_install'
[0.114s] Level 1:colcon.colcon_core.package_identification:_identify(rover_drive_train) by extensions ['colcon_pkg']
[0.114s] Level 1:colcon.colcon_core.package_identification:_identify(rover_drive_train) by extension 'colcon_pkg'
[0.114s] Level 1:colcon.colcon_core.package_identification:_identify(rover_drive_train) by extensions ['colcon_meta']
[0.114s] Level 1:colcon.colcon_core.package_identification:_identify(rover_drive_train) by extension 'colcon_meta'
[0.114s] Level 1:colcon.colcon_core.package_identification:_identify(rover_drive_train) by extensions ['ros']
[0.114s] Level 1:colcon.colcon_core.package_identification:_identify(rover_drive_train) by extension 'ros'
[0.114s] DEBUG:colcon.colcon_core.package_identification:Package 'rover_drive_train' with type 'ros.ament_cmake' and name 'rover_drive_train'
[0.114s] Level 1:colcon.colcon_core.package_identification:_identify(rover_gui) by extensions ['ignore', 'ignore_ament_install']
[0.115s] Level 1:colcon.colcon_core.package_identification:_identify(rover_gui) by extension 'ignore'
[0.115s] Level 1:colcon.colcon_core.package_identification:_identify(rover_gui) by extension 'ignore_ament_install'
[0.115s] Level 1:colcon.colcon_core.package_identification:_identify(rover_gui) by extensions ['colcon_pkg']
[0.115s] Level 1:colcon.colcon_core.package_identification:_identify(rover_gui) by extension 'colcon_pkg'
[0.115s] Level 1:colcon.colcon_core.package_identification:_identify(rover_gui) by extensions ['colcon_meta']
[0.115s] Level 1:colcon.colcon_core.package_identification:_identify(rover_gui) by extension 'colcon_meta'
[0.115s] Level 1:colcon.colcon_core.package_identification:_identify(rover_gui) by extensions ['ros']
[0.115s] Level 1:colcon.colcon_core.package_identification:_identify(rover_gui) by extension 'ros'
[0.115s] DEBUG:colcon.colcon_core.package_identification:Package 'rover_gui' with type 'ros.ament_cmake' and name 'rover_gui'
[0.115s] Level 1:colcon.colcon_core.package_identification:_identify(rover_helper) by extensions ['ignore', 'ignore_ament_install']
[0.115s] Level 1:colcon.colcon_core.package_identification:_identify(rover_helper) by extension 'ignore'
[0.115s] Level 1:colcon.colcon_core.package_identification:_identify(rover_helper) by extension 'ignore_ament_install'
[0.115s] Level 1:colcon.colcon_core.package_identification:_identify(rover_helper) by extensions ['colcon_pkg']
[0.115s] Level 1:colcon.colcon_core.package_identification:_identify(rover_helper) by extension 'colcon_pkg'
[0.115s] Level 1:colcon.colcon_core.package_identification:_identify(rover_helper) by extensions ['colcon_meta']
[0.115s] Level 1:colcon.colcon_core.package_identification:_identify(rover_helper) by extension 'colcon_meta'
[0.115s] Level 1:colcon.colcon_core.package_identification:_identify(rover_helper) by extensions ['ros']
[0.115s] Level 1:colcon.colcon_core.package_identification:_identify(rover_helper) by extension 'ros'
[0.115s] Level 1:colcon.colcon_core.package_identification:_identify(rover_helper) by extensions ['cmake', 'python']
[0.115s] Level 1:colcon.colcon_core.package_identification:_identify(rover_helper) by extension 'cmake'
[0.115s] Level 1:colcon.colcon_core.package_identification:_identify(rover_helper) by extension 'python'
[0.115s] Level 1:colcon.colcon_core.package_identification:_identify(rover_helper) by extensions ['python_setup_py']
[0.115s] Level 1:colcon.colcon_core.package_identification:_identify(rover_helper) by extension 'python_setup_py'
[0.115s] Level 1:colcon.colcon_core.package_identification:_identify(rover_helper/src) by extensions ['ignore', 'ignore_ament_install']
[0.115s] Level 1:colcon.colcon_core.package_identification:_identify(rover_helper/src) by extension 'ignore'
[0.115s] Level 1:colcon.colcon_core.package_identification:_identify(rover_helper/src) by extension 'ignore_ament_install'
[0.115s] Level 1:colcon.colcon_core.package_identification:_identify(rover_helper/src) by extensions ['colcon_pkg']
[0.115s] Level 1:colcon.colcon_core.package_identification:_identify(rover_helper/src) by extension 'colcon_pkg'
[0.115s] Level 1:colcon.colcon_core.package_identification:_identify(rover_helper/src) by extensions ['colcon_meta']
[0.115s] Level 1:colcon.colcon_core.package_identification:_identify(rover_helper/src) by extension 'colcon_meta'
[0.115s] Level 1:colcon.colcon_core.package_identification:_identify(rover_helper/src) by extensions ['ros']
[0.115s] Level 1:colcon.colcon_core.package_identification:_identify(rover_helper/src) by extension 'ros'
[0.115s] Level 1:colcon.colcon_core.package_identification:_identify(rover_helper/src) by extensions ['cmake', 'python']
[0.115s] Level 1:colcon.colcon_core.package_identification:_identify(rover_helper/src) by extension 'cmake'
[0.115s] Level 1:colcon.colcon_core.package_identification:_identify(rover_helper/src) by extension 'python'
[0.115s] Level 1:colcon.colcon_core.package_identification:_identify(rover_helper/src) by extensions ['python_setup_py']
[0.115s] Level 1:colcon.colcon_core.package_identification:_identify(rover_helper/src) by extension 'python_setup_py'
[0.115s] Level 1:colcon.colcon_core.package_identification:_identify(rover_joy) by extensions ['ignore', 'ignore_ament_install']
[0.115s] Level 1:colcon.colcon_core.package_identification:_identify(rover_joy) by extension 'ignore'
[0.115s] Level 1:colcon.colcon_core.package_identification:_identify(rover_joy) by extension 'ignore_ament_install'
[0.115s] Level 1:colcon.colcon_core.package_identification:_identify(rover_joy) by extensions ['colcon_pkg']
[0.116s] Level 1:colcon.colcon_core.package_identification:_identify(rover_joy) by extension 'colcon_pkg'
[0.116s] Level 1:colcon.colcon_core.package_identification:_identify(rover_joy) by extensions ['colcon_meta']
[0.116s] Level 1:colcon.colcon_core.package_identification:_identify(rover_joy) by extension 'colcon_meta'
[0.116s] Level 1:colcon.colcon_core.package_identification:_identify(rover_joy) by extensions ['ros']
[0.116s] Level 1:colcon.colcon_core.package_identification:_identify(rover_joy) by extension 'ros'
[0.116s] DEBUG:colcon.colcon_core.package_identification:Package 'rover_joy' with type 'ros.ament_cmake' and name 'rover_joy'
[0.116s] Level 1:colcon.colcon_core.package_identification:_identify(rover_msgs) by extensions ['ignore', 'ignore_ament_install']
[0.116s] Level 1:colcon.colcon_core.package_identification:_identify(rover_msgs) by extension 'ignore'
[0.116s] Level 1:colcon.colcon_core.package_identification:_identify(rover_msgs) by extension 'ignore_ament_install'
[0.116s] Level 1:colcon.colcon_core.package_identification:_identify(rover_msgs) by extensions ['colcon_pkg']
[0.116s] Level 1:colcon.colcon_core.package_identification:_identify(rover_msgs) by extension 'colcon_pkg'
[0.116s] Level 1:colcon.colcon_core.package_identification:_identify(rover_msgs) by extensions ['colcon_meta']
[0.116s] Level 1:colcon.colcon_core.package_identification:_identify(rover_msgs) by extension 'colcon_meta'
[0.116s] Level 1:colcon.colcon_core.package_identification:_identify(rover_msgs) by extensions ['ros']
[0.116s] Level 1:colcon.colcon_core.package_identification:_identify(rover_msgs) by extension 'ros'
[0.116s] DEBUG:colcon.colcon_core.package_identification:Package 'rover_msgs' with type 'ros.ament_cmake' and name 'rover_msgs'
[0.116s] Level 1:colcon.colcon_core.package_identification:_identify(rover_security) by extensions ['ignore', 'ignore_ament_install']
[0.116s] Level 1:colcon.colcon_core.package_identification:_identify(rover_security) by extension 'ignore'
[0.116s] Level 1:colcon.colcon_core.package_identification:_identify(rover_security) by extension 'ignore_ament_install'
[0.116s] Level 1:colcon.colcon_core.package_identification:_identify(rover_security) by extensions ['colcon_pkg']
[0.116s] Level 1:colcon.colcon_core.package_identification:_identify(rover_security) by extension 'colcon_pkg'
[0.116s] Level 1:colcon.colcon_core.package_identification:_identify(rover_security) by extensions ['colcon_meta']
[0.116s] Level 1:colcon.colcon_core.package_identification:_identify(rover_security) by extension 'colcon_meta'
[0.116s] Level 1:colcon.colcon_core.package_identification:_identify(rover_security) by extensions ['ros']
[0.116s] Level 1:colcon.colcon_core.package_identification:_identify(rover_security) by extension 'ros'
[0.117s] DEBUG:colcon.colcon_core.package_identification:Package 'rover_security' with type 'ros.ament_cmake' and name 'rover_security'
[0.117s] Level 1:colcon.colcon_core.package_identification:_identify(rover_sim) by extensions ['ignore', 'ignore_ament_install']
[0.117s] Level 1:colcon.colcon_core.package_identification:_identify(rover_sim) by extension 'ignore'
[0.117s] Level 1:colcon.colcon_core.package_identification:_identify(rover_sim) by extension 'ignore_ament_install'
[0.117s] Level 1:colcon.colcon_core.package_identification:_identify(rover_sim) by extensions ['colcon_pkg']
[0.117s] Level 1:colcon.colcon_core.package_identification:_identify(rover_sim) by extension 'colcon_pkg'
[0.117s] Level 1:colcon.colcon_core.package_identification:_identify(rover_sim) by extensions ['colcon_meta']
[0.117s] Level 1:colcon.colcon_core.package_identification:_identify(rover_sim) by extension 'colcon_meta'
[0.117s] Level 1:colcon.colcon_core.package_identification:_identify(rover_sim) by extensions ['ros']
[0.117s] Level 1:colcon.colcon_core.package_identification:_identify(rover_sim) by extension 'ros'
[0.117s] DEBUG:colcon.colcon_core.package_identification:Package 'rover_sim' with type 'ros.ament_python' and name 'rover_sim'
[0.117s] Level 1:colcon.colcon_core.package_identification:_identify(scripts) by extensions ['ignore', 'ignore_ament_install']
[0.117s] Level 1:colcon.colcon_core.package_identification:_identify(scripts) by extension 'ignore'
[0.117s] Level 1:colcon.colcon_core.package_identification:_identify(scripts) by extension 'ignore_ament_install'
[0.117s] Level 1:colcon.colcon_core.package_identification:_identify(scripts) by extensions ['colcon_pkg']
[0.117s] Level 1:colcon.colcon_core.package_identification:_identify(scripts) by extension 'colcon_pkg'
[0.117s] Level 1:colcon.colcon_core.package_identification:_identify(scripts) by extensions ['colcon_meta']
[0.117s] Level 1:colcon.colcon_core.package_identification:_identify(scripts) by extension 'colcon_meta'
[0.117s] Level 1:colcon.colcon_core.package_identification:_identify(scripts) by extensions ['ros']
[0.117s] Level 1:colcon.colcon_core.package_identification:_identify(scripts) by extension 'ros'
[0.117s] Level 1:colcon.colcon_core.package_identification:_identify(scripts) by extensions ['cmake', 'python']
[0.117s] Level 1:colcon.colcon_core.package_identification:_identify(scripts) by extension 'cmake'
[0.117s] Level 1:colcon.colcon_core.package_identification:_identify(scripts) by extension 'python'
[0.117s] Level 1:colcon.colcon_core.package_identification:_identify(scripts) by extensions ['python_setup_py']
[0.117s] Level 1:colcon.colcon_core.package_identification:_identify(scripts) by extension 'python_setup_py'
[0.117s] Level 1:colcon.colcon_core.package_discovery:discover_packages(recursive) using defaults
[0.117s] Level 1:colcon.colcon_core.package_discovery:discover_packages(ignore) discover
[0.117s] Level 1:colcon.colcon_core.package_discovery:discover_packages(ignore) using defaults
[0.117s] Level 1:colcon.colcon_core.package_discovery:discover_packages(path) discover
[0.117s] Level 1:colcon.colcon_core.package_discovery:discover_packages(path) using defaults
[0.127s] INFO:colcon.colcon_core.package_selection:Skipping not selected package 'rover_security' in 'rover_security'
[0.127s] INFO:colcon.colcon_core.package_selection:Skipping not selected package 'rover_antenna' in 'rover_antenna'
[0.127s] INFO:colcon.colcon_core.package_selection:Skipping not selected package 'rover_arm' in 'rover_arm'
[0.127s] INFO:colcon.colcon_core.package_selection:Skipping not selected package 'rover_auxiliary' in 'rover_auxiliary'
[0.127s] INFO:colcon.colcon_core.package_selection:Skipping not selected package 'rover_can' in 'rover_can'
[0.127s] INFO:colcon.colcon_core.package_selection:Skipping not selected package 'rover_drive_train' in 'rover_drive_train'
[0.127s] INFO:colcon.colcon_core.package_selection:Skipping not selected package 'rover_gui' in 'rover_gui'
[0.127s] INFO:colcon.colcon_core.package_selection:Skipping not selected package 'rover_joy' in 'rover_joy'
[0.127s] INFO:colcon.colcon_core.package_selection:Skipping not selected package 'rover_sim' in 'rover_sim'
[0.127s] Level 1:colcon.colcon_core.package_discovery:discover_packages(prefix_path) check parameters
[0.127s] Level 1:colcon.colcon_core.package_discovery:discover_packages(prefix_path) discover
[0.128s] DEBUG:colcon.colcon_installed_package_information.package_discovery:Found 271 installed packages in /opt/ros/humble
[0.133s] Level 1:colcon.colcon_core.package_discovery:discover_packages(prefix_path) using defaults
[0.150s] Level 5:colcon.colcon_core.verb:set package 'rover_msgs' build argument 'cmake_args' from command line to 'None'
[0.150s] Level 5:colcon.colcon_core.verb:set package 'rover_msgs' build argument 'cmake_target' from command line to 'None'
[0.150s] Level 5:colcon.colcon_core.verb:set package 'rover_msgs' build argument 'cmake_target_skip_unavailable' from command line to 'False'
[0.150s] Level 5:colcon.colcon_core.verb:set package 'rover_msgs' build argument 'cmake_clean_cache' from command line to 'False'
[0.150s] Level 5:colcon.colcon_core.verb:set package 'rover_msgs' build argument 'cmake_clean_first' from command line to 'False'
[0.150s] Level 5:colcon.colcon_core.verb:set package 'rover_msgs' build argument 'cmake_force_configure' from command line to 'False'
[0.150s] Level 5:colcon.colcon_core.verb:set package 'rover_msgs' build argument 'ament_cmake_args' from command line to 'None'
[0.150s] Level 5:colcon.colcon_core.verb:set package 'rover_msgs' build argument 'catkin_cmake_args' from command line to 'None'
[0.150s] Level 5:colcon.colcon_core.verb:set package 'rover_msgs' build argument 'catkin_skip_building_tests' from command line to 'False'
[0.150s] DEBUG:colcon.colcon_core.verb:Building package 'rover_msgs' with the following arguments: {'ament_cmake_args': None, 'build_base': '/home/chris/ros2_ws/src/rover/build/rover_msgs', 'catkin_cmake_args': None, 'catkin_skip_building_tests': False, 'cmake_args': None, 'cmake_clean_cache': False, 'cmake_clean_first': False, 'cmake_force_configure': False, 'cmake_target': None, 'cmake_target_skip_unavailable': False, 'install_base': '/home/chris/ros2_ws/src/rover/install/rover_msgs', 'merge_install': False, 'path': '/home/chris/ros2_ws/src/rover/rover_msgs', 'symlink_install': False, 'test_result_base': None}
[0.150s] INFO:colcon.colcon_core.executor:Executing jobs using 'parallel' executor
[0.150s] DEBUG:colcon.colcon_parallel_executor.executor.parallel:run_until_complete
[0.150s] INFO:colcon.colcon_ros.task.ament_cmake.build:Building ROS package in '/home/chris/ros2_ws/src/rover/rover_msgs' with build type 'ament_cmake'
[0.150s] INFO:colcon.colcon_cmake.task.cmake.build:Building CMake package in '/home/chris/ros2_ws/src/rover/rover_msgs'
[0.151s] INFO:colcon.colcon_core.plugin_system:Skipping extension 'colcon_core.shell.bat': Not used on non-Windows systems
[0.152s] INFO:colcon.colcon_core.shell:Skip shell extension 'powershell' for command environment: Not usable outside of PowerShell
[0.152s] DEBUG:colcon.colcon_core.shell:Skip shell extension 'dsv' for command environment
[0.154s] DEBUG:colcon.colcon_core.event_handler.log_command:Invoking command in '/home/chris/ros2_ws/src/rover/build/rover_msgs': CMAKE_PREFIX_PATH=/opt/ros/humble /usr/bin/cmake /home/chris/ros2_ws/src/rover/rover_msgs -DCMAKE_INSTALL_PREFIX=/home/chris/ros2_ws/src/rover/install/rover_msgs
[1.057s] DEBUG:colcon.colcon_core.event_handler.log_command:Invoked command in '/home/chris/ros2_ws/src/rover/build/rover_msgs' returned '0': CMAKE_PREFIX_PATH=/opt/ros/humble /usr/bin/cmake /home/chris/ros2_ws/src/rover/rover_msgs -DCMAKE_INSTALL_PREFIX=/home/chris/ros2_ws/src/rover/install/rover_msgs
[1.058s] DEBUG:colcon.colcon_core.event_handler.log_command:Invoking command in '/home/chris/ros2_ws/src/rover/build/rover_msgs': CMAKE_PREFIX_PATH=/opt/ros/humble /usr/bin/cmake --build /home/chris/ros2_ws/src/rover/build/rover_msgs -- -j2 -l2
[14.750s] DEBUG:colcon.colcon_core.event_handler.log_command:Invoked command in '/home/chris/ros2_ws/src/rover/build/rover_msgs' returned '0': CMAKE_PREFIX_PATH=/opt/ros/humble /usr/bin/cmake --build /home/chris/ros2_ws/src/rover/build/rover_msgs -- -j2 -l2
[14.754s] DEBUG:colcon.colcon_core.event_handler.log_command:Invoking command in '/home/chris/ros2_ws/src/rover/build/rover_msgs': CMAKE_PREFIX_PATH=/opt/ros/humble /usr/bin/cmake --install /home/chris/ros2_ws/src/rover/build/rover_msgs
[14.821s] Level 1:colcon.colcon_core.environment:create_environment_scripts_only(rover_msgs)
[14.821s] DEBUG:colcon.colcon_core.event_handler.log_command:Invoked command in '/home/chris/ros2_ws/src/rover/build/rover_msgs' returned '0': CMAKE_PREFIX_PATH=/opt/ros/humble /usr/bin/cmake --install /home/chris/ros2_ws/src/rover/build/rover_msgs
[14.822s] Level 1:colcon.colcon_core.environment:checking '/home/chris/ros2_ws/src/rover/install/rover_msgs' for CMake module files
[14.822s] Level 1:colcon.colcon_core.environment:checking '/home/chris/ros2_ws/src/rover/install/rover_msgs' for CMake config files
[14.822s] Level 1:colcon.colcon_core.shell:create_environment_hook('rover_msgs', 'cmake_prefix_path')
[14.822s] INFO:colcon.colcon_core.shell:Creating environment hook '/home/chris/ros2_ws/src/rover/install/rover_msgs/share/rover_msgs/hook/cmake_prefix_path.ps1'
[14.823s] INFO:colcon.colcon_core.shell:Creating environment descriptor '/home/chris/ros2_ws/src/rover/install/rover_msgs/share/rover_msgs/hook/cmake_prefix_path.dsv'
[14.823s] INFO:colcon.colcon_core.shell:Creating environment hook '/home/chris/ros2_ws/src/rover/install/rover_msgs/share/rover_msgs/hook/cmake_prefix_path.sh'
[14.824s] Level 1:colcon.colcon_core.environment:checking '/home/chris/ros2_ws/src/rover/install/rover_msgs/lib'
[14.824s] Level 1:colcon.colcon_core.shell:create_environment_hook('rover_msgs', 'ld_library_path_lib')
[14.824s] INFO:colcon.colcon_core.shell:Creating environment hook '/home/chris/ros2_ws/src/rover/install/rover_msgs/share/rover_msgs/hook/ld_library_path_lib.ps1'
[14.824s] INFO:colcon.colcon_core.shell:Creating environment descriptor '/home/chris/ros2_ws/src/rover/install/rover_msgs/share/rover_msgs/hook/ld_library_path_lib.dsv'
[14.824s] INFO:colcon.colcon_core.shell:Creating environment hook '/home/chris/ros2_ws/src/rover/install/rover_msgs/share/rover_msgs/hook/ld_library_path_lib.sh'
[14.825s] Level 1:colcon.colcon_core.environment:checking '/home/chris/ros2_ws/src/rover/install/rover_msgs/bin'
[14.825s] Level 1:colcon.colcon_core.environment:checking '/home/chris/ros2_ws/src/rover/install/rover_msgs/lib/pkgconfig/rover_msgs.pc'
[14.825s] Level 1:colcon.colcon_core.environment:checking '/home/chris/ros2_ws/src/rover/install/rover_msgs/lib/python3.10/site-packages'
[14.825s] Level 1:colcon.colcon_core.environment:checking '/home/chris/ros2_ws/src/rover/install/rover_msgs/bin'
[14.825s] INFO:colcon.colcon_core.shell:Creating package script '/home/chris/ros2_ws/src/rover/install/rover_msgs/share/rover_msgs/package.ps1'
[14.826s] INFO:colcon.colcon_core.shell:Creating package descriptor '/home/chris/ros2_ws/src/rover/install/rover_msgs/share/rover_msgs/package.dsv'
[14.826s] INFO:colcon.colcon_core.shell:Creating package script '/home/chris/ros2_ws/src/rover/install/rover_msgs/share/rover_msgs/package.sh'
[14.826s] INFO:colcon.colcon_core.shell:Creating package script '/home/chris/ros2_ws/src/rover/install/rover_msgs/share/rover_msgs/package.bash'
[14.826s] INFO:colcon.colcon_core.shell:Creating package script '/home/chris/ros2_ws/src/rover/install/rover_msgs/share/rover_msgs/package.zsh'
[14.827s] Level 1:colcon.colcon_core.environment:create_file_with_runtime_dependencies(/home/chris/ros2_ws/src/rover/install/rover_msgs/share/colcon-core/packages/rover_msgs)
[14.827s] Level 1:colcon.colcon_core.environment:create_environment_scripts_only(rover_msgs)
[14.827s] Level 1:colcon.colcon_core.environment:checking '/home/chris/ros2_ws/src/rover/install/rover_msgs' for CMake module files
[14.827s] Level 1:colcon.colcon_core.environment:checking '/home/chris/ros2_ws/src/rover/install/rover_msgs' for CMake config files
[14.827s] Level 1:colcon.colcon_core.shell:create_environment_hook('rover_msgs', 'cmake_prefix_path')
[14.827s] INFO:colcon.colcon_core.shell:Creating environment hook '/home/chris/ros2_ws/src/rover/install/rover_msgs/share/rover_msgs/hook/cmake_prefix_path.ps1'
[14.828s] INFO:colcon.colcon_core.shell:Creating environment descriptor '/home/chris/ros2_ws/src/rover/install/rover_msgs/share/rover_msgs/hook/cmake_prefix_path.dsv'
[14.828s] INFO:colcon.colcon_core.shell:Creating environment hook '/home/chris/ros2_ws/src/rover/install/rover_msgs/share/rover_msgs/hook/cmake_prefix_path.sh'
[14.828s] Level 1:colcon.colcon_core.environment:checking '/home/chris/ros2_ws/src/rover/install/rover_msgs/lib'
[14.828s] Level 1:colcon.colcon_core.shell:create_environment_hook('rover_msgs', 'ld_library_path_lib')
[14.828s] INFO:colcon.colcon_core.shell:Creating environment hook '/home/chris/ros2_ws/src/rover/install/rover_msgs/share/rover_msgs/hook/ld_library_path_lib.ps1'
[14.828s] INFO:colcon.colcon_core.shell:Creating environment descriptor '/home/chris/ros2_ws/src/rover/install/rover_msgs/share/rover_msgs/hook/ld_library_path_lib.dsv'
[14.828s] INFO:colcon.colcon_core.shell:Creating environment hook '/home/chris/ros2_ws/src/rover/install/rover_msgs/share/rover_msgs/hook/ld_library_path_lib.sh'
[14.828s] Level 1:colcon.colcon_core.environment:checking '/home/chris/ros2_ws/src/rover/install/rover_msgs/bin'
[14.828s] Level 1:colcon.colcon_core.environment:checking '/home/chris/ros2_ws/src/rover/install/rover_msgs/lib/pkgconfig/rover_msgs.pc'
[14.829s] Level 1:colcon.colcon_core.environment:checking '/home/chris/ros2_ws/src/rover/install/rover_msgs/lib/python3.10/site-packages'
[14.829s] Level 1:colcon.colcon_core.environment:checking '/home/chris/ros2_ws/src/rover/install/rover_msgs/bin'
[14.829s] INFO:colcon.colcon_core.shell:Creating package script '/home/chris/ros2_ws/src/rover/install/rover_msgs/share/rover_msgs/package.ps1'
[14.829s] INFO:colcon.colcon_core.shell:Creating package descriptor '/home/chris/ros2_ws/src/rover/install/rover_msgs/share/rover_msgs/package.dsv'
[14.829s] INFO:colcon.colcon_core.shell:Creating package script '/home/chris/ros2_ws/src/rover/install/rover_msgs/share/rover_msgs/package.sh'
[14.829s] INFO:colcon.colcon_core.shell:Creating package script '/home/chris/ros2_ws/src/rover/install/rover_msgs/share/rover_msgs/package.bash'
[14.829s] INFO:colcon.colcon_core.shell:Creating package script '/home/chris/ros2_ws/src/rover/install/rover_msgs/share/rover_msgs/package.zsh'
[14.830s] Level 1:colcon.colcon_core.environment:create_file_with_runtime_dependencies(/home/chris/ros2_ws/src/rover/install/rover_msgs/share/colcon-core/packages/rover_msgs)
[14.830s] DEBUG:colcon.colcon_parallel_executor.executor.parallel:closing loop
[14.830s] DEBUG:colcon.colcon_parallel_executor.executor.parallel:loop closed
[14.830s] DEBUG:colcon.colcon_parallel_executor.executor.parallel:run_until_complete finished with '0'
[14.830s] DEBUG:colcon.colcon_core.event_reactor:joining thread
[14.832s] INFO:colcon.colcon_core.plugin_system:Skipping extension 'colcon_notification.desktop_notification.terminal_notifier': Not used on non-Darwin systems
[14.832s] INFO:colcon.colcon_core.plugin_system:Skipping extension 'colcon_notification.desktop_notification.win32': Not used on non-Windows systems
[14.832s] INFO:colcon.colcon_notification.desktop_notification:Sending desktop notification using 'notify2'
[14.838s] DEBUG:colcon.colcon_core.event_reactor:joined thread
[14.838s] INFO:colcon.colcon_core.shell:Creating prefix script '/home/chris/ros2_ws/src/rover/install/local_setup.ps1'
[14.838s] INFO:colcon.colcon_core.shell:Creating prefix util module '/home/chris/ros2_ws/src/rover/install/_local_setup_util_ps1.py'
[14.839s] INFO:colcon.colcon_core.shell:Creating prefix chain script '/home/chris/ros2_ws/src/rover/install/setup.ps1'
[14.839s] INFO:colcon.colcon_core.shell:Creating prefix script '/home/chris/ros2_ws/src/rover/install/local_setup.sh'
[14.840s] INFO:colcon.colcon_core.shell:Creating prefix util module '/home/chris/ros2_ws/src/rover/install/_local_setup_util_sh.py'
[14.840s] INFO:colcon.colcon_core.shell:Creating prefix chain script '/home/chris/ros2_ws/src/rover/install/setup.sh'
[14.840s] INFO:colcon.colcon_core.shell:Creating prefix script '/home/chris/ros2_ws/src/rover/install/local_setup.bash'
[14.840s] INFO:colcon.colcon_core.shell:Creating prefix chain script '/home/chris/ros2_ws/src/rover/install/setup.bash'
[14.841s] INFO:colcon.colcon_core.shell:Creating prefix script '/home/chris/ros2_ws/src/rover/install/local_setup.zsh'
[14.841s] INFO:colcon.colcon_core.shell:Creating prefix chain script '/home/chris/ros2_ws/src/rover/install/setup.zsh'
