[0.330s] Invoking command in '/home/chris/ros2_ws/src/rover/build/rover_joy': AMENT_PREFIX_PATH=/home/chris/ros2_ws/src/rover/install/rover_msgs:${AMENT_PREFIX_PATH} CMAKE_PREFIX_PATH=/home/chris/ros2_ws/src/rover/install/rover_msgs:/home/chris/ros2_ws/install/rover_security:/home/chris/ros2_ws/install/rover_gui:/home/chris/ros2_ws/install/rover_can:/home/chris/ros2_ws/install/rover_auxiliary:/home/chris/ros2_ws/install/rover_antenna:/home/chris/ros2_ws/install/rover_msgs:/home/chris/ros2_ws/install/moveit_visual_tools:/home/chris/ros2_ws/install/moveit_resources_prbt_support:/home/chris/ros2_ws/install/moveit_controller:/home/chris/ros2_ws/install/fanuc_crx_simulation:/home/chris/ros2_ws/install/moveit_common:/home/chris/ros2_ws/install/micro_ros_setup:/home/chris/ros2_ws/install/micro_ros_agent:/home/chris/ros2_ws/install/micro_ros_msgs:/home/chris/ros2_ws/install/rover_sim:/home/chris/ros2_ws/install/panorama:/home/chris/ros2_ws/install/moveit_configs_utils:/opt/ros/humble LD_LIBRARY_PATH=/home/chris/ros2_ws/src/rover/install/rover_msgs/lib:${LD_LIBRARY_PATH} PYTHONPATH=/home/chris/ros2_ws/src/rover/install/rover_msgs/local/lib/python3.10/dist-packages:${PYTHONPATH} /usr/bin/cmake /home/chris/ros2_ws/src/rover/rover_joy -DCMAKE_INSTALL_PREFIX=/home/chris/ros2_ws/src/rover/install/rover_joy
[0.453s] -- The C compiler identification is GNU 11.4.0
[0.595s] -- The CXX compiler identification is GNU 11.4.0
[0.612s] -- Detecting C compiler ABI info
[0.780s] -- Detecting C compiler ABI info - done
[0.797s] -- Check for working C compiler: /usr/bin/cc - skipped
[0.798s] -- Detecting C compile features
[0.798s] -- Detecting C compile features - done
[0.806s] -- Detecting CXX compiler ABI info
[1.003s] -- Detecting CXX compiler ABI info - done
[1.031s] -- Check for working CXX compiler: /usr/bin/c++ - skipped
[1.032s] -- Detecting CXX compile features
[1.034s] -- Detecting CXX compile features - done
[1.045s] -- Found ament_cmake: 1.3.6 (/opt/ros/humble/share/ament_cmake/cmake)
[1.637s] -- Found Python3: /usr/bin/python3.10 (found version "3.10.12") found components: Interpreter 
[2.064s] -- Found rclcpp: 16.0.7 (/opt/ros/humble/share/rclcpp/cmake)
[2.375s] -- Found rosidl_generator_c: 3.1.5 (/opt/ros/humble/share/rosidl_generator_c/cmake)
[2.420s] -- Found rosidl_adapter: 3.1.5 (/opt/ros/humble/share/rosidl_adapter/cmake)
[2.479s] -- Found rosidl_generator_cpp: 3.1.5 (/opt/ros/humble/share/rosidl_generator_cpp/cmake)
[2.576s] -- Using all available rosidl_typesupport_c: rosidl_typesupport_fastrtps_c;rosidl_typesupport_introspection_c
[2.651s] -- Using all available rosidl_typesupport_cpp: rosidl_typesupport_fastrtps_cpp;rosidl_typesupport_introspection_cpp
[2.968s] -- Found rmw_implementation_cmake: 6.1.1 (/opt/ros/humble/share/rmw_implementation_cmake/cmake)
[2.986s] -- Found rmw_fastrtps_cpp: 6.2.5 (/opt/ros/humble/share/rmw_fastrtps_cpp/cmake)
[3.365s] -- Found OpenSSL: /usr/lib/x86_64-linux-gnu/libcrypto.so (found version "3.0.2")  
[3.476s] -- Found FastRTPS: /opt/ros/humble/include  
[3.638s] -- Using RMW implementation 'rmw_fastrtps_cpp' as default
[3.684s] -- Looking for pthread.h
[3.978s] -- Looking for pthread.h - found
[3.986s] -- Performing Test CMAKE_HAVE_LIBC_PTHREAD
[4.357s] -- Performing Test CMAKE_HAVE_LIBC_PTHREAD - Success
[4.365s] -- Found Threads: TRUE  
[5.099s] -- Found joy: 3.3.0 (/opt/ros/humble/share/joy/cmake)
[5.873s] -- Found rover_msgs: 0.0.0 (/home/chris/ros2_ws/src/rover/install/rover_msgs/share/rover_msgs/cmake)
[6.369s] -- Configuring done
[6.528s] -- Generating done
[6.550s] -- Build files have been written to: /home/chris/ros2_ws/src/rover/build/rover_joy
[6.909s] Invoked command in '/home/chris/ros2_ws/src/rover/build/rover_joy' returned '0': AMENT_PREFIX_PATH=/home/chris/ros2_ws/src/rover/install/rover_msgs:${AMENT_PREFIX_PATH} CMAKE_PREFIX_PATH=/home/chris/ros2_ws/src/rover/install/rover_msgs:/home/chris/ros2_ws/install/rover_security:/home/chris/ros2_ws/install/rover_gui:/home/chris/ros2_ws/install/rover_can:/home/chris/ros2_ws/install/rover_auxiliary:/home/chris/ros2_ws/install/rover_antenna:/home/chris/ros2_ws/install/rover_msgs:/home/chris/ros2_ws/install/moveit_visual_tools:/home/chris/ros2_ws/install/moveit_resources_prbt_support:/home/chris/ros2_ws/install/moveit_controller:/home/chris/ros2_ws/install/fanuc_crx_simulation:/home/chris/ros2_ws/install/moveit_common:/home/chris/ros2_ws/install/micro_ros_setup:/home/chris/ros2_ws/install/micro_ros_agent:/home/chris/ros2_ws/install/micro_ros_msgs:/home/chris/ros2_ws/install/rover_sim:/home/chris/ros2_ws/install/panorama:/home/chris/ros2_ws/install/moveit_configs_utils:/opt/ros/humble LD_LIBRARY_PATH=/home/chris/ros2_ws/src/rover/install/rover_msgs/lib:${LD_LIBRARY_PATH} PYTHONPATH=/home/chris/ros2_ws/src/rover/install/rover_msgs/local/lib/python3.10/dist-packages:${PYTHONPATH} /usr/bin/cmake /home/chris/ros2_ws/src/rover/rover_joy -DCMAKE_INSTALL_PREFIX=/home/chris/ros2_ws/src/rover/install/rover_joy
[6.917s] Invoking command in '/home/chris/ros2_ws/src/rover/build/rover_joy': AMENT_PREFIX_PATH=/home/chris/ros2_ws/src/rover/install/rover_msgs:${AMENT_PREFIX_PATH} CMAKE_PREFIX_PATH=/home/chris/ros2_ws/src/rover/install/rover_msgs:/home/chris/ros2_ws/install/rover_security:/home/chris/ros2_ws/install/rover_gui:/home/chris/ros2_ws/install/rover_can:/home/chris/ros2_ws/install/rover_auxiliary:/home/chris/ros2_ws/install/rover_antenna:/home/chris/ros2_ws/install/rover_msgs:/home/chris/ros2_ws/install/moveit_visual_tools:/home/chris/ros2_ws/install/moveit_resources_prbt_support:/home/chris/ros2_ws/install/moveit_controller:/home/chris/ros2_ws/install/fanuc_crx_simulation:/home/chris/ros2_ws/install/moveit_common:/home/chris/ros2_ws/install/micro_ros_setup:/home/chris/ros2_ws/install/micro_ros_agent:/home/chris/ros2_ws/install/micro_ros_msgs:/home/chris/ros2_ws/install/rover_sim:/home/chris/ros2_ws/install/panorama:/home/chris/ros2_ws/install/moveit_configs_utils:/opt/ros/humble LD_LIBRARY_PATH=/home/chris/ros2_ws/src/rover/install/rover_msgs/lib:${LD_LIBRARY_PATH} PYTHONPATH=/home/chris/ros2_ws/src/rover/install/rover_msgs/local/lib/python3.10/dist-packages:${PYTHONPATH} /usr/bin/cmake --build /home/chris/ros2_ws/src/rover/build/rover_joy -- -j12 -l12
[7.139s] [ 25%] [32mBuilding CXX object CMakeFiles/joy_formator.dir/src/joy_formator.cpp.o[0m
[7.139s] [ 50%] [32mBuilding CXX object CMakeFiles/joy_demux.dir/src/joy_demux.cpp.o[0m
[31.430s] [ 75%] [32m[1mLinking CXX executable joy_demux[0m
[33.120s] [ 75%] Built target joy_demux
[34.271s] [100%] [32m[1mLinking CXX executable joy_formator[0m
[35.120s] [100%] Built target joy_formator
