[0.050s] DEBUG:colcon:Command line arguments: ['/usr/bin/colcon', 'build', '--packages-select', 'rover_gui']
[0.051s] DEBUG:colcon:Parsed command line arguments: Namespace(log_base=None, log_level=None, verb_name='build', build_base='build', install_base='install', merge_install=False, symlink_install=False, test_result_base=None, continue_on_error=False, executor='parallel', parallel_workers=4, event_handlers=None, ignore_user_meta=False, metas=['./colcon.meta'], base_paths=['.'], packages_ignore=None, packages_ignore_regex=None, paths=None, packages_up_to=None, packages_up_to_regex=None, packages_above=None, packages_above_and_dependencies=None, packages_above_depth=None, packages_select_by_dep=None, packages_skip_by_dep=None, packages_skip_up_to=None, packages_select_build_failed=False, packages_skip_build_finished=False, packages_select_test_failures=False, packages_skip_test_passed=False, packages_select=['rover_gui'], packages_skip=None, packages_select_regex=None, packages_skip_regex=None, packages_start=None, packages_end=None, allow_overriding=[], cmake_args=None, cmake_target=None, cmake_target_skip_unavailable=False, cmake_clean_cache=False, cmake_clean_first=False, cmake_force_configure=False, ament_cmake_args=None, catkin_cmake_args=None, catkin_skip_building_tests=False, verb_parser=<colcon_defaults.argument_parser.defaults.DefaultArgumentsDecorator object at 0xf5c96ffc3f10>, verb_extension=<colcon_core.verb.build.BuildVerb object at 0xf5c9701ccca0>, main=<bound method BuildVerb.main of <colcon_core.verb.build.BuildVerb object at 0xf5c9701ccca0>>)
[0.119s] Level 1:colcon.colcon_core.package_discovery:discover_packages(colcon_meta) check parameters
[0.119s] Level 1:colcon.colcon_core.package_discovery:discover_packages(recursive) check parameters
[0.119s] Level 1:colcon.colcon_core.package_discovery:discover_packages(ignore) check parameters
[0.119s] Level 1:colcon.colcon_core.package_discovery:discover_packages(path) check parameters
[0.119s] Level 1:colcon.colcon_core.package_discovery:discover_packages(colcon_meta) discover
[0.119s] Level 1:colcon.colcon_core.package_discovery:discover_packages(recursive) discover
[0.119s] INFO:colcon.colcon_core.package_discovery:Crawling recursively for packages in '/home/chris/ros2_ws/src/rover/rover_gui'
[0.119s] Level 1:colcon.colcon_core.package_identification:_identify(.) by extensions ['ignore', 'ignore_ament_install']
[0.119s] Level 1:colcon.colcon_core.package_identification:_identify(.) by extension 'ignore'
[0.119s] Level 1:colcon.colcon_core.package_identification:_identify(.) by extension 'ignore_ament_install'
[0.119s] Level 1:colcon.colcon_core.package_identification:_identify(.) by extensions ['colcon_pkg']
[0.119s] Level 1:colcon.colcon_core.package_identification:_identify(.) by extension 'colcon_pkg'
[0.119s] Level 1:colcon.colcon_core.package_identification:_identify(.) by extensions ['colcon_meta']
[0.119s] Level 1:colcon.colcon_core.package_identification:_identify(.) by extension 'colcon_meta'
[0.119s] Level 1:colcon.colcon_core.package_identification:_identify(.) by extensions ['ros']
[0.119s] Level 1:colcon.colcon_core.package_identification:_identify(.) by extension 'ros'
[0.126s] DEBUG:colcon.colcon_core.package_identification:Package '.' with type 'ros.ament_cmake' and name 'rover_gui'
[0.126s] Level 1:colcon.colcon_core.package_discovery:discover_packages(recursive) using defaults
[0.126s] Level 1:colcon.colcon_core.package_discovery:discover_packages(ignore) discover
[0.126s] Level 1:colcon.colcon_core.package_discovery:discover_packages(ignore) using defaults
[0.126s] Level 1:colcon.colcon_core.package_discovery:discover_packages(path) discover
[0.126s] Level 1:colcon.colcon_core.package_discovery:discover_packages(path) using defaults
[0.138s] Level 1:colcon.colcon_core.package_discovery:discover_packages(prefix_path) check parameters
[0.138s] Level 1:colcon.colcon_core.package_discovery:discover_packages(prefix_path) discover
[0.139s] DEBUG:colcon.colcon_installed_package_information.package_discovery:Found 10 installed packages in /home/chris/ros2_ws/install
[0.140s] DEBUG:colcon.colcon_installed_package_information.package_discovery:Found 271 installed packages in /opt/ros/humble
[0.141s] Level 1:colcon.colcon_core.package_discovery:discover_packages(prefix_path) using defaults
[0.168s] Level 5:colcon.colcon_core.verb:set package 'rover_gui' build argument 'cmake_args' from command line to 'None'
[0.168s] Level 5:colcon.colcon_core.verb:set package 'rover_gui' build argument 'cmake_target' from command line to 'None'
[0.168s] Level 5:colcon.colcon_core.verb:set package 'rover_gui' build argument 'cmake_target_skip_unavailable' from command line to 'False'
[0.168s] Level 5:colcon.colcon_core.verb:set package 'rover_gui' build argument 'cmake_clean_cache' from command line to 'False'
[0.168s] Level 5:colcon.colcon_core.verb:set package 'rover_gui' build argument 'cmake_clean_first' from command line to 'False'
[0.168s] Level 5:colcon.colcon_core.verb:set package 'rover_gui' build argument 'cmake_force_configure' from command line to 'False'
[0.168s] Level 5:colcon.colcon_core.verb:set package 'rover_gui' build argument 'ament_cmake_args' from command line to 'None'
[0.168s] Level 5:colcon.colcon_core.verb:set package 'rover_gui' build argument 'catkin_cmake_args' from command line to 'None'
[0.168s] Level 5:colcon.colcon_core.verb:set package 'rover_gui' build argument 'catkin_skip_building_tests' from command line to 'False'
[0.168s] DEBUG:colcon.colcon_core.verb:Building package 'rover_gui' with the following arguments: {'ament_cmake_args': None, 'build_base': '/home/chris/ros2_ws/src/rover/rover_gui/build/rover_gui', 'catkin_cmake_args': None, 'catkin_skip_building_tests': False, 'cmake_args': None, 'cmake_clean_cache': False, 'cmake_clean_first': False, 'cmake_force_configure': False, 'cmake_target': None, 'cmake_target_skip_unavailable': False, 'install_base': '/home/chris/ros2_ws/src/rover/rover_gui/install/rover_gui', 'merge_install': False, 'path': '/home/chris/ros2_ws/src/rover/rover_gui', 'symlink_install': False, 'test_result_base': None}
[0.168s] INFO:colcon.colcon_core.executor:Executing jobs using 'parallel' executor
[0.169s] DEBUG:colcon.colcon_parallel_executor.executor.parallel:run_until_complete
[0.169s] INFO:colcon.colcon_ros.task.ament_cmake.build:Building ROS package in '/home/chris/ros2_ws/src/rover/rover_gui' with build type 'ament_cmake'
[0.169s] INFO:colcon.colcon_cmake.task.cmake.build:Building CMake package in '/home/chris/ros2_ws/src/rover/rover_gui'
[0.170s] INFO:colcon.colcon_core.plugin_system:Skipping extension 'colcon_core.shell.bat': Not used on non-Windows systems
[0.170s] INFO:colcon.colcon_core.shell:Skip shell extension 'powershell' for command environment: Not usable outside of PowerShell
[0.170s] DEBUG:colcon.colcon_core.shell:Skip shell extension 'dsv' for command environment
[0.174s] DEBUG:colcon.colcon_core.event_handler.log_command:Invoking command in '/home/chris/ros2_ws/src/rover/rover_gui/build/rover_gui': CMAKE_PREFIX_PATH=${CMAKE_PREFIX_PATH}:/home/chris/ros2_ws/install/rover_sim:/opt/ros/humble /usr/bin/cmake --build /home/chris/ros2_ws/src/rover/rover_gui/build/rover_gui -- -j4 -l4
[15.417s] DEBUG:colcon.colcon_core.event_handler.log_command:Invoked command in '/home/chris/ros2_ws/src/rover/rover_gui/build/rover_gui' returned '0': CMAKE_PREFIX_PATH=${CMAKE_PREFIX_PATH}:/home/chris/ros2_ws/install/rover_sim:/opt/ros/humble /usr/bin/cmake --build /home/chris/ros2_ws/src/rover/rover_gui/build/rover_gui -- -j4 -l4
[15.424s] DEBUG:colcon.colcon_core.event_handler.log_command:Invoking command in '/home/chris/ros2_ws/src/rover/rover_gui/build/rover_gui': CMAKE_PREFIX_PATH=${CMAKE_PREFIX_PATH}:/home/chris/ros2_ws/install/rover_sim:/opt/ros/humble /usr/bin/cmake --install /home/chris/ros2_ws/src/rover/rover_gui/build/rover_gui
[15.433s] Level 1:colcon.colcon_core.environment:create_environment_scripts_only(rover_gui)
[15.433s] DEBUG:colcon.colcon_core.event_handler.log_command:Invoked command in '/home/chris/ros2_ws/src/rover/rover_gui/build/rover_gui' returned '0': CMAKE_PREFIX_PATH=${CMAKE_PREFIX_PATH}:/home/chris/ros2_ws/install/rover_sim:/opt/ros/humble /usr/bin/cmake --install /home/chris/ros2_ws/src/rover/rover_gui/build/rover_gui
[15.437s] Level 1:colcon.colcon_core.environment:checking '/home/chris/ros2_ws/src/rover/rover_gui/install/rover_gui' for CMake module files
[15.438s] Level 1:colcon.colcon_core.environment:checking '/home/chris/ros2_ws/src/rover/rover_gui/install/rover_gui' for CMake config files
[15.438s] Level 1:colcon.colcon_core.shell:create_environment_hook('rover_gui', 'cmake_prefix_path')
[15.438s] INFO:colcon.colcon_core.shell:Creating environment hook '/home/chris/ros2_ws/src/rover/rover_gui/install/rover_gui/share/rover_gui/hook/cmake_prefix_path.ps1'
[15.439s] INFO:colcon.colcon_core.shell:Creating environment descriptor '/home/chris/ros2_ws/src/rover/rover_gui/install/rover_gui/share/rover_gui/hook/cmake_prefix_path.dsv'
[15.439s] INFO:colcon.colcon_core.shell:Creating environment hook '/home/chris/ros2_ws/src/rover/rover_gui/install/rover_gui/share/rover_gui/hook/cmake_prefix_path.sh'
[15.440s] Level 1:colcon.colcon_core.environment:checking '/home/chris/ros2_ws/src/rover/rover_gui/install/rover_gui/lib'
[15.440s] Level 1:colcon.colcon_core.environment:checking '/home/chris/ros2_ws/src/rover/rover_gui/install/rover_gui/bin'
[15.440s] Level 1:colcon.colcon_core.environment:checking '/home/chris/ros2_ws/src/rover/rover_gui/install/rover_gui/lib/pkgconfig/rover_gui.pc'
[15.440s] Level 1:colcon.colcon_core.environment:checking '/home/chris/ros2_ws/src/rover/rover_gui/install/rover_gui/lib/python3.10/site-packages'
[15.440s] Level 1:colcon.colcon_core.environment:checking '/home/chris/ros2_ws/src/rover/rover_gui/install/rover_gui/bin'
[15.441s] INFO:colcon.colcon_core.shell:Creating package script '/home/chris/ros2_ws/src/rover/rover_gui/install/rover_gui/share/rover_gui/package.ps1'
[15.441s] INFO:colcon.colcon_core.shell:Creating package descriptor '/home/chris/ros2_ws/src/rover/rover_gui/install/rover_gui/share/rover_gui/package.dsv'
[15.441s] INFO:colcon.colcon_core.shell:Creating package script '/home/chris/ros2_ws/src/rover/rover_gui/install/rover_gui/share/rover_gui/package.sh'
[15.442s] INFO:colcon.colcon_core.shell:Creating package script '/home/chris/ros2_ws/src/rover/rover_gui/install/rover_gui/share/rover_gui/package.bash'
[15.442s] INFO:colcon.colcon_core.shell:Creating package script '/home/chris/ros2_ws/src/rover/rover_gui/install/rover_gui/share/rover_gui/package.zsh'
[15.443s] Level 1:colcon.colcon_core.environment:create_file_with_runtime_dependencies(/home/chris/ros2_ws/src/rover/rover_gui/install/rover_gui/share/colcon-core/packages/rover_gui)
[15.443s] Level 1:colcon.colcon_core.environment:create_environment_scripts_only(rover_gui)
[15.443s] Level 1:colcon.colcon_core.environment:checking '/home/chris/ros2_ws/src/rover/rover_gui/install/rover_gui' for CMake module files
[15.444s] Level 1:colcon.colcon_core.environment:checking '/home/chris/ros2_ws/src/rover/rover_gui/install/rover_gui' for CMake config files
[15.444s] Level 1:colcon.colcon_core.shell:create_environment_hook('rover_gui', 'cmake_prefix_path')
[15.444s] INFO:colcon.colcon_core.shell:Creating environment hook '/home/chris/ros2_ws/src/rover/rover_gui/install/rover_gui/share/rover_gui/hook/cmake_prefix_path.ps1'
[15.444s] INFO:colcon.colcon_core.shell:Creating environment descriptor '/home/chris/ros2_ws/src/rover/rover_gui/install/rover_gui/share/rover_gui/hook/cmake_prefix_path.dsv'
[15.444s] INFO:colcon.colcon_core.shell:Creating environment hook '/home/chris/ros2_ws/src/rover/rover_gui/install/rover_gui/share/rover_gui/hook/cmake_prefix_path.sh'
[15.444s] Level 1:colcon.colcon_core.environment:checking '/home/chris/ros2_ws/src/rover/rover_gui/install/rover_gui/lib'
[15.444s] Level 1:colcon.colcon_core.environment:checking '/home/chris/ros2_ws/src/rover/rover_gui/install/rover_gui/bin'
[15.444s] Level 1:colcon.colcon_core.environment:checking '/home/chris/ros2_ws/src/rover/rover_gui/install/rover_gui/lib/pkgconfig/rover_gui.pc'
[15.445s] Level 1:colcon.colcon_core.environment:checking '/home/chris/ros2_ws/src/rover/rover_gui/install/rover_gui/lib/python3.10/site-packages'
[15.445s] Level 1:colcon.colcon_core.environment:checking '/home/chris/ros2_ws/src/rover/rover_gui/install/rover_gui/bin'
[15.445s] INFO:colcon.colcon_core.shell:Creating package script '/home/chris/ros2_ws/src/rover/rover_gui/install/rover_gui/share/rover_gui/package.ps1'
[15.445s] INFO:colcon.colcon_core.shell:Creating package descriptor '/home/chris/ros2_ws/src/rover/rover_gui/install/rover_gui/share/rover_gui/package.dsv'
[15.445s] INFO:colcon.colcon_core.shell:Creating package script '/home/chris/ros2_ws/src/rover/rover_gui/install/rover_gui/share/rover_gui/package.sh'
[15.446s] INFO:colcon.colcon_core.shell:Creating package script '/home/chris/ros2_ws/src/rover/rover_gui/install/rover_gui/share/rover_gui/package.bash'
[15.446s] INFO:colcon.colcon_core.shell:Creating package script '/home/chris/ros2_ws/src/rover/rover_gui/install/rover_gui/share/rover_gui/package.zsh'
[15.446s] Level 1:colcon.colcon_core.environment:create_file_with_runtime_dependencies(/home/chris/ros2_ws/src/rover/rover_gui/install/rover_gui/share/colcon-core/packages/rover_gui)
[15.446s] DEBUG:colcon.colcon_parallel_executor.executor.parallel:closing loop
[15.446s] DEBUG:colcon.colcon_parallel_executor.executor.parallel:loop closed
[15.446s] DEBUG:colcon.colcon_parallel_executor.executor.parallel:run_until_complete finished with '0'
[15.446s] DEBUG:colcon.colcon_core.event_reactor:joining thread
[15.450s] INFO:colcon.colcon_core.plugin_system:Skipping extension 'colcon_notification.desktop_notification.terminal_notifier': Not used on non-Darwin systems
[15.451s] INFO:colcon.colcon_core.plugin_system:Skipping extension 'colcon_notification.desktop_notification.win32': Not used on non-Windows systems
[15.451s] INFO:colcon.colcon_notification.desktop_notification:Sending desktop notification using 'notify2'
[15.462s] DEBUG:colcon.colcon_core.event_reactor:joined thread
[15.462s] INFO:colcon.colcon_core.shell:Creating prefix script '/home/chris/ros2_ws/src/rover/rover_gui/install/local_setup.ps1'
[15.463s] INFO:colcon.colcon_core.shell:Creating prefix util module '/home/chris/ros2_ws/src/rover/rover_gui/install/_local_setup_util_ps1.py'
[15.464s] INFO:colcon.colcon_core.shell:Creating prefix chain script '/home/chris/ros2_ws/src/rover/rover_gui/install/setup.ps1'
[15.466s] INFO:colcon.colcon_core.shell:Creating prefix script '/home/chris/ros2_ws/src/rover/rover_gui/install/local_setup.sh'
[15.467s] INFO:colcon.colcon_core.shell:Creating prefix util module '/home/chris/ros2_ws/src/rover/rover_gui/install/_local_setup_util_sh.py'
[15.467s] INFO:colcon.colcon_core.shell:Creating prefix chain script '/home/chris/ros2_ws/src/rover/rover_gui/install/setup.sh'
[15.468s] INFO:colcon.colcon_core.shell:Creating prefix script '/home/chris/ros2_ws/src/rover/rover_gui/install/local_setup.bash'
[15.468s] INFO:colcon.colcon_core.shell:Creating prefix chain script '/home/chris/ros2_ws/src/rover/rover_gui/install/setup.bash'
[15.469s] INFO:colcon.colcon_core.shell:Creating prefix script '/home/chris/ros2_ws/src/rover/rover_gui/install/local_setup.zsh'
[15.470s] INFO:colcon.colcon_core.shell:Creating prefix chain script '/home/chris/ros2_ws/src/rover/rover_gui/install/setup.zsh'
