-- The C compiler identification is GNU 11.4.0
-- The CXX compiler identification is GNU 11.4.0
-- Detecting C compiler ABI info
-- Detecting C compiler ABI info - done
-- Check for working C compiler: /usr/bin/cc - skipped
-- Detecting C compile features
-- Detecting C compile features - done
-- Detecting CXX compiler ABI info
-- Detecting CXX compiler ABI info - done
-- Check for working CXX compiler: /usr/bin/c++ - skipped
-- Detecting CXX compile features
-- Detecting CXX compile features - done
-- Found ament_cmake: 1.3.6 (/opt/ros/humble/share/ament_cmake/cmake)
-- Found Python3: /usr/bin/python3.10 (found version "3.10.12") found components: Interpreter 
-- Found rclcpp: 16.0.7 (/opt/ros/humble/share/rclcpp/cmake)
-- Found rosidl_generator_c: 3.1.5 (/opt/ros/humble/share/rosidl_generator_c/cmake)
-- Found rosidl_adapter: 3.1.5 (/opt/ros/humble/share/rosidl_adapter/cmake)
-- Found rosidl_generator_cpp: 3.1.5 (/opt/ros/humble/share/rosidl_generator_cpp/cmake)
-- Using all available rosidl_typesupport_c: rosidl_typesupport_fastrtps_c;rosidl_typesupport_introspection_c
-- Using all available rosidl_typesupport_cpp: rosidl_typesupport_fastrtps_cpp;rosidl_typesupport_introspection_cpp
-- Found rmw_implementation_cmake: 6.1.1 (/opt/ros/humble/share/rmw_implementation_cmake/cmake)
-- Found rmw_fastrtps_cpp: 6.2.5 (/opt/ros/humble/share/rmw_fastrtps_cpp/cmake)
-- Found OpenSSL: /usr/lib/x86_64-linux-gnu/libcrypto.so (found version "3.0.2")  
-- Found FastRTPS: /opt/ros/humble/include  
-- Using RMW implementation 'rmw_fastrtps_cpp' as default
-- Looking for pthread.h
-- Looking for pthread.h - found
-- Performing Test CMAKE_HAVE_LIBC_PTHREAD
-- Performing Test CMAKE_HAVE_LIBC_PTHREAD - Success
-- Found Threads: TRUE  
-- Found rover_msgs: 0.0.0 (/home/chris/ros2_ws/install/rover_msgs/share/rover_msgs/cmake)
-- Performing Test HAVE_STDATOMIC
-- Performing Test HAVE_STDATOMIC - Success
-- Found WrapAtomic: TRUE  
-- Found OpenGL: /usr/lib/x86_64-linux-gnu/libOpenGL.so   
-- Found WrapOpenGL: TRUE  
-- Found XKB: /usr/lib/x86_64-linux-gnu/libxkbcommon.so (found suitable version "1.4.0", minimum required is "0.5.0") 
-- Found WrapVulkanHeaders: /usr/include  
-- Found PkgConfig: /usr/bin/pkg-config (found version "0.29.2") 
-- Checking for modules 'gstreamer-1.0;gstreamer-plugins-base-1.0;gstreamer-video-1.0'
--   Found gstreamer-1.0, version 1.20.3
--   Found gstreamer-plugins-base-1.0, version 1.20.1
--   Found gstreamer-video-1.0, version 1.20.1
-- Configuring done
-- Generating done
-- Build files have been written to: /home/chris/ros2_ws/src/rover/build/rover_gui
[  6%] [34m[1mGenerating UI files...[0m
[0;34m=== Generating UI files ... ===[0m
[0;32m[SUCCESS] Compiled /home/chris/ros2_ws/src/rover/rover_gui/ui/ui/FileExplorer.ui to /home/chris/ros2_ws/src/rover/rover_gui/ui/include/UI_FileExplorer.h[0m
[0;32m[SUCCESS] Compiled /home/chris/ros2_ws/src/rover/rover_gui/ui/ui/Notification.ui to /home/chris/ros2_ws/src/rover/rover_gui/ui/include/UI_Notification.h[0m
[0;32m[SUCCESS] Compiled /home/chris/ros2_ws/src/rover/rover_gui/ui/ui/Player.ui to /home/chris/ros2_ws/src/rover/rover_gui/ui/include/UI_Player.h[0m
[  6%] Built target run_generate_ui
[ 13%] [34m[1mAutomatic MOC for target main_gui[0m
[ 13%] Built target main_gui_autogen
[35m[1mConsolidate compiler generated dependencies of target main_gui[0m
[ 20%] [32mBuilding CXX object CMakeFiles/main_gui.dir/src/main_gui.cpp.o[0m
[ 26%] [32mBuilding CXX object CMakeFiles/main_gui.dir/src/QSshFileExplorer/QSshFileExplorerWidget.cpp.o[0m
[ 33%] [32mBuilding CXX object CMakeFiles/main_gui.dir/src/QSshFileExplorer/QFileTransferWidget.cpp.o[0m
[ 40%] [32m[1mLinking CXX executable main_gui[0m
[100%] Built target main_gui
-- Install configuration: ""
-- Up-to-date: /home/chris/ros2_ws/src/rover/install/rover_gui/share/rover_gui//launch
-- Up-to-date: /home/chris/ros2_ws/src/rover/install/rover_gui/share/rover_gui//launch/gui.launch.py
-- Installing: /home/chris/ros2_ws/src/rover/install/rover_gui/lib/rover_gui/main_gui
-- Set runtime path of "/home/chris/ros2_ws/src/rover/install/rover_gui/lib/rover_gui/main_gui" to ""
-- Up-to-date: /home/chris/ros2_ws/src/rover/install/rover_gui/share/ament_index/resource_index/package_run_dependencies/rover_gui
-- Up-to-date: /home/chris/ros2_ws/src/rover/install/rover_gui/share/ament_index/resource_index/parent_prefix_path/rover_gui
-- Up-to-date: /home/chris/ros2_ws/src/rover/install/rover_gui/share/rover_gui/environment/ament_prefix_path.sh
-- Installing: /home/chris/ros2_ws/src/rover/install/rover_gui/share/rover_gui/environment/ament_prefix_path.dsv
-- Up-to-date: /home/chris/ros2_ws/src/rover/install/rover_gui/share/rover_gui/environment/path.sh
-- Installing: /home/chris/ros2_ws/src/rover/install/rover_gui/share/rover_gui/environment/path.dsv
-- Up-to-date: /home/chris/ros2_ws/src/rover/install/rover_gui/share/rover_gui/local_setup.bash
-- Up-to-date: /home/chris/ros2_ws/src/rover/install/rover_gui/share/rover_gui/local_setup.sh
-- Up-to-date: /home/chris/ros2_ws/src/rover/install/rover_gui/share/rover_gui/local_setup.zsh
-- Installing: /home/chris/ros2_ws/src/rover/install/rover_gui/share/rover_gui/local_setup.dsv
-- Installing: /home/chris/ros2_ws/src/rover/install/rover_gui/share/rover_gui/package.dsv
-- Up-to-date: /home/chris/ros2_ws/src/rover/install/rover_gui/share/ament_index/resource_index/packages/rover_gui
-- Up-to-date: /home/chris/ros2_ws/src/rover/install/rover_gui/share/rover_gui/cmake/rover_guiConfig.cmake
-- Up-to-date: /home/chris/ros2_ws/src/rover/install/rover_gui/share/rover_gui/cmake/rover_guiConfig-version.cmake
-- Up-to-date: /home/chris/ros2_ws/src/rover/install/rover_gui/share/rover_gui/package.xml
