[0.011s] Invoking command in '/home/chris/ros2_ws/src/rover/build/rover_gui': AMENT_PREFIX_PATH=/home/chris/ros2_ws/src/rover/install/rover_msgs:${AMENT_PREFIX_PATH} CMAKE_PREFIX_PATH=/home/chris/ros2_ws/src/rover/install/rover_msgs:/opt/ros/humble LD_LIBRARY_PATH=/home/chris/ros2_ws/src/rover/install/rover_msgs/lib:${LD_LIBRARY_PATH} PYTHONPATH=/home/chris/ros2_ws/src/rover/install/rover_msgs/local/lib/python3.10/dist-packages:${PYTHONPATH} /usr/bin/cmake --build /home/chris/ros2_ws/src/rover/build/rover_gui -- -j2 -l2
[0.066s] [  3%] [34m[1mGenerating UI files...[0m
[0.068s] [0;34m=== Generating UI files ... ===[0m
[0.082s] [0;32m[SUCCESS] Compiled /home/chris/ros2_ws/src/rover/rover_gui/ui/ui/Example.ui to /home/chris/ros2_ws/src/rover/rover_gui/ui/include/UI_Example.h[0m
[0.085s] [0;32m[SUCCESS] Compiled /home/chris/ros2_ws/src/rover/rover_gui/ui/ui/FileExplorer.ui to /home/chris/ros2_ws/src/rover/rover_gui/ui/include/UI_FileExplorer.h[0m
[0.087s] [0;32m[SUCCESS] Compiled /home/chris/ros2_ws/src/rover/rover_gui/ui/ui/MainPage.ui to /home/chris/ros2_ws/src/rover/rover_gui/ui/include/UI_MainPage.h[0m
[0.089s] [0;32m[SUCCESS] Compiled /home/chris/ros2_ws/src/rover/rover_gui/ui/ui/Notification.ui to /home/chris/ros2_ws/src/rover/rover_gui/ui/include/UI_Notification.h[0m
[0.092s] [0;32m[SUCCESS] Compiled /home/chris/ros2_ws/src/rover/rover_gui/ui/ui/Player.ui to /home/chris/ros2_ws/src/rover/rover_gui/ui/include/UI_Player.h[0m
[0.094s] [0;32m[SUCCESS] Compiled /home/chris/ros2_ws/src/rover/rover_gui/ui/ui/SideBar.ui to /home/chris/ros2_ws/src/rover/rover_gui/ui/include/UI_SideBar.h[0m
[0.097s] [  3%] Built target run_generate_ui
[0.105s] [  7%] [34m[1mAutomatic MOC for target main_gui[0m
[0.113s] AutoMoc warning
[0.113s] ---------------
[0.113s] "SRC:/src/gui.cpp"
[0.113s] includes the moc file "gui.moc", but does not contain a Q_OBJECT, Q_GADGET, Q_NAMESPACE or Q_NAMESPACE_EXPORT macro.
[0.113s] 
[1.473s] AutoMoc: /home/chris/ros2_ws/src/rover/rover_gui/src/gui.cpp:0:1: note: No relevant classes found. No output generated.
[1.479s] [  7%] Built target main_gui_autogen
[1.490s] [ 11%] [32mBuilding CXX object CMakeFiles/main_gui.dir/main_gui_autogen/mocs_compilation.cpp.o[0m
[1.490s] [ 14%] [32mBuilding CXX object CMakeFiles/main_gui.dir/src/gui.cpp.o[0m
[4.323s] [ 18%] [32mBuilding CXX object CMakeFiles/main_gui.dir/src/MainWindow.cpp.o[0m
[4.381s] [ 22%] [32mBuilding CXX object CMakeFiles/main_gui.dir/src/SecondaryWindow.cpp.o[0m
[5.602s] [ 25%] [32mBuilding CXX object CMakeFiles/main_gui.dir/src/QLogManager.cpp.o[0m
[6.333s] [ 29%] [32mBuilding CXX object CMakeFiles/main_gui.dir/src/Global/Helpers/QHelpers.cpp.o[0m
[6.623s] [ 33%] [32mBuilding CXX object CMakeFiles/main_gui.dir/src/Global/Workers/QWorker.cpp.o[0m
[8.380s] [ 37%] [32mBuilding CXX object CMakeFiles/main_gui.dir/src/Global/QTmpFolderManager.cpp.o[0m
[8.523s] [ 40%] [32mBuilding CXX object CMakeFiles/main_gui.dir/src/QSshFileExplorer/QIconManager.cpp.o[0m
[9.239s] [ 44%] [32mBuilding CXX object CMakeFiles/main_gui.dir/src/QSshFileExplorer/QFileItem.cpp.o[0m
[10.045s] [ 48%] [32mBuilding CXX object CMakeFiles/main_gui.dir/src/QSshFileExplorer/QFileTransferWidget.cpp.o[0m
[10.222s] [ 51%] [32mBuilding CXX object CMakeFiles/main_gui.dir/src/QSshFileExplorer/QSshFileExplorerWidget.cpp.o[0m
[12.277s] [ 55%] [32mBuilding CXX object CMakeFiles/main_gui.dir/src/QSshFileExplorer/QTreeViewExplorer.cpp.o[0m
[12.596s] [ 59%] [32mBuilding CXX object CMakeFiles/main_gui.dir/src/QSshFileExplorer/Worker/LibSshSupportModule.cpp.o[0m
[12.721s] In file included from [01m[K/home/chris/ros2_ws/src/rover/rover_gui/src/QSshFileExplorer/Worker/LibSshSupportModule.cpp:1[m[K:
[12.722s] [01m[K/home/chris/ros2_ws/src/rover/rover_gui/src/QSshFileExplorer/Worker/LibSshSupportModule.hpp:4:10:[m[K [01;31m[Kfatal error: [m[Klibssh/libssh.h: No such file or directory
[12.722s]     4 | #include [01;31m[K<libssh/libssh.h>[m[K
[12.722s]       |          [01;31m[K^~~~~~~~~~~~~~~~~[m[K
[12.722s] compilation terminated.
[12.722s] gmake[2]: *** [CMakeFiles/main_gui.dir/build.make:266: CMakeFiles/main_gui.dir/src/QSshFileExplorer/Worker/LibSshSupportModule.cpp.o] Error 1
[12.722s] gmake[2]: *** Waiting for unfinished jobs....
[14.225s] gmake[1]: *** [CMakeFiles/Makefile2:167: CMakeFiles/main_gui.dir/all] Error 2
[14.225s] gmake: *** [Makefile:146: all] Error 2
[14.239s] Invoked command in '/home/chris/ros2_ws/src/rover/build/rover_gui' returned '2': AMENT_PREFIX_PATH=/home/chris/ros2_ws/src/rover/install/rover_msgs:${AMENT_PREFIX_PATH} CMAKE_PREFIX_PATH=/home/chris/ros2_ws/src/rover/install/rover_msgs:/opt/ros/humble LD_LIBRARY_PATH=/home/chris/ros2_ws/src/rover/install/rover_msgs/lib:${LD_LIBRARY_PATH} PYTHONPATH=/home/chris/ros2_ws/src/rover/install/rover_msgs/local/lib/python3.10/dist-packages:${PYTHONPATH} /usr/bin/cmake --build /home/chris/ros2_ws/src/rover/build/rover_gui -- -j2 -l2
