[0.005s] Invoking command in '/home/chris/ros2_ws/src/rover/rover_gui/build/rover_gui': CMAKE_PREFIX_PATH=${CMAKE_PREFIX_PATH}:/home/chris/ros2_ws/install/rover_sim:/opt/ros/humble /usr/bin/cmake --build /home/chris/ros2_ws/src/rover/rover_gui/build/rover_gui -- -j4 -l4
[0.034s] [  3%] [34m[1mGenerating UI files...[0m
[0.036s] [0;34m=== Generating UI files ... ===[0m
[0.042s] [0;32m[SUCCESS] Compiled /home/chris/ros2_ws/src/rover/rover_gui/ui/ui/Example.ui to /home/chris/ros2_ws/src/rover/rover_gui/ui/include/UI_Example.h[0m
[0.045s] [0;32m[SUCCESS] Compiled /home/chris/ros2_ws/src/rover/rover_gui/ui/ui/FileExplorer.ui to /home/chris/ros2_ws/src/rover/rover_gui/ui/include/UI_FileExplorer.h[0m
[0.047s] [0;32m[SUCCESS] Compiled /home/chris/ros2_ws/src/rover/rover_gui/ui/ui/MainPage.ui to /home/chris/ros2_ws/src/rover/rover_gui/ui/include/UI_MainPage.h[0m
[0.050s] [0;32m[SUCCESS] Compiled /home/chris/ros2_ws/src/rover/rover_gui/ui/ui/Notification.ui to /home/chris/ros2_ws/src/rover/rover_gui/ui/include/UI_Notification.h[0m
[0.053s] [0;32m[SUCCESS] Compiled /home/chris/ros2_ws/src/rover/rover_gui/ui/ui/Player.ui to /home/chris/ros2_ws/src/rover/rover_gui/ui/include/UI_Player.h[0m
[0.055s] [0;32m[SUCCESS] Compiled /home/chris/ros2_ws/src/rover/rover_gui/ui/ui/SideBar.ui to /home/chris/ros2_ws/src/rover/rover_gui/ui/include/UI_SideBar.h[0m
[0.059s] [  3%] Built target run_generate_ui
[0.068s] [  7%] [34m[1mAutomatic MOC for target main_gui[0m
[0.074s] AutoMoc warning
[0.074s] ---------------
[0.074s] "SRC:/src/gui.cpp"
[0.074s] includes the moc file "gui.moc", but does not contain a Q_OBJECT, Q_GADGET, Q_NAMESPACE or Q_NAMESPACE_EXPORT macro.
[0.074s] 
[1.586s] AutoMoc: /home/chris/ros2_ws/src/rover/rover_gui/src/gui.cpp:0:1: note: No relevant classes found. No output generated.
[1.594s] [  7%] Built target main_gui_autogen
[1.618s] [35m[1mConsolidate compiler generated dependencies of target main_gui[0m
[1.660s] [ 11%] [32mBuilding CXX object CMakeFiles/main_gui.dir/src/gui.cpp.o[0m
[1.661s] [ 14%] [32mBuilding CXX object CMakeFiles/main_gui.dir/main_gui_autogen/mocs_compilation.cpp.o[0m
[1.665s] [ 18%] [32mBuilding CXX object CMakeFiles/main_gui.dir/src/SecondaryWindow.cpp.o[0m
[1.671s] [ 22%] [32mBuilding CXX object CMakeFiles/main_gui.dir/src/MainWindow.cpp.o[0m
[4.457s] [ 25%] [32mBuilding CXX object CMakeFiles/main_gui.dir/src/QSshFileExplorer/QFileTransferWidget.cpp.o[0m
[7.221s] [ 29%] [32mBuilding CXX object CMakeFiles/main_gui.dir/src/QSshFileExplorer/QSshFileExplorerWidget.cpp.o[0m
[7.348s] [ 33%] [32mBuilding CXX object CMakeFiles/main_gui.dir/src/QSideBar/QSideBar.cpp.o[0m
[7.624s] [ 37%] [32mBuilding CXX object CMakeFiles/main_gui.dir/src/QDashboard/QDashboard.cpp.o[0m
[8.833s] [ 40%] [32mBuilding CXX object CMakeFiles/main_gui.dir/src/QDashboard/QExample.cpp.o[0m
[9.100s] [ 44%] [32mBuilding CXX object CMakeFiles/main_gui.dir/src/QRtspPlayer/QRtspPlayerWidget.cpp.o[0m
[14.329s] [ 48%] [32m[1mLinking CXX executable main_gui[0m
[15.239s] [100%] Built target main_gui
[15.248s] Invoked command in '/home/chris/ros2_ws/src/rover/rover_gui/build/rover_gui' returned '0': CMAKE_PREFIX_PATH=${CMAKE_PREFIX_PATH}:/home/chris/ros2_ws/install/rover_sim:/opt/ros/humble /usr/bin/cmake --build /home/chris/ros2_ws/src/rover/rover_gui/build/rover_gui -- -j4 -l4
[15.255s] Invoking command in '/home/chris/ros2_ws/src/rover/rover_gui/build/rover_gui': CMAKE_PREFIX_PATH=${CMAKE_PREFIX_PATH}:/home/chris/ros2_ws/install/rover_sim:/opt/ros/humble /usr/bin/cmake --install /home/chris/ros2_ws/src/rover/rover_gui/build/rover_gui
[15.258s] -- Install configuration: ""
[15.258s] -- Up-to-date: /home/chris/ros2_ws/src/rover/rover_gui/install/rover_gui/share/rover_gui//launch
[15.258s] -- Up-to-date: /home/chris/ros2_ws/src/rover/rover_gui/install/rover_gui/share/rover_gui//launch/gui.launch.py
[15.258s] -- Installing: /home/chris/ros2_ws/src/rover/rover_gui/install/rover_gui/lib/rover_gui/main_gui
[15.262s] -- Set runtime path of "/home/chris/ros2_ws/src/rover/rover_gui/install/rover_gui/lib/rover_gui/main_gui" to ""
[15.262s] -- Up-to-date: /home/chris/ros2_ws/src/rover/rover_gui/install/rover_gui/share/ament_index/resource_index/package_run_dependencies/rover_gui
[15.262s] -- Up-to-date: /home/chris/ros2_ws/src/rover/rover_gui/install/rover_gui/share/ament_index/resource_index/parent_prefix_path/rover_gui
[15.262s] -- Up-to-date: /home/chris/ros2_ws/src/rover/rover_gui/install/rover_gui/share/rover_gui/environment/ament_prefix_path.sh
[15.262s] -- Up-to-date: /home/chris/ros2_ws/src/rover/rover_gui/install/rover_gui/share/rover_gui/environment/ament_prefix_path.dsv
[15.262s] -- Up-to-date: /home/chris/ros2_ws/src/rover/rover_gui/install/rover_gui/share/rover_gui/environment/path.sh
[15.262s] -- Up-to-date: /home/chris/ros2_ws/src/rover/rover_gui/install/rover_gui/share/rover_gui/environment/path.dsv
[15.262s] -- Up-to-date: /home/chris/ros2_ws/src/rover/rover_gui/install/rover_gui/share/rover_gui/local_setup.bash
[15.262s] -- Up-to-date: /home/chris/ros2_ws/src/rover/rover_gui/install/rover_gui/share/rover_gui/local_setup.sh
[15.262s] -- Up-to-date: /home/chris/ros2_ws/src/rover/rover_gui/install/rover_gui/share/rover_gui/local_setup.zsh
[15.262s] -- Up-to-date: /home/chris/ros2_ws/src/rover/rover_gui/install/rover_gui/share/rover_gui/local_setup.dsv
[15.262s] -- Installing: /home/chris/ros2_ws/src/rover/rover_gui/install/rover_gui/share/rover_gui/package.dsv
[15.263s] -- Up-to-date: /home/chris/ros2_ws/src/rover/rover_gui/install/rover_gui/share/ament_index/resource_index/packages/rover_gui
[15.263s] -- Up-to-date: /home/chris/ros2_ws/src/rover/rover_gui/install/rover_gui/share/rover_gui/cmake/rover_guiConfig.cmake
[15.263s] -- Up-to-date: /home/chris/ros2_ws/src/rover/rover_gui/install/rover_gui/share/rover_gui/cmake/rover_guiConfig-version.cmake
[15.263s] -- Up-to-date: /home/chris/ros2_ws/src/rover/rover_gui/install/rover_gui/share/rover_gui/package.xml
[15.264s] Invoked command in '/home/chris/ros2_ws/src/rover/rover_gui/build/rover_gui' returned '0': CMAKE_PREFIX_PATH=${CMAKE_PREFIX_PATH}:/home/chris/ros2_ws/install/rover_sim:/opt/ros/humble /usr/bin/cmake --install /home/chris/ros2_ws/src/rover/rover_gui/build/rover_gui
