[1.874s] DEBUG:colcon:Command line arguments: ['/usr/bin/colcon', 'build']
[1.874s] DEBUG:colcon:Parsed command line arguments: Namespace(log_base=None, log_level=None, verb_name='build', build_base='build', install_base='install', merge_install=False, symlink_install=False, test_result_base=None, continue_on_error=False, executor='parallel', parallel_workers=12, event_handlers=None, ignore_user_meta=False, metas=['./colcon.meta'], base_paths=['.'], packages_ignore=None, packages_ignore_regex=None, paths=None, packages_up_to=None, packages_up_to_regex=None, packages_above=None, packages_above_and_dependencies=None, packages_above_depth=None, packages_select_by_dep=None, packages_skip_by_dep=None, packages_skip_up_to=None, packages_select_build_failed=False, packages_skip_build_finished=False, packages_select_test_failures=False, packages_skip_test_passed=False, packages_select=None, packages_skip=None, packages_select_regex=None, packages_skip_regex=None, packages_start=None, packages_end=None, allow_overriding=[], cmake_args=None, cmake_target=None, cmake_target_skip_unavailable=False, cmake_clean_cache=False, cmake_clean_first=False, cmake_force_configure=False, ament_cmake_args=None, catkin_cmake_args=None, catkin_skip_building_tests=False, verb_parser=<colcon_defaults.argument_parser.defaults.DefaultArgumentsDecorator object at 0x72ccc7ee6830>, verb_extension=<colcon_core.verb.build.BuildVerb object at 0x72ccc7ee59c0>, main=<bound method BuildVerb.main of <colcon_core.verb.build.BuildVerb object at 0x72ccc7ee59c0>>)
[1.954s] Level 1:colcon.colcon_core.package_discovery:discover_packages(colcon_meta) check parameters
[1.954s] Level 1:colcon.colcon_core.package_discovery:discover_packages(recursive) check parameters
[1.954s] Level 1:colcon.colcon_core.package_discovery:discover_packages(ignore) check parameters
[1.954s] Level 1:colcon.colcon_core.package_discovery:discover_packages(path) check parameters
[1.955s] Level 1:colcon.colcon_core.package_discovery:discover_packages(colcon_meta) discover
[1.955s] Level 1:colcon.colcon_core.package_discovery:discover_packages(recursive) discover
[1.955s] INFO:colcon.colcon_core.package_discovery:Crawling recursively for packages in '/home/chris/ros2_ws/src/rover'
[1.955s] Level 1:colcon.colcon_core.package_identification:_identify(.) by extensions ['ignore', 'ignore_ament_install']
[1.955s] Level 1:colcon.colcon_core.package_identification:_identify(.) by extension 'ignore'
[1.955s] Level 1:colcon.colcon_core.package_identification:_identify(.) by extension 'ignore_ament_install'
[1.955s] Level 1:colcon.colcon_core.package_identification:_identify(.) by extensions ['colcon_pkg']
[1.955s] Level 1:colcon.colcon_core.package_identification:_identify(.) by extension 'colcon_pkg'
[1.955s] Level 1:colcon.colcon_core.package_identification:_identify(.) by extensions ['colcon_meta']
[1.955s] Level 1:colcon.colcon_core.package_identification:_identify(.) by extension 'colcon_meta'
[1.955s] Level 1:colcon.colcon_core.package_identification:_identify(.) by extensions ['ros']
[1.955s] Level 1:colcon.colcon_core.package_identification:_identify(.) by extension 'ros'
[1.971s] Level 1:colcon.colcon_core.package_identification:_identify(.) by extensions ['cmake', 'python']
[1.971s] Level 1:colcon.colcon_core.package_identification:_identify(.) by extension 'cmake'
[1.971s] Level 1:colcon.colcon_core.package_identification:_identify(.) by extension 'python'
[1.971s] Level 1:colcon.colcon_core.package_identification:_identify(.) by extensions ['python_setup_py']
[1.971s] Level 1:colcon.colcon_core.package_identification:_identify(.) by extension 'python_setup_py'
[1.972s] Level 1:colcon.colcon_core.package_identification:_identify(build) by extensions ['ignore', 'ignore_ament_install']
[1.972s] Level 1:colcon.colcon_core.package_identification:_identify(build) by extension 'ignore'
[1.972s] Level 1:colcon.colcon_core.package_identification:_identify(build) ignored
[1.972s] Level 1:colcon.colcon_core.package_identification:_identify(install) by extensions ['ignore', 'ignore_ament_install']
[1.972s] Level 1:colcon.colcon_core.package_identification:_identify(install) by extension 'ignore'
[1.972s] Level 1:colcon.colcon_core.package_identification:_identify(install) ignored
[1.972s] Level 1:colcon.colcon_core.package_identification:_identify(log) by extensions ['ignore', 'ignore_ament_install']
[1.972s] Level 1:colcon.colcon_core.package_identification:_identify(log) by extension 'ignore'
[1.972s] Level 1:colcon.colcon_core.package_identification:_identify(log) ignored
[1.973s] Level 1:colcon.colcon_core.package_identification:_identify(rover_antenna) by extensions ['ignore', 'ignore_ament_install']
[1.973s] Level 1:colcon.colcon_core.package_identification:_identify(rover_antenna) by extension 'ignore'
[1.973s] Level 1:colcon.colcon_core.package_identification:_identify(rover_antenna) by extension 'ignore_ament_install'
[1.973s] Level 1:colcon.colcon_core.package_identification:_identify(rover_antenna) by extensions ['colcon_pkg']
[1.973s] Level 1:colcon.colcon_core.package_identification:_identify(rover_antenna) by extension 'colcon_pkg'
[1.973s] Level 1:colcon.colcon_core.package_identification:_identify(rover_antenna) by extensions ['colcon_meta']
[1.973s] Level 1:colcon.colcon_core.package_identification:_identify(rover_antenna) by extension 'colcon_meta'
[1.973s] Level 1:colcon.colcon_core.package_identification:_identify(rover_antenna) by extensions ['ros']
[1.973s] Level 1:colcon.colcon_core.package_identification:_identify(rover_antenna) by extension 'ros'
[1.976s] DEBUG:colcon.colcon_core.package_identification:Package 'rover_antenna' with type 'ros.ament_cmake' and name 'rover_antenna'
[1.976s] Level 1:colcon.colcon_core.package_identification:_identify(rover_arm) by extensions ['ignore', 'ignore_ament_install']
[1.977s] Level 1:colcon.colcon_core.package_identification:_identify(rover_arm) by extension 'ignore'
[1.977s] Level 1:colcon.colcon_core.package_identification:_identify(rover_arm) by extension 'ignore_ament_install'
[1.977s] Level 1:colcon.colcon_core.package_identification:_identify(rover_arm) by extensions ['colcon_pkg']
[1.977s] Level 1:colcon.colcon_core.package_identification:_identify(rover_arm) by extension 'colcon_pkg'
[1.977s] Level 1:colcon.colcon_core.package_identification:_identify(rover_arm) by extensions ['colcon_meta']
[1.977s] Level 1:colcon.colcon_core.package_identification:_identify(rover_arm) by extension 'colcon_meta'
[1.977s] Level 1:colcon.colcon_core.package_identification:_identify(rover_arm) by extensions ['ros']
[1.977s] Level 1:colcon.colcon_core.package_identification:_identify(rover_arm) by extension 'ros'
[1.978s] DEBUG:colcon.colcon_core.package_identification:Package 'rover_arm' with type 'ros.ament_cmake' and name 'rover_arm'
[1.978s] Level 1:colcon.colcon_core.package_identification:_identify(rover_auxiliary) by extensions ['ignore', 'ignore_ament_install']
[1.978s] Level 1:colcon.colcon_core.package_identification:_identify(rover_auxiliary) by extension 'ignore'
[1.978s] Level 1:colcon.colcon_core.package_identification:_identify(rover_auxiliary) by extension 'ignore_ament_install'
[1.978s] Level 1:colcon.colcon_core.package_identification:_identify(rover_auxiliary) by extensions ['colcon_pkg']
[1.979s] Level 1:colcon.colcon_core.package_identification:_identify(rover_auxiliary) by extension 'colcon_pkg'
[1.979s] Level 1:colcon.colcon_core.package_identification:_identify(rover_auxiliary) by extensions ['colcon_meta']
[1.979s] Level 1:colcon.colcon_core.package_identification:_identify(rover_auxiliary) by extension 'colcon_meta'
[1.979s] Level 1:colcon.colcon_core.package_identification:_identify(rover_auxiliary) by extensions ['ros']
[1.979s] Level 1:colcon.colcon_core.package_identification:_identify(rover_auxiliary) by extension 'ros'
[1.980s] DEBUG:colcon.colcon_core.package_identification:Package 'rover_auxiliary' with type 'ros.ament_cmake' and name 'rover_auxiliary'
[1.980s] Level 1:colcon.colcon_core.package_identification:_identify(rover_can) by extensions ['ignore', 'ignore_ament_install']
[1.980s] Level 1:colcon.colcon_core.package_identification:_identify(rover_can) by extension 'ignore'
[1.981s] Level 1:colcon.colcon_core.package_identification:_identify(rover_can) by extension 'ignore_ament_install'
[1.981s] Level 1:colcon.colcon_core.package_identification:_identify(rover_can) by extensions ['colcon_pkg']
[1.981s] Level 1:colcon.colcon_core.package_identification:_identify(rover_can) by extension 'colcon_pkg'
[1.981s] Level 1:colcon.colcon_core.package_identification:_identify(rover_can) by extensions ['colcon_meta']
[1.981s] Level 1:colcon.colcon_core.package_identification:_identify(rover_can) by extension 'colcon_meta'
[1.981s] Level 1:colcon.colcon_core.package_identification:_identify(rover_can) by extensions ['ros']
[1.981s] Level 1:colcon.colcon_core.package_identification:_identify(rover_can) by extension 'ros'
[1.982s] DEBUG:colcon.colcon_core.package_identification:Package 'rover_can' with type 'ros.ament_cmake' and name 'rover_can'
[1.982s] Level 1:colcon.colcon_core.package_identification:_identify(rover_drive_train) by extensions ['ignore', 'ignore_ament_install']
[1.982s] Level 1:colcon.colcon_core.package_identification:_identify(rover_drive_train) by extension 'ignore'
[1.982s] Level 1:colcon.colcon_core.package_identification:_identify(rover_drive_train) by extension 'ignore_ament_install'
[1.982s] Level 1:colcon.colcon_core.package_identification:_identify(rover_drive_train) by extensions ['colcon_pkg']
[1.982s] Level 1:colcon.colcon_core.package_identification:_identify(rover_drive_train) by extension 'colcon_pkg'
[1.982s] Level 1:colcon.colcon_core.package_identification:_identify(rover_drive_train) by extensions ['colcon_meta']
[1.982s] Level 1:colcon.colcon_core.package_identification:_identify(rover_drive_train) by extension 'colcon_meta'
[1.982s] Level 1:colcon.colcon_core.package_identification:_identify(rover_drive_train) by extensions ['ros']
[1.983s] Level 1:colcon.colcon_core.package_identification:_identify(rover_drive_train) by extension 'ros'
[1.983s] DEBUG:colcon.colcon_core.package_identification:Package 'rover_drive_train' with type 'ros.ament_cmake' and name 'rover_drive_train'
[1.984s] Level 1:colcon.colcon_core.package_identification:_identify(rover_gui) by extensions ['ignore', 'ignore_ament_install']
[1.984s] Level 1:colcon.colcon_core.package_identification:_identify(rover_gui) by extension 'ignore'
[1.984s] Level 1:colcon.colcon_core.package_identification:_identify(rover_gui) by extension 'ignore_ament_install'
[1.984s] Level 1:colcon.colcon_core.package_identification:_identify(rover_gui) by extensions ['colcon_pkg']
[1.984s] Level 1:colcon.colcon_core.package_identification:_identify(rover_gui) by extension 'colcon_pkg'
[1.984s] Level 1:colcon.colcon_core.package_identification:_identify(rover_gui) by extensions ['colcon_meta']
[1.984s] Level 1:colcon.colcon_core.package_identification:_identify(rover_gui) by extension 'colcon_meta'
[1.984s] Level 1:colcon.colcon_core.package_identification:_identify(rover_gui) by extensions ['ros']
[1.984s] Level 1:colcon.colcon_core.package_identification:_identify(rover_gui) by extension 'ros'
[1.985s] DEBUG:colcon.colcon_core.package_identification:Package 'rover_gui' with type 'ros.ament_cmake' and name 'rover_gui'
[1.985s] Level 1:colcon.colcon_core.package_identification:_identify(rover_helper) by extensions ['ignore', 'ignore_ament_install']
[1.986s] Level 1:colcon.colcon_core.package_identification:_identify(rover_helper) by extension 'ignore'
[1.986s] Level 1:colcon.colcon_core.package_identification:_identify(rover_helper) by extension 'ignore_ament_install'
[1.986s] Level 1:colcon.colcon_core.package_identification:_identify(rover_helper) by extensions ['colcon_pkg']
[1.986s] Level 1:colcon.colcon_core.package_identification:_identify(rover_helper) by extension 'colcon_pkg'
[1.986s] Level 1:colcon.colcon_core.package_identification:_identify(rover_helper) by extensions ['colcon_meta']
[1.986s] Level 1:colcon.colcon_core.package_identification:_identify(rover_helper) by extension 'colcon_meta'
[1.986s] Level 1:colcon.colcon_core.package_identification:_identify(rover_helper) by extensions ['ros']
[1.986s] Level 1:colcon.colcon_core.package_identification:_identify(rover_helper) by extension 'ros'
[1.986s] Level 1:colcon.colcon_core.package_identification:_identify(rover_helper) by extensions ['cmake', 'python']
[1.986s] Level 1:colcon.colcon_core.package_identification:_identify(rover_helper) by extension 'cmake'
[1.986s] Level 1:colcon.colcon_core.package_identification:_identify(rover_helper) by extension 'python'
[1.987s] Level 1:colcon.colcon_core.package_identification:_identify(rover_helper) by extensions ['python_setup_py']
[1.987s] Level 1:colcon.colcon_core.package_identification:_identify(rover_helper) by extension 'python_setup_py'
[1.987s] Level 1:colcon.colcon_core.package_identification:_identify(rover_helper/src) by extensions ['ignore', 'ignore_ament_install']
[1.987s] Level 1:colcon.colcon_core.package_identification:_identify(rover_helper/src) by extension 'ignore'
[1.987s] Level 1:colcon.colcon_core.package_identification:_identify(rover_helper/src) by extension 'ignore_ament_install'
[1.987s] Level 1:colcon.colcon_core.package_identification:_identify(rover_helper/src) by extensions ['colcon_pkg']
[1.987s] Level 1:colcon.colcon_core.package_identification:_identify(rover_helper/src) by extension 'colcon_pkg'
[1.987s] Level 1:colcon.colcon_core.package_identification:_identify(rover_helper/src) by extensions ['colcon_meta']
[1.987s] Level 1:colcon.colcon_core.package_identification:_identify(rover_helper/src) by extension 'colcon_meta'
[1.987s] Level 1:colcon.colcon_core.package_identification:_identify(rover_helper/src) by extensions ['ros']
[1.987s] Level 1:colcon.colcon_core.package_identification:_identify(rover_helper/src) by extension 'ros'
[1.987s] Level 1:colcon.colcon_core.package_identification:_identify(rover_helper/src) by extensions ['cmake', 'python']
[1.987s] Level 1:colcon.colcon_core.package_identification:_identify(rover_helper/src) by extension 'cmake'
[1.987s] Level 1:colcon.colcon_core.package_identification:_identify(rover_helper/src) by extension 'python'
[1.988s] Level 1:colcon.colcon_core.package_identification:_identify(rover_helper/src) by extensions ['python_setup_py']
[1.988s] Level 1:colcon.colcon_core.package_identification:_identify(rover_helper/src) by extension 'python_setup_py'
[1.988s] Level 1:colcon.colcon_core.package_identification:_identify(rover_joy) by extensions ['ignore', 'ignore_ament_install']
[1.988s] Level 1:colcon.colcon_core.package_identification:_identify(rover_joy) by extension 'ignore'
[1.988s] Level 1:colcon.colcon_core.package_identification:_identify(rover_joy) by extension 'ignore_ament_install'
[1.988s] Level 1:colcon.colcon_core.package_identification:_identify(rover_joy) by extensions ['colcon_pkg']
[1.988s] Level 1:colcon.colcon_core.package_identification:_identify(rover_joy) by extension 'colcon_pkg'
[1.988s] Level 1:colcon.colcon_core.package_identification:_identify(rover_joy) by extensions ['colcon_meta']
[1.988s] Level 1:colcon.colcon_core.package_identification:_identify(rover_joy) by extension 'colcon_meta'
[1.988s] Level 1:colcon.colcon_core.package_identification:_identify(rover_joy) by extensions ['ros']
[1.988s] Level 1:colcon.colcon_core.package_identification:_identify(rover_joy) by extension 'ros'
[1.989s] DEBUG:colcon.colcon_core.package_identification:Package 'rover_joy' with type 'ros.ament_cmake' and name 'rover_joy'
[1.989s] Level 1:colcon.colcon_core.package_identification:_identify(rover_msgs) by extensions ['ignore', 'ignore_ament_install']
[1.990s] Level 1:colcon.colcon_core.package_identification:_identify(rover_msgs) by extension 'ignore'
[1.990s] Level 1:colcon.colcon_core.package_identification:_identify(rover_msgs) by extension 'ignore_ament_install'
[1.990s] Level 1:colcon.colcon_core.package_identification:_identify(rover_msgs) by extensions ['colcon_pkg']
[1.990s] Level 1:colcon.colcon_core.package_identification:_identify(rover_msgs) by extension 'colcon_pkg'
[1.990s] Level 1:colcon.colcon_core.package_identification:_identify(rover_msgs) by extensions ['colcon_meta']
[1.990s] Level 1:colcon.colcon_core.package_identification:_identify(rover_msgs) by extension 'colcon_meta'
[1.990s] Level 1:colcon.colcon_core.package_identification:_identify(rover_msgs) by extensions ['ros']
[1.990s] Level 1:colcon.colcon_core.package_identification:_identify(rover_msgs) by extension 'ros'
[1.991s] DEBUG:colcon.colcon_core.package_identification:Package 'rover_msgs' with type 'ros.ament_cmake' and name 'rover_msgs'
[1.991s] Level 1:colcon.colcon_core.package_identification:_identify(rover_security) by extensions ['ignore', 'ignore_ament_install']
[1.991s] Level 1:colcon.colcon_core.package_identification:_identify(rover_security) by extension 'ignore'
[1.991s] Level 1:colcon.colcon_core.package_identification:_identify(rover_security) by extension 'ignore_ament_install'
[1.991s] Level 1:colcon.colcon_core.package_identification:_identify(rover_security) by extensions ['colcon_pkg']
[1.991s] Level 1:colcon.colcon_core.package_identification:_identify(rover_security) by extension 'colcon_pkg'
[1.991s] Level 1:colcon.colcon_core.package_identification:_identify(rover_security) by extensions ['colcon_meta']
[1.991s] Level 1:colcon.colcon_core.package_identification:_identify(rover_security) by extension 'colcon_meta'
[1.991s] Level 1:colcon.colcon_core.package_identification:_identify(rover_security) by extensions ['ros']
[1.991s] Level 1:colcon.colcon_core.package_identification:_identify(rover_security) by extension 'ros'
[1.992s] DEBUG:colcon.colcon_core.package_identification:Package 'rover_security' with type 'ros.ament_cmake' and name 'rover_security'
[1.992s] Level 1:colcon.colcon_core.package_identification:_identify(rover_sim) by extensions ['ignore', 'ignore_ament_install']
[1.992s] Level 1:colcon.colcon_core.package_identification:_identify(rover_sim) by extension 'ignore'
[1.993s] Level 1:colcon.colcon_core.package_identification:_identify(rover_sim) by extension 'ignore_ament_install'
[1.993s] Level 1:colcon.colcon_core.package_identification:_identify(rover_sim) by extensions ['colcon_pkg']
[1.993s] Level 1:colcon.colcon_core.package_identification:_identify(rover_sim) by extension 'colcon_pkg'
[1.993s] Level 1:colcon.colcon_core.package_identification:_identify(rover_sim) by extensions ['colcon_meta']
[1.993s] Level 1:colcon.colcon_core.package_identification:_identify(rover_sim) by extension 'colcon_meta'
[1.993s] Level 1:colcon.colcon_core.package_identification:_identify(rover_sim) by extensions ['ros']
[1.993s] Level 1:colcon.colcon_core.package_identification:_identify(rover_sim) by extension 'ros'
[1.994s] DEBUG:colcon.colcon_core.package_identification:Package 'rover_sim' with type 'ros.ament_python' and name 'rover_sim'
[1.994s] Level 1:colcon.colcon_core.package_identification:_identify(scripts) by extensions ['ignore', 'ignore_ament_install']
[1.994s] Level 1:colcon.colcon_core.package_identification:_identify(scripts) by extension 'ignore'
[1.994s] Level 1:colcon.colcon_core.package_identification:_identify(scripts) by extension 'ignore_ament_install'
[1.994s] Level 1:colcon.colcon_core.package_identification:_identify(scripts) by extensions ['colcon_pkg']
[1.994s] Level 1:colcon.colcon_core.package_identification:_identify(scripts) by extension 'colcon_pkg'
[1.994s] Level 1:colcon.colcon_core.package_identification:_identify(scripts) by extensions ['colcon_meta']
[1.994s] Level 1:colcon.colcon_core.package_identification:_identify(scripts) by extension 'colcon_meta'
[1.994s] Level 1:colcon.colcon_core.package_identification:_identify(scripts) by extensions ['ros']
[1.994s] Level 1:colcon.colcon_core.package_identification:_identify(scripts) by extension 'ros'
[1.994s] Level 1:colcon.colcon_core.package_identification:_identify(scripts) by extensions ['cmake', 'python']
[1.994s] Level 1:colcon.colcon_core.package_identification:_identify(scripts) by extension 'cmake'
[1.995s] Level 1:colcon.colcon_core.package_identification:_identify(scripts) by extension 'python'
[1.995s] Level 1:colcon.colcon_core.package_identification:_identify(scripts) by extensions ['python_setup_py']
[1.995s] Level 1:colcon.colcon_core.package_identification:_identify(scripts) by extension 'python_setup_py'
[1.995s] Level 1:colcon.colcon_core.package_discovery:discover_packages(recursive) using defaults
[1.995s] Level 1:colcon.colcon_core.package_discovery:discover_packages(ignore) discover
[1.995s] Level 1:colcon.colcon_core.package_discovery:discover_packages(ignore) using defaults
[1.995s] Level 1:colcon.colcon_core.package_discovery:discover_packages(path) discover
[1.995s] Level 1:colcon.colcon_core.package_discovery:discover_packages(path) using defaults
[2.184s] Level 1:colcon.colcon_core.package_discovery:discover_packages(prefix_path) check parameters
[2.184s] Level 1:colcon.colcon_core.package_discovery:discover_packages(prefix_path) discover
[2.244s] DEBUG:colcon.colcon_installed_package_information.package_discovery:Found 18 installed packages in /home/chris/ros2_ws/install
[2.275s] DEBUG:colcon.colcon_installed_package_information.package_discovery:Found 376 installed packages in /opt/ros/humble
[2.277s] Level 1:colcon.colcon_core.package_discovery:discover_packages(prefix_path) using defaults
[2.448s] Level 5:colcon.colcon_core.verb:set package 'rover_msgs' build argument 'cmake_args' from command line to 'None'
[2.448s] Level 5:colcon.colcon_core.verb:set package 'rover_msgs' build argument 'cmake_target' from command line to 'None'
[2.448s] Level 5:colcon.colcon_core.verb:set package 'rover_msgs' build argument 'cmake_target_skip_unavailable' from command line to 'False'
[2.448s] Level 5:colcon.colcon_core.verb:set package 'rover_msgs' build argument 'cmake_clean_cache' from command line to 'False'
[2.448s] Level 5:colcon.colcon_core.verb:set package 'rover_msgs' build argument 'cmake_clean_first' from command line to 'False'
[2.448s] Level 5:colcon.colcon_core.verb:set package 'rover_msgs' build argument 'cmake_force_configure' from command line to 'False'
[2.448s] Level 5:colcon.colcon_core.verb:set package 'rover_msgs' build argument 'ament_cmake_args' from command line to 'None'
[2.448s] Level 5:colcon.colcon_core.verb:set package 'rover_msgs' build argument 'catkin_cmake_args' from command line to 'None'
[2.448s] Level 5:colcon.colcon_core.verb:set package 'rover_msgs' build argument 'catkin_skip_building_tests' from command line to 'False'
[2.448s] DEBUG:colcon.colcon_core.verb:Building package 'rover_msgs' with the following arguments: {'ament_cmake_args': None, 'build_base': '/home/chris/ros2_ws/src/rover/build/rover_msgs', 'catkin_cmake_args': None, 'catkin_skip_building_tests': False, 'cmake_args': None, 'cmake_clean_cache': False, 'cmake_clean_first': False, 'cmake_force_configure': False, 'cmake_target': None, 'cmake_target_skip_unavailable': False, 'install_base': '/home/chris/ros2_ws/src/rover/install/rover_msgs', 'merge_install': False, 'path': '/home/chris/ros2_ws/src/rover/rover_msgs', 'symlink_install': False, 'test_result_base': None}
[2.482s] Level 5:colcon.colcon_core.verb:set package 'rover_security' build argument 'cmake_args' from command line to 'None'
[2.482s] Level 5:colcon.colcon_core.verb:set package 'rover_security' build argument 'cmake_target' from command line to 'None'
[2.482s] Level 5:colcon.colcon_core.verb:set package 'rover_security' build argument 'cmake_target_skip_unavailable' from command line to 'False'
[2.482s] Level 5:colcon.colcon_core.verb:set package 'rover_security' build argument 'cmake_clean_cache' from command line to 'False'
[2.482s] Level 5:colcon.colcon_core.verb:set package 'rover_security' build argument 'cmake_clean_first' from command line to 'False'
[2.482s] Level 5:colcon.colcon_core.verb:set package 'rover_security' build argument 'cmake_force_configure' from command line to 'False'
[2.482s] Level 5:colcon.colcon_core.verb:set package 'rover_security' build argument 'ament_cmake_args' from command line to 'None'
[2.483s] Level 5:colcon.colcon_core.verb:set package 'rover_security' build argument 'catkin_cmake_args' from command line to 'None'
[2.483s] Level 5:colcon.colcon_core.verb:set package 'rover_security' build argument 'catkin_skip_building_tests' from command line to 'False'
[2.483s] DEBUG:colcon.colcon_core.verb:Building package 'rover_security' with the following arguments: {'ament_cmake_args': None, 'build_base': '/home/chris/ros2_ws/src/rover/build/rover_security', 'catkin_cmake_args': None, 'catkin_skip_building_tests': False, 'cmake_args': None, 'cmake_clean_cache': False, 'cmake_clean_first': False, 'cmake_force_configure': False, 'cmake_target': None, 'cmake_target_skip_unavailable': False, 'install_base': '/home/chris/ros2_ws/src/rover/install/rover_security', 'merge_install': False, 'path': '/home/chris/ros2_ws/src/rover/rover_security', 'symlink_install': False, 'test_result_base': None}
[2.513s] Level 5:colcon.colcon_core.verb:set package 'rover_antenna' build argument 'cmake_args' from command line to 'None'
[2.513s] Level 5:colcon.colcon_core.verb:set package 'rover_antenna' build argument 'cmake_target' from command line to 'None'
[2.513s] Level 5:colcon.colcon_core.verb:set package 'rover_antenna' build argument 'cmake_target_skip_unavailable' from command line to 'False'
[2.513s] Level 5:colcon.colcon_core.verb:set package 'rover_antenna' build argument 'cmake_clean_cache' from command line to 'False'
[2.513s] Level 5:colcon.colcon_core.verb:set package 'rover_antenna' build argument 'cmake_clean_first' from command line to 'False'
[2.513s] Level 5:colcon.colcon_core.verb:set package 'rover_antenna' build argument 'cmake_force_configure' from command line to 'False'
[2.513s] Level 5:colcon.colcon_core.verb:set package 'rover_antenna' build argument 'ament_cmake_args' from command line to 'None'
[2.513s] Level 5:colcon.colcon_core.verb:set package 'rover_antenna' build argument 'catkin_cmake_args' from command line to 'None'
[2.513s] Level 5:colcon.colcon_core.verb:set package 'rover_antenna' build argument 'catkin_skip_building_tests' from command line to 'False'
[2.513s] DEBUG:colcon.colcon_core.verb:Building package 'rover_antenna' with the following arguments: {'ament_cmake_args': None, 'build_base': '/home/chris/ros2_ws/src/rover/build/rover_antenna', 'catkin_cmake_args': None, 'catkin_skip_building_tests': False, 'cmake_args': None, 'cmake_clean_cache': False, 'cmake_clean_first': False, 'cmake_force_configure': False, 'cmake_target': None, 'cmake_target_skip_unavailable': False, 'install_base': '/home/chris/ros2_ws/src/rover/install/rover_antenna', 'merge_install': False, 'path': '/home/chris/ros2_ws/src/rover/rover_antenna', 'symlink_install': False, 'test_result_base': None}
[2.542s] Level 5:colcon.colcon_core.verb:set package 'rover_arm' build argument 'cmake_args' from command line to 'None'
[2.542s] Level 5:colcon.colcon_core.verb:set package 'rover_arm' build argument 'cmake_target' from command line to 'None'
[2.542s] Level 5:colcon.colcon_core.verb:set package 'rover_arm' build argument 'cmake_target_skip_unavailable' from command line to 'False'
[2.542s] Level 5:colcon.colcon_core.verb:set package 'rover_arm' build argument 'cmake_clean_cache' from command line to 'False'
[2.542s] Level 5:colcon.colcon_core.verb:set package 'rover_arm' build argument 'cmake_clean_first' from command line to 'False'
[2.542s] Level 5:colcon.colcon_core.verb:set package 'rover_arm' build argument 'cmake_force_configure' from command line to 'False'
[2.542s] Level 5:colcon.colcon_core.verb:set package 'rover_arm' build argument 'ament_cmake_args' from command line to 'None'
[2.542s] Level 5:colcon.colcon_core.verb:set package 'rover_arm' build argument 'catkin_cmake_args' from command line to 'None'
[2.542s] Level 5:colcon.colcon_core.verb:set package 'rover_arm' build argument 'catkin_skip_building_tests' from command line to 'False'
[2.542s] DEBUG:colcon.colcon_core.verb:Building package 'rover_arm' with the following arguments: {'ament_cmake_args': None, 'build_base': '/home/chris/ros2_ws/src/rover/build/rover_arm', 'catkin_cmake_args': None, 'catkin_skip_building_tests': False, 'cmake_args': None, 'cmake_clean_cache': False, 'cmake_clean_first': False, 'cmake_force_configure': False, 'cmake_target': None, 'cmake_target_skip_unavailable': False, 'install_base': '/home/chris/ros2_ws/src/rover/install/rover_arm', 'merge_install': False, 'path': '/home/chris/ros2_ws/src/rover/rover_arm', 'symlink_install': False, 'test_result_base': None}
[2.571s] Level 5:colcon.colcon_core.verb:set package 'rover_auxiliary' build argument 'cmake_args' from command line to 'None'
[2.571s] Level 5:colcon.colcon_core.verb:set package 'rover_auxiliary' build argument 'cmake_target' from command line to 'None'
[2.571s] Level 5:colcon.colcon_core.verb:set package 'rover_auxiliary' build argument 'cmake_target_skip_unavailable' from command line to 'False'
[2.571s] Level 5:colcon.colcon_core.verb:set package 'rover_auxiliary' build argument 'cmake_clean_cache' from command line to 'False'
[2.571s] Level 5:colcon.colcon_core.verb:set package 'rover_auxiliary' build argument 'cmake_clean_first' from command line to 'False'
[2.571s] Level 5:colcon.colcon_core.verb:set package 'rover_auxiliary' build argument 'cmake_force_configure' from command line to 'False'
[2.571s] Level 5:colcon.colcon_core.verb:set package 'rover_auxiliary' build argument 'ament_cmake_args' from command line to 'None'
[2.571s] Level 5:colcon.colcon_core.verb:set package 'rover_auxiliary' build argument 'catkin_cmake_args' from command line to 'None'
[2.571s] Level 5:colcon.colcon_core.verb:set package 'rover_auxiliary' build argument 'catkin_skip_building_tests' from command line to 'False'
[2.571s] DEBUG:colcon.colcon_core.verb:Building package 'rover_auxiliary' with the following arguments: {'ament_cmake_args': None, 'build_base': '/home/chris/ros2_ws/src/rover/build/rover_auxiliary', 'catkin_cmake_args': None, 'catkin_skip_building_tests': False, 'cmake_args': None, 'cmake_clean_cache': False, 'cmake_clean_first': False, 'cmake_force_configure': False, 'cmake_target': None, 'cmake_target_skip_unavailable': False, 'install_base': '/home/chris/ros2_ws/src/rover/install/rover_auxiliary', 'merge_install': False, 'path': '/home/chris/ros2_ws/src/rover/rover_auxiliary', 'symlink_install': False, 'test_result_base': None}
[2.600s] Level 5:colcon.colcon_core.verb:set package 'rover_can' build argument 'cmake_args' from command line to 'None'
[2.600s] Level 5:colcon.colcon_core.verb:set package 'rover_can' build argument 'cmake_target' from command line to 'None'
[2.600s] Level 5:colcon.colcon_core.verb:set package 'rover_can' build argument 'cmake_target_skip_unavailable' from command line to 'False'
[2.600s] Level 5:colcon.colcon_core.verb:set package 'rover_can' build argument 'cmake_clean_cache' from command line to 'False'
[2.600s] Level 5:colcon.colcon_core.verb:set package 'rover_can' build argument 'cmake_clean_first' from command line to 'False'
[2.600s] Level 5:colcon.colcon_core.verb:set package 'rover_can' build argument 'cmake_force_configure' from command line to 'False'
[2.600s] Level 5:colcon.colcon_core.verb:set package 'rover_can' build argument 'ament_cmake_args' from command line to 'None'
[2.600s] Level 5:colcon.colcon_core.verb:set package 'rover_can' build argument 'catkin_cmake_args' from command line to 'None'
[2.600s] Level 5:colcon.colcon_core.verb:set package 'rover_can' build argument 'catkin_skip_building_tests' from command line to 'False'
[2.601s] DEBUG:colcon.colcon_core.verb:Building package 'rover_can' with the following arguments: {'ament_cmake_args': None, 'build_base': '/home/chris/ros2_ws/src/rover/build/rover_can', 'catkin_cmake_args': None, 'catkin_skip_building_tests': False, 'cmake_args': None, 'cmake_clean_cache': False, 'cmake_clean_first': False, 'cmake_force_configure': False, 'cmake_target': None, 'cmake_target_skip_unavailable': False, 'install_base': '/home/chris/ros2_ws/src/rover/install/rover_can', 'merge_install': False, 'path': '/home/chris/ros2_ws/src/rover/rover_can', 'symlink_install': False, 'test_result_base': None}
[2.629s] Level 5:colcon.colcon_core.verb:set package 'rover_drive_train' build argument 'cmake_args' from command line to 'None'
[2.629s] Level 5:colcon.colcon_core.verb:set package 'rover_drive_train' build argument 'cmake_target' from command line to 'None'
[2.629s] Level 5:colcon.colcon_core.verb:set package 'rover_drive_train' build argument 'cmake_target_skip_unavailable' from command line to 'False'
[2.629s] Level 5:colcon.colcon_core.verb:set package 'rover_drive_train' build argument 'cmake_clean_cache' from command line to 'False'
[2.629s] Level 5:colcon.colcon_core.verb:set package 'rover_drive_train' build argument 'cmake_clean_first' from command line to 'False'
[2.629s] Level 5:colcon.colcon_core.verb:set package 'rover_drive_train' build argument 'cmake_force_configure' from command line to 'False'
[2.629s] Level 5:colcon.colcon_core.verb:set package 'rover_drive_train' build argument 'ament_cmake_args' from command line to 'None'
[2.629s] Level 5:colcon.colcon_core.verb:set package 'rover_drive_train' build argument 'catkin_cmake_args' from command line to 'None'
[2.629s] Level 5:colcon.colcon_core.verb:set package 'rover_drive_train' build argument 'catkin_skip_building_tests' from command line to 'False'
[2.629s] DEBUG:colcon.colcon_core.verb:Building package 'rover_drive_train' with the following arguments: {'ament_cmake_args': None, 'build_base': '/home/chris/ros2_ws/src/rover/build/rover_drive_train', 'catkin_cmake_args': None, 'catkin_skip_building_tests': False, 'cmake_args': None, 'cmake_clean_cache': False, 'cmake_clean_first': False, 'cmake_force_configure': False, 'cmake_target': None, 'cmake_target_skip_unavailable': False, 'install_base': '/home/chris/ros2_ws/src/rover/install/rover_drive_train', 'merge_install': False, 'path': '/home/chris/ros2_ws/src/rover/rover_drive_train', 'symlink_install': False, 'test_result_base': None}
[2.659s] Level 5:colcon.colcon_core.verb:set package 'rover_gui' build argument 'cmake_args' from command line to 'None'
[2.659s] Level 5:colcon.colcon_core.verb:set package 'rover_gui' build argument 'cmake_target' from command line to 'None'
[2.659s] Level 5:colcon.colcon_core.verb:set package 'rover_gui' build argument 'cmake_target_skip_unavailable' from command line to 'False'
[2.659s] Level 5:colcon.colcon_core.verb:set package 'rover_gui' build argument 'cmake_clean_cache' from command line to 'False'
[2.659s] Level 5:colcon.colcon_core.verb:set package 'rover_gui' build argument 'cmake_clean_first' from command line to 'False'
[2.659s] Level 5:colcon.colcon_core.verb:set package 'rover_gui' build argument 'cmake_force_configure' from command line to 'False'
[2.659s] Level 5:colcon.colcon_core.verb:set package 'rover_gui' build argument 'ament_cmake_args' from command line to 'None'
[2.660s] Level 5:colcon.colcon_core.verb:set package 'rover_gui' build argument 'catkin_cmake_args' from command line to 'None'
[2.660s] Level 5:colcon.colcon_core.verb:set package 'rover_gui' build argument 'catkin_skip_building_tests' from command line to 'False'
[2.660s] DEBUG:colcon.colcon_core.verb:Building package 'rover_gui' with the following arguments: {'ament_cmake_args': None, 'build_base': '/home/chris/ros2_ws/src/rover/build/rover_gui', 'catkin_cmake_args': None, 'catkin_skip_building_tests': False, 'cmake_args': None, 'cmake_clean_cache': False, 'cmake_clean_first': False, 'cmake_force_configure': False, 'cmake_target': None, 'cmake_target_skip_unavailable': False, 'install_base': '/home/chris/ros2_ws/src/rover/install/rover_gui', 'merge_install': False, 'path': '/home/chris/ros2_ws/src/rover/rover_gui', 'symlink_install': False, 'test_result_base': None}
[2.688s] Level 5:colcon.colcon_core.verb:set package 'rover_joy' build argument 'cmake_args' from command line to 'None'
[2.688s] Level 5:colcon.colcon_core.verb:set package 'rover_joy' build argument 'cmake_target' from command line to 'None'
[2.688s] Level 5:colcon.colcon_core.verb:set package 'rover_joy' build argument 'cmake_target_skip_unavailable' from command line to 'False'
[2.688s] Level 5:colcon.colcon_core.verb:set package 'rover_joy' build argument 'cmake_clean_cache' from command line to 'False'
[2.688s] Level 5:colcon.colcon_core.verb:set package 'rover_joy' build argument 'cmake_clean_first' from command line to 'False'
[2.688s] Level 5:colcon.colcon_core.verb:set package 'rover_joy' build argument 'cmake_force_configure' from command line to 'False'
[2.688s] Level 5:colcon.colcon_core.verb:set package 'rover_joy' build argument 'ament_cmake_args' from command line to 'None'
[2.688s] Level 5:colcon.colcon_core.verb:set package 'rover_joy' build argument 'catkin_cmake_args' from command line to 'None'
[2.688s] Level 5:colcon.colcon_core.verb:set package 'rover_joy' build argument 'catkin_skip_building_tests' from command line to 'False'
[2.688s] DEBUG:colcon.colcon_core.verb:Building package 'rover_joy' with the following arguments: {'ament_cmake_args': None, 'build_base': '/home/chris/ros2_ws/src/rover/build/rover_joy', 'catkin_cmake_args': None, 'catkin_skip_building_tests': False, 'cmake_args': None, 'cmake_clean_cache': False, 'cmake_clean_first': False, 'cmake_force_configure': False, 'cmake_target': None, 'cmake_target_skip_unavailable': False, 'install_base': '/home/chris/ros2_ws/src/rover/install/rover_joy', 'merge_install': False, 'path': '/home/chris/ros2_ws/src/rover/rover_joy', 'symlink_install': False, 'test_result_base': None}
[2.716s] Level 5:colcon.colcon_core.verb:set package 'rover_sim' build argument 'cmake_args' from command line to 'None'
[2.716s] Level 5:colcon.colcon_core.verb:set package 'rover_sim' build argument 'cmake_target' from command line to 'None'
[2.717s] Level 5:colcon.colcon_core.verb:set package 'rover_sim' build argument 'cmake_target_skip_unavailable' from command line to 'False'
[2.717s] Level 5:colcon.colcon_core.verb:set package 'rover_sim' build argument 'cmake_clean_cache' from command line to 'False'
[2.717s] Level 5:colcon.colcon_core.verb:set package 'rover_sim' build argument 'cmake_clean_first' from command line to 'False'
[2.717s] Level 5:colcon.colcon_core.verb:set package 'rover_sim' build argument 'cmake_force_configure' from command line to 'False'
[2.717s] Level 5:colcon.colcon_core.verb:set package 'rover_sim' build argument 'ament_cmake_args' from command line to 'None'
[2.717s] Level 5:colcon.colcon_core.verb:set package 'rover_sim' build argument 'catkin_cmake_args' from command line to 'None'
[2.717s] Level 5:colcon.colcon_core.verb:set package 'rover_sim' build argument 'catkin_skip_building_tests' from command line to 'False'
[2.717s] DEBUG:colcon.colcon_core.verb:Building package 'rover_sim' with the following arguments: {'ament_cmake_args': None, 'build_base': '/home/chris/ros2_ws/src/rover/build/rover_sim', 'catkin_cmake_args': None, 'catkin_skip_building_tests': False, 'cmake_args': None, 'cmake_clean_cache': False, 'cmake_clean_first': False, 'cmake_force_configure': False, 'cmake_target': None, 'cmake_target_skip_unavailable': False, 'install_base': '/home/chris/ros2_ws/src/rover/install/rover_sim', 'merge_install': False, 'path': '/home/chris/ros2_ws/src/rover/rover_sim', 'symlink_install': False, 'test_result_base': None}
[2.745s] INFO:colcon.colcon_core.executor:Executing jobs using 'parallel' executor
[2.774s] DEBUG:colcon.colcon_parallel_executor.executor.parallel:run_until_complete
[2.774s] INFO:colcon.colcon_ros.task.ament_cmake.build:Building ROS package in '/home/chris/ros2_ws/src/rover/rover_msgs' with build type 'ament_cmake'
[2.774s] INFO:colcon.colcon_cmake.task.cmake.build:Building CMake package in '/home/chris/ros2_ws/src/rover/rover_msgs'
[2.805s] INFO:colcon.colcon_core.plugin_system:Skipping extension 'colcon_core.shell.bat': Not used on non-Windows systems
[2.805s] INFO:colcon.colcon_core.shell:Skip shell extension 'powershell' for command environment: Not usable outside of PowerShell
[2.805s] DEBUG:colcon.colcon_core.shell:Skip shell extension 'dsv' for command environment
[2.897s] INFO:colcon.colcon_ros.task.ament_cmake.build:Building ROS package in '/home/chris/ros2_ws/src/rover/rover_security' with build type 'ament_cmake'
[2.897s] INFO:colcon.colcon_cmake.task.cmake.build:Building CMake package in '/home/chris/ros2_ws/src/rover/rover_security'
[2.927s] INFO:colcon.colcon_core.shell:Skip shell extension 'powershell' for command environment: Not usable outside of PowerShell
[2.927s] DEBUG:colcon.colcon_core.shell:Skip shell extension 'dsv' for command environment
[3.026s] DEBUG:colcon.colcon_core.event_handler.log_command:Invoking command in '/home/chris/ros2_ws/src/rover/build/rover_msgs': CMAKE_PREFIX_PATH=${CMAKE_PREFIX_PATH}:/home/chris/ros2_ws/install/rover_sim:/home/chris/ros2_ws/install/panorama:/home/chris/ros2_ws/install/moveit_configs_utils:/opt/ros/humble /usr/bin/cmake --build /home/chris/ros2_ws/src/rover/build/rover_msgs -- -j12 -l12
[3.032s] DEBUG:colcon.colcon_core.event_handler.log_command:Invoking command in '/home/chris/ros2_ws/src/rover/build/rover_security': CMAKE_PREFIX_PATH=${CMAKE_PREFIX_PATH}:/home/chris/ros2_ws/install/rover_sim:/home/chris/ros2_ws/install/panorama:/home/chris/ros2_ws/install/moveit_configs_utils:/opt/ros/humble /usr/bin/cmake --build /home/chris/ros2_ws/src/rover/build/rover_security -- -j12 -l12
[3.661s] DEBUG:colcon.colcon_core.event_handler.log_command:Invoked command in '/home/chris/ros2_ws/src/rover/build/rover_msgs' returned '0': CMAKE_PREFIX_PATH=${CMAKE_PREFIX_PATH}:/home/chris/ros2_ws/install/rover_sim:/home/chris/ros2_ws/install/panorama:/home/chris/ros2_ws/install/moveit_configs_utils:/opt/ros/humble /usr/bin/cmake --build /home/chris/ros2_ws/src/rover/build/rover_msgs -- -j12 -l12
[4.473s] DEBUG:colcon.colcon_core.event_handler.log_command:Invoking command in '/home/chris/ros2_ws/src/rover/build/rover_msgs': CMAKE_PREFIX_PATH=${CMAKE_PREFIX_PATH}:/home/chris/ros2_ws/install/rover_sim:/home/chris/ros2_ws/install/panorama:/home/chris/ros2_ws/install/moveit_configs_utils:/opt/ros/humble /usr/bin/cmake --install /home/chris/ros2_ws/src/rover/build/rover_msgs
[4.586s] Level 1:colcon.colcon_core.environment:create_environment_scripts_only(rover_msgs)
[4.587s] DEBUG:colcon.colcon_core.event_handler.log_command:Invoked command in '/home/chris/ros2_ws/src/rover/build/rover_msgs' returned '0': CMAKE_PREFIX_PATH=${CMAKE_PREFIX_PATH}:/home/chris/ros2_ws/install/rover_sim:/home/chris/ros2_ws/install/panorama:/home/chris/ros2_ws/install/moveit_configs_utils:/opt/ros/humble /usr/bin/cmake --install /home/chris/ros2_ws/src/rover/build/rover_msgs
[4.618s] Level 1:colcon.colcon_core.environment:checking '/home/chris/ros2_ws/src/rover/install/rover_msgs' for CMake module files
[4.619s] Level 1:colcon.colcon_core.environment:checking '/home/chris/ros2_ws/src/rover/install/rover_msgs' for CMake config files
[4.620s] Level 1:colcon.colcon_core.shell:create_environment_hook('rover_msgs', 'cmake_prefix_path')
[4.648s] INFO:colcon.colcon_core.shell:Creating environment hook '/home/chris/ros2_ws/src/rover/install/rover_msgs/share/rover_msgs/hook/cmake_prefix_path.ps1'
[4.649s] INFO:colcon.colcon_core.shell:Creating environment descriptor '/home/chris/ros2_ws/src/rover/install/rover_msgs/share/rover_msgs/hook/cmake_prefix_path.dsv'
[4.650s] INFO:colcon.colcon_core.shell:Creating environment hook '/home/chris/ros2_ws/src/rover/install/rover_msgs/share/rover_msgs/hook/cmake_prefix_path.sh'
[4.651s] Level 1:colcon.colcon_core.environment:checking '/home/chris/ros2_ws/src/rover/install/rover_msgs/lib'
[4.651s] Level 1:colcon.colcon_core.shell:create_environment_hook('rover_msgs', 'ld_library_path_lib')
[4.681s] INFO:colcon.colcon_core.shell:Creating environment hook '/home/chris/ros2_ws/src/rover/install/rover_msgs/share/rover_msgs/hook/ld_library_path_lib.ps1'
[4.681s] INFO:colcon.colcon_core.shell:Creating environment descriptor '/home/chris/ros2_ws/src/rover/install/rover_msgs/share/rover_msgs/hook/ld_library_path_lib.dsv'
[4.682s] INFO:colcon.colcon_core.shell:Creating environment hook '/home/chris/ros2_ws/src/rover/install/rover_msgs/share/rover_msgs/hook/ld_library_path_lib.sh'
[4.682s] Level 1:colcon.colcon_core.environment:checking '/home/chris/ros2_ws/src/rover/install/rover_msgs/bin'
[4.682s] Level 1:colcon.colcon_core.environment:checking '/home/chris/ros2_ws/src/rover/install/rover_msgs/lib/pkgconfig/rover_msgs.pc'
[4.683s] Level 1:colcon.colcon_core.environment:checking '/home/chris/ros2_ws/src/rover/install/rover_msgs/lib/python3.10/site-packages'
[4.683s] Level 1:colcon.colcon_core.environment:checking '/home/chris/ros2_ws/src/rover/install/rover_msgs/bin'
[4.711s] INFO:colcon.colcon_core.shell:Creating package script '/home/chris/ros2_ws/src/rover/install/rover_msgs/share/rover_msgs/package.ps1'
[4.712s] INFO:colcon.colcon_core.shell:Creating package descriptor '/home/chris/ros2_ws/src/rover/install/rover_msgs/share/rover_msgs/package.dsv'
[4.713s] INFO:colcon.colcon_core.shell:Creating package script '/home/chris/ros2_ws/src/rover/install/rover_msgs/share/rover_msgs/package.sh'
[4.714s] INFO:colcon.colcon_core.shell:Creating package script '/home/chris/ros2_ws/src/rover/install/rover_msgs/share/rover_msgs/package.bash'
[4.715s] INFO:colcon.colcon_core.shell:Creating package script '/home/chris/ros2_ws/src/rover/install/rover_msgs/share/rover_msgs/package.zsh'
[4.716s] Level 1:colcon.colcon_core.environment:create_file_with_runtime_dependencies(/home/chris/ros2_ws/src/rover/install/rover_msgs/share/colcon-core/packages/rover_msgs)
[5.540s] Level 1:colcon.colcon_core.environment:create_environment_scripts_only(rover_msgs)
[5.567s] Level 1:colcon.colcon_core.environment:checking '/home/chris/ros2_ws/src/rover/install/rover_msgs' for CMake module files
[5.568s] Level 1:colcon.colcon_core.environment:checking '/home/chris/ros2_ws/src/rover/install/rover_msgs' for CMake config files
[5.569s] Level 1:colcon.colcon_core.shell:create_environment_hook('rover_msgs', 'cmake_prefix_path')
[5.597s] INFO:colcon.colcon_core.shell:Creating environment hook '/home/chris/ros2_ws/src/rover/install/rover_msgs/share/rover_msgs/hook/cmake_prefix_path.ps1'
[5.598s] INFO:colcon.colcon_core.shell:Creating environment descriptor '/home/chris/ros2_ws/src/rover/install/rover_msgs/share/rover_msgs/hook/cmake_prefix_path.dsv'
[5.598s] INFO:colcon.colcon_core.shell:Creating environment hook '/home/chris/ros2_ws/src/rover/install/rover_msgs/share/rover_msgs/hook/cmake_prefix_path.sh'
[5.599s] Level 1:colcon.colcon_core.environment:checking '/home/chris/ros2_ws/src/rover/install/rover_msgs/lib'
[5.599s] Level 1:colcon.colcon_core.shell:create_environment_hook('rover_msgs', 'ld_library_path_lib')
[5.627s] INFO:colcon.colcon_core.shell:Creating environment hook '/home/chris/ros2_ws/src/rover/install/rover_msgs/share/rover_msgs/hook/ld_library_path_lib.ps1'
[5.628s] INFO:colcon.colcon_core.shell:Creating environment descriptor '/home/chris/ros2_ws/src/rover/install/rover_msgs/share/rover_msgs/hook/ld_library_path_lib.dsv'
[5.628s] INFO:colcon.colcon_core.shell:Creating environment hook '/home/chris/ros2_ws/src/rover/install/rover_msgs/share/rover_msgs/hook/ld_library_path_lib.sh'
[5.629s] Level 1:colcon.colcon_core.environment:checking '/home/chris/ros2_ws/src/rover/install/rover_msgs/bin'
[5.629s] Level 1:colcon.colcon_core.environment:checking '/home/chris/ros2_ws/src/rover/install/rover_msgs/lib/pkgconfig/rover_msgs.pc'
[5.629s] Level 1:colcon.colcon_core.environment:checking '/home/chris/ros2_ws/src/rover/install/rover_msgs/lib/python3.10/site-packages'
[5.629s] Level 1:colcon.colcon_core.environment:checking '/home/chris/ros2_ws/src/rover/install/rover_msgs/bin'
[5.657s] INFO:colcon.colcon_core.shell:Creating package script '/home/chris/ros2_ws/src/rover/install/rover_msgs/share/rover_msgs/package.ps1'
[5.658s] INFO:colcon.colcon_core.shell:Creating package descriptor '/home/chris/ros2_ws/src/rover/install/rover_msgs/share/rover_msgs/package.dsv'
[5.659s] INFO:colcon.colcon_core.shell:Creating package script '/home/chris/ros2_ws/src/rover/install/rover_msgs/share/rover_msgs/package.sh'
[5.659s] INFO:colcon.colcon_core.shell:Creating package script '/home/chris/ros2_ws/src/rover/install/rover_msgs/share/rover_msgs/package.bash'
[5.660s] INFO:colcon.colcon_core.shell:Creating package script '/home/chris/ros2_ws/src/rover/install/rover_msgs/share/rover_msgs/package.zsh'
[5.660s] Level 1:colcon.colcon_core.environment:create_file_with_runtime_dependencies(/home/chris/ros2_ws/src/rover/install/rover_msgs/share/colcon-core/packages/rover_msgs)
[5.661s] INFO:colcon.colcon_ros.task.ament_cmake.build:Building ROS package in '/home/chris/ros2_ws/src/rover/rover_antenna' with build type 'ament_cmake'
[5.661s] INFO:colcon.colcon_cmake.task.cmake.build:Building CMake package in '/home/chris/ros2_ws/src/rover/rover_antenna'
[5.693s] INFO:colcon.colcon_core.shell:Skip shell extension 'powershell' for command environment: Not usable outside of PowerShell
[5.693s] DEBUG:colcon.colcon_core.shell:Skip shell extension 'dsv' for command environment
[5.782s] INFO:colcon.colcon_ros.task.ament_cmake.build:Building ROS package in '/home/chris/ros2_ws/src/rover/rover_arm' with build type 'ament_cmake'
[5.783s] INFO:colcon.colcon_cmake.task.cmake.build:Building CMake package in '/home/chris/ros2_ws/src/rover/rover_arm'
[5.812s] INFO:colcon.colcon_core.shell:Skip shell extension 'powershell' for command environment: Not usable outside of PowerShell
[5.812s] DEBUG:colcon.colcon_core.shell:Skip shell extension 'dsv' for command environment
[5.902s] INFO:colcon.colcon_ros.task.ament_cmake.build:Building ROS package in '/home/chris/ros2_ws/src/rover/rover_auxiliary' with build type 'ament_cmake'
[5.902s] INFO:colcon.colcon_cmake.task.cmake.build:Building CMake package in '/home/chris/ros2_ws/src/rover/rover_auxiliary'
[5.932s] INFO:colcon.colcon_core.shell:Skip shell extension 'powershell' for command environment: Not usable outside of PowerShell
[5.932s] DEBUG:colcon.colcon_core.shell:Skip shell extension 'dsv' for command environment
[6.022s] INFO:colcon.colcon_ros.task.ament_cmake.build:Building ROS package in '/home/chris/ros2_ws/src/rover/rover_can' with build type 'ament_cmake'
[6.022s] INFO:colcon.colcon_cmake.task.cmake.build:Building CMake package in '/home/chris/ros2_ws/src/rover/rover_can'
[6.053s] INFO:colcon.colcon_core.shell:Skip shell extension 'powershell' for command environment: Not usable outside of PowerShell
[6.053s] DEBUG:colcon.colcon_core.shell:Skip shell extension 'dsv' for command environment
[6.158s] INFO:colcon.colcon_ros.task.ament_cmake.build:Building ROS package in '/home/chris/ros2_ws/src/rover/rover_drive_train' with build type 'ament_cmake'
[6.158s] INFO:colcon.colcon_cmake.task.cmake.build:Building CMake package in '/home/chris/ros2_ws/src/rover/rover_drive_train'
[6.189s] INFO:colcon.colcon_core.shell:Skip shell extension 'powershell' for command environment: Not usable outside of PowerShell
[6.189s] DEBUG:colcon.colcon_core.shell:Skip shell extension 'dsv' for command environment
[6.280s] INFO:colcon.colcon_ros.task.ament_cmake.build:Building ROS package in '/home/chris/ros2_ws/src/rover/rover_gui' with build type 'ament_cmake'
[6.280s] INFO:colcon.colcon_cmake.task.cmake.build:Building CMake package in '/home/chris/ros2_ws/src/rover/rover_gui'
[6.327s] INFO:colcon.colcon_core.shell:Skip shell extension 'powershell' for command environment: Not usable outside of PowerShell
[6.327s] DEBUG:colcon.colcon_core.shell:Skip shell extension 'dsv' for command environment
[6.422s] INFO:colcon.colcon_ros.task.ament_cmake.build:Building ROS package in '/home/chris/ros2_ws/src/rover/rover_joy' with build type 'ament_cmake'
[6.422s] INFO:colcon.colcon_cmake.task.cmake.build:Building CMake package in '/home/chris/ros2_ws/src/rover/rover_joy'
[6.458s] INFO:colcon.colcon_core.shell:Skip shell extension 'powershell' for command environment: Not usable outside of PowerShell
[6.458s] DEBUG:colcon.colcon_core.shell:Skip shell extension 'dsv' for command environment
[6.558s] INFO:colcon.colcon_ros.task.ament_python.build:Building ROS package in '/home/chris/ros2_ws/src/rover/rover_sim' with build type 'ament_python'
[6.558s] Level 1:colcon.colcon_core.shell:create_environment_hook('rover_sim', 'ament_prefix_path')
[6.589s] INFO:colcon.colcon_core.shell:Creating environment hook '/home/chris/ros2_ws/src/rover/install/rover_sim/share/rover_sim/hook/ament_prefix_path.ps1'
[6.590s] INFO:colcon.colcon_core.shell:Creating environment descriptor '/home/chris/ros2_ws/src/rover/install/rover_sim/share/rover_sim/hook/ament_prefix_path.dsv'
[6.590s] INFO:colcon.colcon_core.shell:Creating environment hook '/home/chris/ros2_ws/src/rover/install/rover_sim/share/rover_sim/hook/ament_prefix_path.sh'
[6.622s] INFO:colcon.colcon_core.shell:Skip shell extension 'powershell' for command environment: Not usable outside of PowerShell
[6.622s] DEBUG:colcon.colcon_core.shell:Skip shell extension 'dsv' for command environment
[6.724s] DEBUG:colcon.colcon_core.event_handler.log_command:Invoking command in '/home/chris/ros2_ws/src/rover/build/rover_antenna': AMENT_PREFIX_PATH=/home/chris/ros2_ws/src/rover/install/rover_msgs:${AMENT_PREFIX_PATH} CMAKE_PREFIX_PATH=/home/chris/ros2_ws/src/rover/install/rover_msgs:/home/chris/ros2_ws/install/rover_security:/home/chris/ros2_ws/install/rover_gui:/home/chris/ros2_ws/install/rover_can:/home/chris/ros2_ws/install/rover_auxiliary:/home/chris/ros2_ws/install/rover_antenna:/home/chris/ros2_ws/install/rover_msgs:/home/chris/ros2_ws/install/moveit_visual_tools:/home/chris/ros2_ws/install/moveit_resources_prbt_support:/home/chris/ros2_ws/install/moveit_controller:/home/chris/ros2_ws/install/fanuc_crx_simulation:/home/chris/ros2_ws/install/moveit_common:/home/chris/ros2_ws/install/micro_ros_setup:/home/chris/ros2_ws/install/micro_ros_agent:/home/chris/ros2_ws/install/micro_ros_msgs:/home/chris/ros2_ws/install/rover_sim:/home/chris/ros2_ws/install/panorama:/home/chris/ros2_ws/install/moveit_configs_utils:/opt/ros/humble LD_LIBRARY_PATH=/home/chris/ros2_ws/src/rover/install/rover_msgs/lib:${LD_LIBRARY_PATH} PYTHONPATH=/home/chris/ros2_ws/src/rover/install/rover_msgs/local/lib/python3.10/dist-packages:${PYTHONPATH} /usr/bin/cmake /home/chris/ros2_ws/src/rover/rover_antenna -DCMAKE_INSTALL_PREFIX=/home/chris/ros2_ws/src/rover/install/rover_antenna
[6.728s] DEBUG:colcon.colcon_core.event_handler.log_command:Invoking command in '/home/chris/ros2_ws/src/rover/build/rover_arm': AMENT_PREFIX_PATH=/home/chris/ros2_ws/src/rover/install/rover_msgs:${AMENT_PREFIX_PATH} CMAKE_PREFIX_PATH=/home/chris/ros2_ws/src/rover/install/rover_msgs:/home/chris/ros2_ws/install/rover_security:/home/chris/ros2_ws/install/rover_gui:/home/chris/ros2_ws/install/rover_can:/home/chris/ros2_ws/install/rover_auxiliary:/home/chris/ros2_ws/install/rover_antenna:/home/chris/ros2_ws/install/rover_msgs:/home/chris/ros2_ws/install/moveit_visual_tools:/home/chris/ros2_ws/install/moveit_resources_prbt_support:/home/chris/ros2_ws/install/moveit_controller:/home/chris/ros2_ws/install/fanuc_crx_simulation:/home/chris/ros2_ws/install/moveit_common:/home/chris/ros2_ws/install/micro_ros_setup:/home/chris/ros2_ws/install/micro_ros_agent:/home/chris/ros2_ws/install/micro_ros_msgs:/home/chris/ros2_ws/install/rover_sim:/home/chris/ros2_ws/install/panorama:/home/chris/ros2_ws/install/moveit_configs_utils:/opt/ros/humble LD_LIBRARY_PATH=/home/chris/ros2_ws/src/rover/install/rover_msgs/lib:${LD_LIBRARY_PATH} PYTHONPATH=/home/chris/ros2_ws/src/rover/install/rover_msgs/local/lib/python3.10/dist-packages:${PYTHONPATH} /usr/bin/cmake /home/chris/ros2_ws/src/rover/rover_arm -DCMAKE_INSTALL_PREFIX=/home/chris/ros2_ws/src/rover/install/rover_arm
[6.733s] DEBUG:colcon.colcon_core.event_handler.log_command:Invoking command in '/home/chris/ros2_ws/src/rover/build/rover_auxiliary': AMENT_PREFIX_PATH=/home/chris/ros2_ws/src/rover/install/rover_msgs:${AMENT_PREFIX_PATH} CMAKE_PREFIX_PATH=/home/chris/ros2_ws/src/rover/install/rover_msgs:/home/chris/ros2_ws/install/rover_security:/home/chris/ros2_ws/install/rover_gui:/home/chris/ros2_ws/install/rover_can:/home/chris/ros2_ws/install/rover_auxiliary:/home/chris/ros2_ws/install/rover_antenna:/home/chris/ros2_ws/install/rover_msgs:/home/chris/ros2_ws/install/moveit_visual_tools:/home/chris/ros2_ws/install/moveit_resources_prbt_support:/home/chris/ros2_ws/install/moveit_controller:/home/chris/ros2_ws/install/fanuc_crx_simulation:/home/chris/ros2_ws/install/moveit_common:/home/chris/ros2_ws/install/micro_ros_setup:/home/chris/ros2_ws/install/micro_ros_agent:/home/chris/ros2_ws/install/micro_ros_msgs:/home/chris/ros2_ws/install/rover_sim:/home/chris/ros2_ws/install/panorama:/home/chris/ros2_ws/install/moveit_configs_utils:/opt/ros/humble LD_LIBRARY_PATH=/home/chris/ros2_ws/src/rover/install/rover_msgs/lib:${LD_LIBRARY_PATH} PYTHONPATH=/home/chris/ros2_ws/src/rover/install/rover_msgs/local/lib/python3.10/dist-packages:${PYTHONPATH} /usr/bin/cmake /home/chris/ros2_ws/src/rover/rover_auxiliary -DCMAKE_INSTALL_PREFIX=/home/chris/ros2_ws/src/rover/install/rover_auxiliary
[6.738s] DEBUG:colcon.colcon_core.event_handler.log_command:Invoking command in '/home/chris/ros2_ws/src/rover/build/rover_can': AMENT_PREFIX_PATH=/home/chris/ros2_ws/src/rover/install/rover_msgs:${AMENT_PREFIX_PATH} CMAKE_PREFIX_PATH=/home/chris/ros2_ws/src/rover/install/rover_msgs:/home/chris/ros2_ws/install/rover_security:/home/chris/ros2_ws/install/rover_gui:/home/chris/ros2_ws/install/rover_can:/home/chris/ros2_ws/install/rover_auxiliary:/home/chris/ros2_ws/install/rover_antenna:/home/chris/ros2_ws/install/rover_msgs:/home/chris/ros2_ws/install/moveit_visual_tools:/home/chris/ros2_ws/install/moveit_resources_prbt_support:/home/chris/ros2_ws/install/moveit_controller:/home/chris/ros2_ws/install/fanuc_crx_simulation:/home/chris/ros2_ws/install/moveit_common:/home/chris/ros2_ws/install/micro_ros_setup:/home/chris/ros2_ws/install/micro_ros_agent:/home/chris/ros2_ws/install/micro_ros_msgs:/home/chris/ros2_ws/install/rover_sim:/home/chris/ros2_ws/install/panorama:/home/chris/ros2_ws/install/moveit_configs_utils:/opt/ros/humble LD_LIBRARY_PATH=/home/chris/ros2_ws/src/rover/install/rover_msgs/lib:${LD_LIBRARY_PATH} PYTHONPATH=/home/chris/ros2_ws/src/rover/install/rover_msgs/local/lib/python3.10/dist-packages:${PYTHONPATH} /usr/bin/cmake /home/chris/ros2_ws/src/rover/rover_can -DCMAKE_INSTALL_PREFIX=/home/chris/ros2_ws/src/rover/install/rover_can
[6.741s] DEBUG:colcon.colcon_core.event_handler.log_command:Invoking command in '/home/chris/ros2_ws/src/rover/build/rover_drive_train': AMENT_PREFIX_PATH=/home/chris/ros2_ws/src/rover/install/rover_msgs:${AMENT_PREFIX_PATH} CMAKE_PREFIX_PATH=/home/chris/ros2_ws/src/rover/install/rover_msgs:/home/chris/ros2_ws/install/rover_security:/home/chris/ros2_ws/install/rover_gui:/home/chris/ros2_ws/install/rover_can:/home/chris/ros2_ws/install/rover_auxiliary:/home/chris/ros2_ws/install/rover_antenna:/home/chris/ros2_ws/install/rover_msgs:/home/chris/ros2_ws/install/moveit_visual_tools:/home/chris/ros2_ws/install/moveit_resources_prbt_support:/home/chris/ros2_ws/install/moveit_controller:/home/chris/ros2_ws/install/fanuc_crx_simulation:/home/chris/ros2_ws/install/moveit_common:/home/chris/ros2_ws/install/micro_ros_setup:/home/chris/ros2_ws/install/micro_ros_agent:/home/chris/ros2_ws/install/micro_ros_msgs:/home/chris/ros2_ws/install/rover_sim:/home/chris/ros2_ws/install/panorama:/home/chris/ros2_ws/install/moveit_configs_utils:/opt/ros/humble LD_LIBRARY_PATH=/home/chris/ros2_ws/src/rover/install/rover_msgs/lib:${LD_LIBRARY_PATH} PYTHONPATH=/home/chris/ros2_ws/src/rover/install/rover_msgs/local/lib/python3.10/dist-packages:${PYTHONPATH} /usr/bin/cmake /home/chris/ros2_ws/src/rover/rover_drive_train -DCMAKE_INSTALL_PREFIX=/home/chris/ros2_ws/src/rover/install/rover_drive_train
[6.749s] DEBUG:colcon.colcon_core.event_handler.log_command:Invoking command in '/home/chris/ros2_ws/src/rover/build/rover_gui': AMENT_PREFIX_PATH=/home/chris/ros2_ws/src/rover/install/rover_msgs:${AMENT_PREFIX_PATH} CMAKE_PREFIX_PATH=/home/chris/ros2_ws/src/rover/install/rover_msgs:/home/chris/ros2_ws/install/rover_security:/home/chris/ros2_ws/install/rover_gui:/home/chris/ros2_ws/install/rover_can:/home/chris/ros2_ws/install/rover_auxiliary:/home/chris/ros2_ws/install/rover_antenna:/home/chris/ros2_ws/install/rover_msgs:/home/chris/ros2_ws/install/moveit_visual_tools:/home/chris/ros2_ws/install/moveit_resources_prbt_support:/home/chris/ros2_ws/install/moveit_controller:/home/chris/ros2_ws/install/fanuc_crx_simulation:/home/chris/ros2_ws/install/moveit_common:/home/chris/ros2_ws/install/micro_ros_setup:/home/chris/ros2_ws/install/micro_ros_agent:/home/chris/ros2_ws/install/micro_ros_msgs:/home/chris/ros2_ws/install/rover_sim:/home/chris/ros2_ws/install/panorama:/home/chris/ros2_ws/install/moveit_configs_utils:/opt/ros/humble LD_LIBRARY_PATH=/home/chris/ros2_ws/src/rover/install/rover_msgs/lib:${LD_LIBRARY_PATH} PYTHONPATH=/home/chris/ros2_ws/src/rover/install/rover_msgs/local/lib/python3.10/dist-packages:${PYTHONPATH} /usr/bin/cmake --build /home/chris/ros2_ws/src/rover/build/rover_gui -- -j12 -l12
[6.753s] DEBUG:colcon.colcon_core.event_handler.log_command:Invoking command in '/home/chris/ros2_ws/src/rover/build/rover_joy': AMENT_PREFIX_PATH=/home/chris/ros2_ws/src/rover/install/rover_msgs:${AMENT_PREFIX_PATH} CMAKE_PREFIX_PATH=/home/chris/ros2_ws/src/rover/install/rover_msgs:/home/chris/ros2_ws/install/rover_security:/home/chris/ros2_ws/install/rover_gui:/home/chris/ros2_ws/install/rover_can:/home/chris/ros2_ws/install/rover_auxiliary:/home/chris/ros2_ws/install/rover_antenna:/home/chris/ros2_ws/install/rover_msgs:/home/chris/ros2_ws/install/moveit_visual_tools:/home/chris/ros2_ws/install/moveit_resources_prbt_support:/home/chris/ros2_ws/install/moveit_controller:/home/chris/ros2_ws/install/fanuc_crx_simulation:/home/chris/ros2_ws/install/moveit_common:/home/chris/ros2_ws/install/micro_ros_setup:/home/chris/ros2_ws/install/micro_ros_agent:/home/chris/ros2_ws/install/micro_ros_msgs:/home/chris/ros2_ws/install/rover_sim:/home/chris/ros2_ws/install/panorama:/home/chris/ros2_ws/install/moveit_configs_utils:/opt/ros/humble LD_LIBRARY_PATH=/home/chris/ros2_ws/src/rover/install/rover_msgs/lib:${LD_LIBRARY_PATH} PYTHONPATH=/home/chris/ros2_ws/src/rover/install/rover_msgs/local/lib/python3.10/dist-packages:${PYTHONPATH} /usr/bin/cmake /home/chris/ros2_ws/src/rover/rover_joy -DCMAKE_INSTALL_PREFIX=/home/chris/ros2_ws/src/rover/install/rover_joy
[7.681s] INFO:colcon.colcon_core.task.python.build:Building Python package in '/home/chris/ros2_ws/src/rover/rover_sim'
[7.736s] INFO:colcon.colcon_core.shell:Skip shell extension 'powershell' for command environment: Not usable outside of PowerShell
[7.737s] DEBUG:colcon.colcon_core.shell:Skip shell extension 'dsv' for command environment
[9.878s] DEBUG:colcon.colcon_core.event_handler.log_command:Invoking command in '/home/chris/ros2_ws/src/rover/rover_sim': AMENT_PREFIX_PATH=/home/chris/ros2_ws/src/rover/install/rover_msgs:${AMENT_PREFIX_PATH} CMAKE_PREFIX_PATH=/home/chris/ros2_ws/src/rover/install/rover_msgs:${CMAKE_PREFIX_PATH} LD_LIBRARY_PATH=/home/chris/ros2_ws/src/rover/install/rover_msgs/lib:${LD_LIBRARY_PATH} PYTHONPATH=/home/chris/ros2_ws/src/rover/build/rover_sim/prefix_override:/home/chris/ros2_ws/src/rover/install/rover_sim/lib/python3.10/site-packages:/home/chris/ros2_ws/src/rover/install/rover_msgs/local/lib/python3.10/dist-packages:${PYTHONPATH} /usr/bin/python3 setup.py egg_info --egg-base ../build/rover_sim build --build-base /home/chris/ros2_ws/src/rover/build/rover_sim/build install --record /home/chris/ros2_ws/src/rover/build/rover_sim/install.log --single-version-externally-managed
[11.792s] DEBUG:colcon.colcon_core.event_handler.log_command:Invoked command in '/home/chris/ros2_ws/src/rover/build/rover_antenna' returned '0': AMENT_PREFIX_PATH=/home/chris/ros2_ws/src/rover/install/rover_msgs:${AMENT_PREFIX_PATH} CMAKE_PREFIX_PATH=/home/chris/ros2_ws/src/rover/install/rover_msgs:/home/chris/ros2_ws/install/rover_security:/home/chris/ros2_ws/install/rover_gui:/home/chris/ros2_ws/install/rover_can:/home/chris/ros2_ws/install/rover_auxiliary:/home/chris/ros2_ws/install/rover_antenna:/home/chris/ros2_ws/install/rover_msgs:/home/chris/ros2_ws/install/moveit_visual_tools:/home/chris/ros2_ws/install/moveit_resources_prbt_support:/home/chris/ros2_ws/install/moveit_controller:/home/chris/ros2_ws/install/fanuc_crx_simulation:/home/chris/ros2_ws/install/moveit_common:/home/chris/ros2_ws/install/micro_ros_setup:/home/chris/ros2_ws/install/micro_ros_agent:/home/chris/ros2_ws/install/micro_ros_msgs:/home/chris/ros2_ws/install/rover_sim:/home/chris/ros2_ws/install/panorama:/home/chris/ros2_ws/install/moveit_configs_utils:/opt/ros/humble LD_LIBRARY_PATH=/home/chris/ros2_ws/src/rover/install/rover_msgs/lib:${LD_LIBRARY_PATH} PYTHONPATH=/home/chris/ros2_ws/src/rover/install/rover_msgs/local/lib/python3.10/dist-packages:${PYTHONPATH} /usr/bin/cmake /home/chris/ros2_ws/src/rover/rover_antenna -DCMAKE_INSTALL_PREFIX=/home/chris/ros2_ws/src/rover/install/rover_antenna
[11.793s] DEBUG:colcon.colcon_core.event_handler.log_command:Invoking command in '/home/chris/ros2_ws/src/rover/build/rover_antenna': AMENT_PREFIX_PATH=/home/chris/ros2_ws/src/rover/install/rover_msgs:${AMENT_PREFIX_PATH} CMAKE_PREFIX_PATH=/home/chris/ros2_ws/src/rover/install/rover_msgs:/home/chris/ros2_ws/install/rover_security:/home/chris/ros2_ws/install/rover_gui:/home/chris/ros2_ws/install/rover_can:/home/chris/ros2_ws/install/rover_auxiliary:/home/chris/ros2_ws/install/rover_antenna:/home/chris/ros2_ws/install/rover_msgs:/home/chris/ros2_ws/install/moveit_visual_tools:/home/chris/ros2_ws/install/moveit_resources_prbt_support:/home/chris/ros2_ws/install/moveit_controller:/home/chris/ros2_ws/install/fanuc_crx_simulation:/home/chris/ros2_ws/install/moveit_common:/home/chris/ros2_ws/install/micro_ros_setup:/home/chris/ros2_ws/install/micro_ros_agent:/home/chris/ros2_ws/install/micro_ros_msgs:/home/chris/ros2_ws/install/rover_sim:/home/chris/ros2_ws/install/panorama:/home/chris/ros2_ws/install/moveit_configs_utils:/opt/ros/humble LD_LIBRARY_PATH=/home/chris/ros2_ws/src/rover/install/rover_msgs/lib:${LD_LIBRARY_PATH} PYTHONPATH=/home/chris/ros2_ws/src/rover/install/rover_msgs/local/lib/python3.10/dist-packages:${PYTHONPATH} /usr/bin/cmake --build /home/chris/ros2_ws/src/rover/build/rover_antenna -- -j12 -l12
[11.794s] DEBUG:colcon.colcon_core.event_handler.log_command:Invoked command in '/home/chris/ros2_ws/src/rover/rover_sim' returned '0': AMENT_PREFIX_PATH=/home/chris/ros2_ws/src/rover/install/rover_msgs:${AMENT_PREFIX_PATH} CMAKE_PREFIX_PATH=/home/chris/ros2_ws/src/rover/install/rover_msgs:${CMAKE_PREFIX_PATH} LD_LIBRARY_PATH=/home/chris/ros2_ws/src/rover/install/rover_msgs/lib:${LD_LIBRARY_PATH} PYTHONPATH=/home/chris/ros2_ws/src/rover/build/rover_sim/prefix_override:/home/chris/ros2_ws/src/rover/install/rover_sim/lib/python3.10/site-packages:/home/chris/ros2_ws/src/rover/install/rover_msgs/local/lib/python3.10/dist-packages:${PYTHONPATH} /usr/bin/python3 setup.py egg_info --egg-base ../build/rover_sim build --build-base /home/chris/ros2_ws/src/rover/build/rover_sim/build install --record /home/chris/ros2_ws/src/rover/build/rover_sim/install.log --single-version-externally-managed
[11.888s] Level 1:colcon.colcon_core.environment:checking '/home/chris/ros2_ws/src/rover/install/rover_sim' for CMake module files
[11.889s] Level 1:colcon.colcon_core.environment:checking '/home/chris/ros2_ws/src/rover/install/rover_sim' for CMake config files
[11.890s] Level 1:colcon.colcon_core.environment:checking '/home/chris/ros2_ws/src/rover/install/rover_sim/lib'
[11.891s] Level 1:colcon.colcon_core.environment:checking '/home/chris/ros2_ws/src/rover/install/rover_sim/bin'
[11.891s] Level 1:colcon.colcon_core.environment:checking '/home/chris/ros2_ws/src/rover/install/rover_sim/lib/pkgconfig/rover_sim.pc'
[11.892s] Level 1:colcon.colcon_core.environment:checking '/home/chris/ros2_ws/src/rover/install/rover_sim/lib/python3.10/site-packages'
[11.892s] Level 1:colcon.colcon_core.shell:create_environment_hook('rover_sim', 'pythonpath')
[11.949s] INFO:colcon.colcon_core.shell:Creating environment hook '/home/chris/ros2_ws/src/rover/install/rover_sim/share/rover_sim/hook/pythonpath.ps1'
[11.951s] INFO:colcon.colcon_core.shell:Creating environment descriptor '/home/chris/ros2_ws/src/rover/install/rover_sim/share/rover_sim/hook/pythonpath.dsv'
[11.952s] INFO:colcon.colcon_core.shell:Creating environment hook '/home/chris/ros2_ws/src/rover/install/rover_sim/share/rover_sim/hook/pythonpath.sh'
[11.954s] Level 1:colcon.colcon_core.environment:checking '/home/chris/ros2_ws/src/rover/install/rover_sim/bin'
[11.955s] Level 1:colcon.colcon_core.environment:create_environment_scripts_only(rover_sim)
[12.057s] INFO:colcon.colcon_core.shell:Creating package script '/home/chris/ros2_ws/src/rover/install/rover_sim/share/rover_sim/package.ps1'
[12.061s] INFO:colcon.colcon_core.shell:Creating package descriptor '/home/chris/ros2_ws/src/rover/install/rover_sim/share/rover_sim/package.dsv'
[12.063s] INFO:colcon.colcon_core.shell:Creating package script '/home/chris/ros2_ws/src/rover/install/rover_sim/share/rover_sim/package.sh'
[12.069s] INFO:colcon.colcon_core.shell:Creating package script '/home/chris/ros2_ws/src/rover/install/rover_sim/share/rover_sim/package.bash'
[12.074s] INFO:colcon.colcon_core.shell:Creating package script '/home/chris/ros2_ws/src/rover/install/rover_sim/share/rover_sim/package.zsh'
[12.075s] Level 1:colcon.colcon_core.environment:create_file_with_runtime_dependencies(/home/chris/ros2_ws/src/rover/install/rover_sim/share/colcon-core/packages/rover_sim)
[12.263s] DEBUG:colcon.colcon_core.event_handler.log_command:Invoked command in '/home/chris/ros2_ws/src/rover/build/rover_can' returned '0': AMENT_PREFIX_PATH=/home/chris/ros2_ws/src/rover/install/rover_msgs:${AMENT_PREFIX_PATH} CMAKE_PREFIX_PATH=/home/chris/ros2_ws/src/rover/install/rover_msgs:/home/chris/ros2_ws/install/rover_security:/home/chris/ros2_ws/install/rover_gui:/home/chris/ros2_ws/install/rover_can:/home/chris/ros2_ws/install/rover_auxiliary:/home/chris/ros2_ws/install/rover_antenna:/home/chris/ros2_ws/install/rover_msgs:/home/chris/ros2_ws/install/moveit_visual_tools:/home/chris/ros2_ws/install/moveit_resources_prbt_support:/home/chris/ros2_ws/install/moveit_controller:/home/chris/ros2_ws/install/fanuc_crx_simulation:/home/chris/ros2_ws/install/moveit_common:/home/chris/ros2_ws/install/micro_ros_setup:/home/chris/ros2_ws/install/micro_ros_agent:/home/chris/ros2_ws/install/micro_ros_msgs:/home/chris/ros2_ws/install/rover_sim:/home/chris/ros2_ws/install/panorama:/home/chris/ros2_ws/install/moveit_configs_utils:/opt/ros/humble LD_LIBRARY_PATH=/home/chris/ros2_ws/src/rover/install/rover_msgs/lib:${LD_LIBRARY_PATH} PYTHONPATH=/home/chris/ros2_ws/src/rover/install/rover_msgs/local/lib/python3.10/dist-packages:${PYTHONPATH} /usr/bin/cmake /home/chris/ros2_ws/src/rover/rover_can -DCMAKE_INSTALL_PREFIX=/home/chris/ros2_ws/src/rover/install/rover_can
[12.271s] DEBUG:colcon.colcon_core.event_handler.log_command:Invoking command in '/home/chris/ros2_ws/src/rover/build/rover_can': AMENT_PREFIX_PATH=/home/chris/ros2_ws/src/rover/install/rover_msgs:${AMENT_PREFIX_PATH} CMAKE_PREFIX_PATH=/home/chris/ros2_ws/src/rover/install/rover_msgs:/home/chris/ros2_ws/install/rover_security:/home/chris/ros2_ws/install/rover_gui:/home/chris/ros2_ws/install/rover_can:/home/chris/ros2_ws/install/rover_auxiliary:/home/chris/ros2_ws/install/rover_antenna:/home/chris/ros2_ws/install/rover_msgs:/home/chris/ros2_ws/install/moveit_visual_tools:/home/chris/ros2_ws/install/moveit_resources_prbt_support:/home/chris/ros2_ws/install/moveit_controller:/home/chris/ros2_ws/install/fanuc_crx_simulation:/home/chris/ros2_ws/install/moveit_common:/home/chris/ros2_ws/install/micro_ros_setup:/home/chris/ros2_ws/install/micro_ros_agent:/home/chris/ros2_ws/install/micro_ros_msgs:/home/chris/ros2_ws/install/rover_sim:/home/chris/ros2_ws/install/panorama:/home/chris/ros2_ws/install/moveit_configs_utils:/opt/ros/humble LD_LIBRARY_PATH=/home/chris/ros2_ws/src/rover/install/rover_msgs/lib:${LD_LIBRARY_PATH} PYTHONPATH=/home/chris/ros2_ws/src/rover/install/rover_msgs/local/lib/python3.10/dist-packages:${PYTHONPATH} /usr/bin/cmake --build /home/chris/ros2_ws/src/rover/build/rover_can -- -j12 -l12
[12.329s] DEBUG:colcon.colcon_core.event_handler.log_command:Invoked command in '/home/chris/ros2_ws/src/rover/build/rover_auxiliary' returned '0': AMENT_PREFIX_PATH=/home/chris/ros2_ws/src/rover/install/rover_msgs:${AMENT_PREFIX_PATH} CMAKE_PREFIX_PATH=/home/chris/ros2_ws/src/rover/install/rover_msgs:/home/chris/ros2_ws/install/rover_security:/home/chris/ros2_ws/install/rover_gui:/home/chris/ros2_ws/install/rover_can:/home/chris/ros2_ws/install/rover_auxiliary:/home/chris/ros2_ws/install/rover_antenna:/home/chris/ros2_ws/install/rover_msgs:/home/chris/ros2_ws/install/moveit_visual_tools:/home/chris/ros2_ws/install/moveit_resources_prbt_support:/home/chris/ros2_ws/install/moveit_controller:/home/chris/ros2_ws/install/fanuc_crx_simulation:/home/chris/ros2_ws/install/moveit_common:/home/chris/ros2_ws/install/micro_ros_setup:/home/chris/ros2_ws/install/micro_ros_agent:/home/chris/ros2_ws/install/micro_ros_msgs:/home/chris/ros2_ws/install/rover_sim:/home/chris/ros2_ws/install/panorama:/home/chris/ros2_ws/install/moveit_configs_utils:/opt/ros/humble LD_LIBRARY_PATH=/home/chris/ros2_ws/src/rover/install/rover_msgs/lib:${LD_LIBRARY_PATH} PYTHONPATH=/home/chris/ros2_ws/src/rover/install/rover_msgs/local/lib/python3.10/dist-packages:${PYTHONPATH} /usr/bin/cmake /home/chris/ros2_ws/src/rover/rover_auxiliary -DCMAKE_INSTALL_PREFIX=/home/chris/ros2_ws/src/rover/install/rover_auxiliary
[12.333s] DEBUG:colcon.colcon_core.event_handler.log_command:Invoking command in '/home/chris/ros2_ws/src/rover/build/rover_auxiliary': AMENT_PREFIX_PATH=/home/chris/ros2_ws/src/rover/install/rover_msgs:${AMENT_PREFIX_PATH} CMAKE_PREFIX_PATH=/home/chris/ros2_ws/src/rover/install/rover_msgs:/home/chris/ros2_ws/install/rover_security:/home/chris/ros2_ws/install/rover_gui:/home/chris/ros2_ws/install/rover_can:/home/chris/ros2_ws/install/rover_auxiliary:/home/chris/ros2_ws/install/rover_antenna:/home/chris/ros2_ws/install/rover_msgs:/home/chris/ros2_ws/install/moveit_visual_tools:/home/chris/ros2_ws/install/moveit_resources_prbt_support:/home/chris/ros2_ws/install/moveit_controller:/home/chris/ros2_ws/install/fanuc_crx_simulation:/home/chris/ros2_ws/install/moveit_common:/home/chris/ros2_ws/install/micro_ros_setup:/home/chris/ros2_ws/install/micro_ros_agent:/home/chris/ros2_ws/install/micro_ros_msgs:/home/chris/ros2_ws/install/rover_sim:/home/chris/ros2_ws/install/panorama:/home/chris/ros2_ws/install/moveit_configs_utils:/opt/ros/humble LD_LIBRARY_PATH=/home/chris/ros2_ws/src/rover/install/rover_msgs/lib:${LD_LIBRARY_PATH} PYTHONPATH=/home/chris/ros2_ws/src/rover/install/rover_msgs/local/lib/python3.10/dist-packages:${PYTHONPATH} /usr/bin/cmake --build /home/chris/ros2_ws/src/rover/build/rover_auxiliary -- -j12 -l12
[12.379s] DEBUG:colcon.colcon_core.event_handler.log_command:Invoked command in '/home/chris/ros2_ws/src/rover/build/rover_arm' returned '0': AMENT_PREFIX_PATH=/home/chris/ros2_ws/src/rover/install/rover_msgs:${AMENT_PREFIX_PATH} CMAKE_PREFIX_PATH=/home/chris/ros2_ws/src/rover/install/rover_msgs:/home/chris/ros2_ws/install/rover_security:/home/chris/ros2_ws/install/rover_gui:/home/chris/ros2_ws/install/rover_can:/home/chris/ros2_ws/install/rover_auxiliary:/home/chris/ros2_ws/install/rover_antenna:/home/chris/ros2_ws/install/rover_msgs:/home/chris/ros2_ws/install/moveit_visual_tools:/home/chris/ros2_ws/install/moveit_resources_prbt_support:/home/chris/ros2_ws/install/moveit_controller:/home/chris/ros2_ws/install/fanuc_crx_simulation:/home/chris/ros2_ws/install/moveit_common:/home/chris/ros2_ws/install/micro_ros_setup:/home/chris/ros2_ws/install/micro_ros_agent:/home/chris/ros2_ws/install/micro_ros_msgs:/home/chris/ros2_ws/install/rover_sim:/home/chris/ros2_ws/install/panorama:/home/chris/ros2_ws/install/moveit_configs_utils:/opt/ros/humble LD_LIBRARY_PATH=/home/chris/ros2_ws/src/rover/install/rover_msgs/lib:${LD_LIBRARY_PATH} PYTHONPATH=/home/chris/ros2_ws/src/rover/install/rover_msgs/local/lib/python3.10/dist-packages:${PYTHONPATH} /usr/bin/cmake /home/chris/ros2_ws/src/rover/rover_arm -DCMAKE_INSTALL_PREFIX=/home/chris/ros2_ws/src/rover/install/rover_arm
[12.380s] DEBUG:colcon.colcon_core.event_handler.log_command:Invoking command in '/home/chris/ros2_ws/src/rover/build/rover_arm': AMENT_PREFIX_PATH=/home/chris/ros2_ws/src/rover/install/rover_msgs:${AMENT_PREFIX_PATH} CMAKE_PREFIX_PATH=/home/chris/ros2_ws/src/rover/install/rover_msgs:/home/chris/ros2_ws/install/rover_security:/home/chris/ros2_ws/install/rover_gui:/home/chris/ros2_ws/install/rover_can:/home/chris/ros2_ws/install/rover_auxiliary:/home/chris/ros2_ws/install/rover_antenna:/home/chris/ros2_ws/install/rover_msgs:/home/chris/ros2_ws/install/moveit_visual_tools:/home/chris/ros2_ws/install/moveit_resources_prbt_support:/home/chris/ros2_ws/install/moveit_controller:/home/chris/ros2_ws/install/fanuc_crx_simulation:/home/chris/ros2_ws/install/moveit_common:/home/chris/ros2_ws/install/micro_ros_setup:/home/chris/ros2_ws/install/micro_ros_agent:/home/chris/ros2_ws/install/micro_ros_msgs:/home/chris/ros2_ws/install/rover_sim:/home/chris/ros2_ws/install/panorama:/home/chris/ros2_ws/install/moveit_configs_utils:/opt/ros/humble LD_LIBRARY_PATH=/home/chris/ros2_ws/src/rover/install/rover_msgs/lib:${LD_LIBRARY_PATH} PYTHONPATH=/home/chris/ros2_ws/src/rover/install/rover_msgs/local/lib/python3.10/dist-packages:${PYTHONPATH} /usr/bin/cmake --build /home/chris/ros2_ws/src/rover/build/rover_arm -- -j12 -l12
[12.626s] DEBUG:colcon.colcon_core.event_handler.log_command:Invoked command in '/home/chris/ros2_ws/src/rover/build/rover_drive_train' returned '0': AMENT_PREFIX_PATH=/home/chris/ros2_ws/src/rover/install/rover_msgs:${AMENT_PREFIX_PATH} CMAKE_PREFIX_PATH=/home/chris/ros2_ws/src/rover/install/rover_msgs:/home/chris/ros2_ws/install/rover_security:/home/chris/ros2_ws/install/rover_gui:/home/chris/ros2_ws/install/rover_can:/home/chris/ros2_ws/install/rover_auxiliary:/home/chris/ros2_ws/install/rover_antenna:/home/chris/ros2_ws/install/rover_msgs:/home/chris/ros2_ws/install/moveit_visual_tools:/home/chris/ros2_ws/install/moveit_resources_prbt_support:/home/chris/ros2_ws/install/moveit_controller:/home/chris/ros2_ws/install/fanuc_crx_simulation:/home/chris/ros2_ws/install/moveit_common:/home/chris/ros2_ws/install/micro_ros_setup:/home/chris/ros2_ws/install/micro_ros_agent:/home/chris/ros2_ws/install/micro_ros_msgs:/home/chris/ros2_ws/install/rover_sim:/home/chris/ros2_ws/install/panorama:/home/chris/ros2_ws/install/moveit_configs_utils:/opt/ros/humble LD_LIBRARY_PATH=/home/chris/ros2_ws/src/rover/install/rover_msgs/lib:${LD_LIBRARY_PATH} PYTHONPATH=/home/chris/ros2_ws/src/rover/install/rover_msgs/local/lib/python3.10/dist-packages:${PYTHONPATH} /usr/bin/cmake /home/chris/ros2_ws/src/rover/rover_drive_train -DCMAKE_INSTALL_PREFIX=/home/chris/ros2_ws/src/rover/install/rover_drive_train
[12.633s] DEBUG:colcon.colcon_core.event_handler.log_command:Invoking command in '/home/chris/ros2_ws/src/rover/build/rover_drive_train': AMENT_PREFIX_PATH=/home/chris/ros2_ws/src/rover/install/rover_msgs:${AMENT_PREFIX_PATH} CMAKE_PREFIX_PATH=/home/chris/ros2_ws/src/rover/install/rover_msgs:/home/chris/ros2_ws/install/rover_security:/home/chris/ros2_ws/install/rover_gui:/home/chris/ros2_ws/install/rover_can:/home/chris/ros2_ws/install/rover_auxiliary:/home/chris/ros2_ws/install/rover_antenna:/home/chris/ros2_ws/install/rover_msgs:/home/chris/ros2_ws/install/moveit_visual_tools:/home/chris/ros2_ws/install/moveit_resources_prbt_support:/home/chris/ros2_ws/install/moveit_controller:/home/chris/ros2_ws/install/fanuc_crx_simulation:/home/chris/ros2_ws/install/moveit_common:/home/chris/ros2_ws/install/micro_ros_setup:/home/chris/ros2_ws/install/micro_ros_agent:/home/chris/ros2_ws/install/micro_ros_msgs:/home/chris/ros2_ws/install/rover_sim:/home/chris/ros2_ws/install/panorama:/home/chris/ros2_ws/install/moveit_configs_utils:/opt/ros/humble LD_LIBRARY_PATH=/home/chris/ros2_ws/src/rover/install/rover_msgs/lib:${LD_LIBRARY_PATH} PYTHONPATH=/home/chris/ros2_ws/src/rover/install/rover_msgs/local/lib/python3.10/dist-packages:${PYTHONPATH} /usr/bin/cmake --build /home/chris/ros2_ws/src/rover/build/rover_drive_train -- -j12 -l12
[12.655s] DEBUG:colcon.colcon_core.event_handler.log_command:Invoked command in '/home/chris/ros2_ws/src/rover/build/rover_security' returned '0': CMAKE_PREFIX_PATH=${CMAKE_PREFIX_PATH}:/home/chris/ros2_ws/install/rover_sim:/home/chris/ros2_ws/install/panorama:/home/chris/ros2_ws/install/moveit_configs_utils:/opt/ros/humble /usr/bin/cmake --build /home/chris/ros2_ws/src/rover/build/rover_security -- -j12 -l12
[12.809s] DEBUG:colcon.colcon_core.event_handler.log_command:Invoking command in '/home/chris/ros2_ws/src/rover/build/rover_security': CMAKE_PREFIX_PATH=${CMAKE_PREFIX_PATH}:/home/chris/ros2_ws/install/rover_sim:/home/chris/ros2_ws/install/panorama:/home/chris/ros2_ws/install/moveit_configs_utils:/opt/ros/humble /usr/bin/cmake --install /home/chris/ros2_ws/src/rover/build/rover_security
[12.837s] Level 1:colcon.colcon_core.environment:create_environment_scripts_only(rover_security)
[12.844s] DEBUG:colcon.colcon_core.event_handler.log_command:Invoked command in '/home/chris/ros2_ws/src/rover/build/rover_security' returned '0': CMAKE_PREFIX_PATH=${CMAKE_PREFIX_PATH}:/home/chris/ros2_ws/install/rover_sim:/home/chris/ros2_ws/install/panorama:/home/chris/ros2_ws/install/moveit_configs_utils:/opt/ros/humble /usr/bin/cmake --install /home/chris/ros2_ws/src/rover/build/rover_security
[13.040s] Level 1:colcon.colcon_core.environment:checking '/home/chris/ros2_ws/src/rover/install/rover_security' for CMake module files
[13.049s] Level 1:colcon.colcon_core.environment:checking '/home/chris/ros2_ws/src/rover/install/rover_security' for CMake config files
[13.050s] Level 1:colcon.colcon_core.shell:create_environment_hook('rover_security', 'cmake_prefix_path')
[13.190s] INFO:colcon.colcon_core.shell:Creating environment hook '/home/chris/ros2_ws/src/rover/install/rover_security/share/rover_security/hook/cmake_prefix_path.ps1'
[13.193s] INFO:colcon.colcon_core.shell:Creating environment descriptor '/home/chris/ros2_ws/src/rover/install/rover_security/share/rover_security/hook/cmake_prefix_path.dsv'
[13.193s] INFO:colcon.colcon_core.shell:Creating environment hook '/home/chris/ros2_ws/src/rover/install/rover_security/share/rover_security/hook/cmake_prefix_path.sh'
[13.199s] Level 1:colcon.colcon_core.environment:checking '/home/chris/ros2_ws/src/rover/install/rover_security/lib'
[13.199s] Level 1:colcon.colcon_core.environment:checking '/home/chris/ros2_ws/src/rover/install/rover_security/bin'
[13.199s] Level 1:colcon.colcon_core.environment:checking '/home/chris/ros2_ws/src/rover/install/rover_security/lib/pkgconfig/rover_security.pc'
[13.200s] Level 1:colcon.colcon_core.environment:checking '/home/chris/ros2_ws/src/rover/install/rover_security/lib/python3.10/site-packages'
[13.201s] Level 1:colcon.colcon_core.environment:checking '/home/chris/ros2_ws/src/rover/install/rover_security/bin'
[13.308s] INFO:colcon.colcon_core.shell:Creating package script '/home/chris/ros2_ws/src/rover/install/rover_security/share/rover_security/package.ps1'
[13.309s] INFO:colcon.colcon_core.shell:Creating package descriptor '/home/chris/ros2_ws/src/rover/install/rover_security/share/rover_security/package.dsv'
[13.310s] INFO:colcon.colcon_core.shell:Creating package script '/home/chris/ros2_ws/src/rover/install/rover_security/share/rover_security/package.sh'
[13.311s] INFO:colcon.colcon_core.shell:Creating package script '/home/chris/ros2_ws/src/rover/install/rover_security/share/rover_security/package.bash'
[13.312s] INFO:colcon.colcon_core.shell:Creating package script '/home/chris/ros2_ws/src/rover/install/rover_security/share/rover_security/package.zsh'
[13.316s] Level 1:colcon.colcon_core.environment:create_file_with_runtime_dependencies(/home/chris/ros2_ws/src/rover/install/rover_security/share/colcon-core/packages/rover_security)
[13.332s] DEBUG:colcon.colcon_core.event_handler.log_command:Invoked command in '/home/chris/ros2_ws/src/rover/build/rover_joy' returned '0': AMENT_PREFIX_PATH=/home/chris/ros2_ws/src/rover/install/rover_msgs:${AMENT_PREFIX_PATH} CMAKE_PREFIX_PATH=/home/chris/ros2_ws/src/rover/install/rover_msgs:/home/chris/ros2_ws/install/rover_security:/home/chris/ros2_ws/install/rover_gui:/home/chris/ros2_ws/install/rover_can:/home/chris/ros2_ws/install/rover_auxiliary:/home/chris/ros2_ws/install/rover_antenna:/home/chris/ros2_ws/install/rover_msgs:/home/chris/ros2_ws/install/moveit_visual_tools:/home/chris/ros2_ws/install/moveit_resources_prbt_support:/home/chris/ros2_ws/install/moveit_controller:/home/chris/ros2_ws/install/fanuc_crx_simulation:/home/chris/ros2_ws/install/moveit_common:/home/chris/ros2_ws/install/micro_ros_setup:/home/chris/ros2_ws/install/micro_ros_agent:/home/chris/ros2_ws/install/micro_ros_msgs:/home/chris/ros2_ws/install/rover_sim:/home/chris/ros2_ws/install/panorama:/home/chris/ros2_ws/install/moveit_configs_utils:/opt/ros/humble LD_LIBRARY_PATH=/home/chris/ros2_ws/src/rover/install/rover_msgs/lib:${LD_LIBRARY_PATH} PYTHONPATH=/home/chris/ros2_ws/src/rover/install/rover_msgs/local/lib/python3.10/dist-packages:${PYTHONPATH} /usr/bin/cmake /home/chris/ros2_ws/src/rover/rover_joy -DCMAKE_INSTALL_PREFIX=/home/chris/ros2_ws/src/rover/install/rover_joy
[13.340s] DEBUG:colcon.colcon_core.event_handler.log_command:Invoking command in '/home/chris/ros2_ws/src/rover/build/rover_joy': AMENT_PREFIX_PATH=/home/chris/ros2_ws/src/rover/install/rover_msgs:${AMENT_PREFIX_PATH} CMAKE_PREFIX_PATH=/home/chris/ros2_ws/src/rover/install/rover_msgs:/home/chris/ros2_ws/install/rover_security:/home/chris/ros2_ws/install/rover_gui:/home/chris/ros2_ws/install/rover_can:/home/chris/ros2_ws/install/rover_auxiliary:/home/chris/ros2_ws/install/rover_antenna:/home/chris/ros2_ws/install/rover_msgs:/home/chris/ros2_ws/install/moveit_visual_tools:/home/chris/ros2_ws/install/moveit_resources_prbt_support:/home/chris/ros2_ws/install/moveit_controller:/home/chris/ros2_ws/install/fanuc_crx_simulation:/home/chris/ros2_ws/install/moveit_common:/home/chris/ros2_ws/install/micro_ros_setup:/home/chris/ros2_ws/install/micro_ros_agent:/home/chris/ros2_ws/install/micro_ros_msgs:/home/chris/ros2_ws/install/rover_sim:/home/chris/ros2_ws/install/panorama:/home/chris/ros2_ws/install/moveit_configs_utils:/opt/ros/humble LD_LIBRARY_PATH=/home/chris/ros2_ws/src/rover/install/rover_msgs/lib:${LD_LIBRARY_PATH} PYTHONPATH=/home/chris/ros2_ws/src/rover/install/rover_msgs/local/lib/python3.10/dist-packages:${PYTHONPATH} /usr/bin/cmake --build /home/chris/ros2_ws/src/rover/build/rover_joy -- -j12 -l12
[13.554s] Level 1:colcon.colcon_core.environment:create_environment_scripts_only(rover_security)
[13.686s] Level 1:colcon.colcon_core.environment:checking '/home/chris/ros2_ws/src/rover/install/rover_security' for CMake module files
[13.692s] Level 1:colcon.colcon_core.environment:checking '/home/chris/ros2_ws/src/rover/install/rover_security' for CMake config files
[13.692s] Level 1:colcon.colcon_core.shell:create_environment_hook('rover_security', 'cmake_prefix_path')
[13.809s] INFO:colcon.colcon_core.shell:Creating environment hook '/home/chris/ros2_ws/src/rover/install/rover_security/share/rover_security/hook/cmake_prefix_path.ps1'
[13.810s] INFO:colcon.colcon_core.shell:Creating environment descriptor '/home/chris/ros2_ws/src/rover/install/rover_security/share/rover_security/hook/cmake_prefix_path.dsv'
[13.817s] INFO:colcon.colcon_core.shell:Creating environment hook '/home/chris/ros2_ws/src/rover/install/rover_security/share/rover_security/hook/cmake_prefix_path.sh'
[13.820s] Level 1:colcon.colcon_core.environment:checking '/home/chris/ros2_ws/src/rover/install/rover_security/lib'
[13.820s] Level 1:colcon.colcon_core.environment:checking '/home/chris/ros2_ws/src/rover/install/rover_security/bin'
[13.820s] Level 1:colcon.colcon_core.environment:checking '/home/chris/ros2_ws/src/rover/install/rover_security/lib/pkgconfig/rover_security.pc'
[13.823s] Level 1:colcon.colcon_core.environment:checking '/home/chris/ros2_ws/src/rover/install/rover_security/lib/python3.10/site-packages'
[13.825s] Level 1:colcon.colcon_core.environment:checking '/home/chris/ros2_ws/src/rover/install/rover_security/bin'
[13.952s] INFO:colcon.colcon_core.shell:Creating package script '/home/chris/ros2_ws/src/rover/install/rover_security/share/rover_security/package.ps1'
[13.954s] INFO:colcon.colcon_core.shell:Creating package descriptor '/home/chris/ros2_ws/src/rover/install/rover_security/share/rover_security/package.dsv'
[13.957s] INFO:colcon.colcon_core.shell:Creating package script '/home/chris/ros2_ws/src/rover/install/rover_security/share/rover_security/package.sh'
[13.958s] INFO:colcon.colcon_core.shell:Creating package script '/home/chris/ros2_ws/src/rover/install/rover_security/share/rover_security/package.bash'
[13.965s] INFO:colcon.colcon_core.shell:Creating package script '/home/chris/ros2_ws/src/rover/install/rover_security/share/rover_security/package.zsh'
[13.966s] Level 1:colcon.colcon_core.environment:create_file_with_runtime_dependencies(/home/chris/ros2_ws/src/rover/install/rover_security/share/colcon-core/packages/rover_security)
[30.486s] DEBUG:colcon.colcon_core.event_handler.log_command:Invoked command in '/home/chris/ros2_ws/src/rover/build/rover_gui' returned '2': AMENT_PREFIX_PATH=/home/chris/ros2_ws/src/rover/install/rover_msgs:${AMENT_PREFIX_PATH} CMAKE_PREFIX_PATH=/home/chris/ros2_ws/src/rover/install/rover_msgs:/home/chris/ros2_ws/install/rover_security:/home/chris/ros2_ws/install/rover_gui:/home/chris/ros2_ws/install/rover_can:/home/chris/ros2_ws/install/rover_auxiliary:/home/chris/ros2_ws/install/rover_antenna:/home/chris/ros2_ws/install/rover_msgs:/home/chris/ros2_ws/install/moveit_visual_tools:/home/chris/ros2_ws/install/moveit_resources_prbt_support:/home/chris/ros2_ws/install/moveit_controller:/home/chris/ros2_ws/install/fanuc_crx_simulation:/home/chris/ros2_ws/install/moveit_common:/home/chris/ros2_ws/install/micro_ros_setup:/home/chris/ros2_ws/install/micro_ros_agent:/home/chris/ros2_ws/install/micro_ros_msgs:/home/chris/ros2_ws/install/rover_sim:/home/chris/ros2_ws/install/panorama:/home/chris/ros2_ws/install/moveit_configs_utils:/opt/ros/humble LD_LIBRARY_PATH=/home/chris/ros2_ws/src/rover/install/rover_msgs/lib:${LD_LIBRARY_PATH} PYTHONPATH=/home/chris/ros2_ws/src/rover/install/rover_msgs/local/lib/python3.10/dist-packages:${PYTHONPATH} /usr/bin/cmake --build /home/chris/ros2_ws/src/rover/build/rover_gui -- -j12 -l12
[30.898s] Level 1:colcon.colcon_core.environment:create_environment_scripts_only(rover_gui)
[30.964s] Level 1:colcon.colcon_core.environment:checking '/home/chris/ros2_ws/src/rover/install/rover_gui' for CMake module files
[30.966s] Level 1:colcon.colcon_core.environment:checking '/home/chris/ros2_ws/src/rover/install/rover_gui' for CMake config files
[30.966s] Level 1:colcon.colcon_core.shell:create_environment_hook('rover_gui', 'cmake_prefix_path')
[31.011s] INFO:colcon.colcon_core.shell:Creating environment hook '/home/chris/ros2_ws/src/rover/install/rover_gui/share/rover_gui/hook/cmake_prefix_path.ps1'
[31.016s] INFO:colcon.colcon_core.shell:Creating environment descriptor '/home/chris/ros2_ws/src/rover/install/rover_gui/share/rover_gui/hook/cmake_prefix_path.dsv'
[31.018s] INFO:colcon.colcon_core.shell:Creating environment hook '/home/chris/ros2_ws/src/rover/install/rover_gui/share/rover_gui/hook/cmake_prefix_path.sh'
[31.020s] Level 1:colcon.colcon_core.environment:checking '/home/chris/ros2_ws/src/rover/install/rover_gui/lib'
[31.020s] Level 1:colcon.colcon_core.environment:checking '/home/chris/ros2_ws/src/rover/install/rover_gui/bin'
[31.020s] Level 1:colcon.colcon_core.environment:checking '/home/chris/ros2_ws/src/rover/install/rover_gui/lib/pkgconfig/rover_gui.pc'
[31.021s] Level 1:colcon.colcon_core.environment:checking '/home/chris/ros2_ws/src/rover/install/rover_gui/lib/python3.10/site-packages'
[31.021s] Level 1:colcon.colcon_core.environment:checking '/home/chris/ros2_ws/src/rover/install/rover_gui/bin'
[31.128s] INFO:colcon.colcon_core.shell:Creating package script '/home/chris/ros2_ws/src/rover/install/rover_gui/share/rover_gui/package.ps1'
[31.132s] INFO:colcon.colcon_core.shell:Creating package descriptor '/home/chris/ros2_ws/src/rover/install/rover_gui/share/rover_gui/package.dsv'
[31.137s] INFO:colcon.colcon_core.shell:Creating package script '/home/chris/ros2_ws/src/rover/install/rover_gui/share/rover_gui/package.sh'
[31.138s] INFO:colcon.colcon_core.shell:Creating package script '/home/chris/ros2_ws/src/rover/install/rover_gui/share/rover_gui/package.bash'
[31.143s] INFO:colcon.colcon_core.shell:Creating package script '/home/chris/ros2_ws/src/rover/install/rover_gui/share/rover_gui/package.zsh'
[31.144s] Level 1:colcon.colcon_core.environment:create_file_with_runtime_dependencies(/home/chris/ros2_ws/src/rover/install/rover_gui/share/colcon-core/packages/rover_gui)
[56.639s] DEBUG:colcon.colcon_parallel_executor.executor.parallel:closing loop
[56.639s] DEBUG:colcon.colcon_parallel_executor.executor.parallel:loop closed
[56.640s] DEBUG:colcon.colcon_parallel_executor.executor.parallel:run_until_complete finished with '2'
[56.640s] DEBUG:colcon.colcon_core.event_reactor:joining thread
[56.681s] INFO:colcon.colcon_core.plugin_system:Skipping extension 'colcon_notification.desktop_notification.terminal_notifier': Not used on non-Darwin systems
[56.682s] INFO:colcon.colcon_core.plugin_system:Skipping extension 'colcon_notification.desktop_notification.win32': Not used on non-Windows systems
[56.682s] INFO:colcon.colcon_notification.desktop_notification:Sending desktop notification using 'notify2'
[56.703s] DEBUG:colcon.colcon_core.event_reactor:joined thread
[56.732s] INFO:colcon.colcon_core.shell:Creating prefix script '/home/chris/ros2_ws/src/rover/install/local_setup.ps1'
[56.734s] INFO:colcon.colcon_core.shell:Creating prefix util module '/home/chris/ros2_ws/src/rover/install/_local_setup_util_ps1.py'
[56.736s] INFO:colcon.colcon_core.shell:Creating prefix chain script '/home/chris/ros2_ws/src/rover/install/setup.ps1'
[56.767s] INFO:colcon.colcon_core.shell:Creating prefix script '/home/chris/ros2_ws/src/rover/install/local_setup.sh'
[56.768s] INFO:colcon.colcon_core.shell:Creating prefix util module '/home/chris/ros2_ws/src/rover/install/_local_setup_util_sh.py'
[56.769s] INFO:colcon.colcon_core.shell:Creating prefix chain script '/home/chris/ros2_ws/src/rover/install/setup.sh'
[56.799s] INFO:colcon.colcon_core.shell:Creating prefix script '/home/chris/ros2_ws/src/rover/install/local_setup.bash'
[56.800s] INFO:colcon.colcon_core.shell:Creating prefix chain script '/home/chris/ros2_ws/src/rover/install/setup.bash'
[56.831s] INFO:colcon.colcon_core.shell:Creating prefix script '/home/chris/ros2_ws/src/rover/install/local_setup.zsh'
[56.832s] INFO:colcon.colcon_core.shell:Creating prefix chain script '/home/chris/ros2_ws/src/rover/install/setup.zsh'
