[1.922s] DEBUG:colcon:Command line arguments: ['/usr/bin/colcon', 'build', '--packages-select', 'rover_gui']
[1.923s] DEBUG:colcon:Parsed command line arguments: Namespace(log_base=None, log_level=None, verb_name='build', build_base='build', install_base='install', merge_install=False, symlink_install=False, test_result_base=None, continue_on_error=False, executor='parallel', parallel_workers=12, event_handlers=None, ignore_user_meta=False, metas=['./colcon.meta'], base_paths=['.'], packages_ignore=None, packages_ignore_regex=None, paths=None, packages_up_to=None, packages_up_to_regex=None, packages_above=None, packages_above_and_dependencies=None, packages_above_depth=None, packages_select_by_dep=None, packages_skip_by_dep=None, packages_skip_up_to=None, packages_select_build_failed=False, packages_skip_build_finished=False, packages_select_test_failures=False, packages_skip_test_passed=False, packages_select=['rover_gui'], packages_skip=None, packages_select_regex=None, packages_skip_regex=None, packages_start=None, packages_end=None, allow_overriding=[], cmake_args=None, cmake_target=None, cmake_target_skip_unavailable=False, cmake_clean_cache=False, cmake_clean_first=False, cmake_force_configure=False, ament_cmake_args=None, catkin_cmake_args=None, catkin_skip_building_tests=False, verb_parser=<colcon_defaults.argument_parser.defaults.DefaultArgumentsDecorator object at 0x78711aed8df0>, verb_extension=<colcon_core.verb.build.BuildVerb object at 0x78711aedb010>, main=<bound method BuildVerb.main of <colcon_core.verb.build.BuildVerb object at 0x78711aedb010>>)
[2.006s] Level 1:colcon.colcon_core.package_discovery:discover_packages(colcon_meta) check parameters
[2.006s] Level 1:colcon.colcon_core.package_discovery:discover_packages(recursive) check parameters
[2.006s] Level 1:colcon.colcon_core.package_discovery:discover_packages(ignore) check parameters
[2.006s] Level 1:colcon.colcon_core.package_discovery:discover_packages(path) check parameters
[2.006s] Level 1:colcon.colcon_core.package_discovery:discover_packages(colcon_meta) discover
[2.007s] Level 1:colcon.colcon_core.package_discovery:discover_packages(recursive) discover
[2.007s] INFO:colcon.colcon_core.package_discovery:Crawling recursively for packages in '/home/chris/ros2_ws/src/rover'
[2.007s] Level 1:colcon.colcon_core.package_identification:_identify(.) by extensions ['ignore', 'ignore_ament_install']
[2.007s] Level 1:colcon.colcon_core.package_identification:_identify(.) by extension 'ignore'
[2.007s] Level 1:colcon.colcon_core.package_identification:_identify(.) by extension 'ignore_ament_install'
[2.007s] Level 1:colcon.colcon_core.package_identification:_identify(.) by extensions ['colcon_pkg']
[2.007s] Level 1:colcon.colcon_core.package_identification:_identify(.) by extension 'colcon_pkg'
[2.007s] Level 1:colcon.colcon_core.package_identification:_identify(.) by extensions ['colcon_meta']
[2.007s] Level 1:colcon.colcon_core.package_identification:_identify(.) by extension 'colcon_meta'
[2.007s] Level 1:colcon.colcon_core.package_identification:_identify(.) by extensions ['ros']
[2.007s] Level 1:colcon.colcon_core.package_identification:_identify(.) by extension 'ros'
[2.022s] Level 1:colcon.colcon_core.package_identification:_identify(.) by extensions ['cmake', 'python']
[2.022s] Level 1:colcon.colcon_core.package_identification:_identify(.) by extension 'cmake'
[2.022s] Level 1:colcon.colcon_core.package_identification:_identify(.) by extension 'python'
[2.022s] Level 1:colcon.colcon_core.package_identification:_identify(.) by extensions ['python_setup_py']
[2.022s] Level 1:colcon.colcon_core.package_identification:_identify(.) by extension 'python_setup_py'
[2.022s] Level 1:colcon.colcon_core.package_identification:_identify(build) by extensions ['ignore', 'ignore_ament_install']
[2.023s] Level 1:colcon.colcon_core.package_identification:_identify(build) by extension 'ignore'
[2.023s] Level 1:colcon.colcon_core.package_identification:_identify(build) ignored
[2.023s] Level 1:colcon.colcon_core.package_identification:_identify(install) by extensions ['ignore', 'ignore_ament_install']
[2.023s] Level 1:colcon.colcon_core.package_identification:_identify(install) by extension 'ignore'
[2.023s] Level 1:colcon.colcon_core.package_identification:_identify(install) ignored
[2.023s] Level 1:colcon.colcon_core.package_identification:_identify(log) by extensions ['ignore', 'ignore_ament_install']
[2.023s] Level 1:colcon.colcon_core.package_identification:_identify(log) by extension 'ignore'
[2.023s] Level 1:colcon.colcon_core.package_identification:_identify(log) ignored
[2.023s] Level 1:colcon.colcon_core.package_identification:_identify(rover_antenna) by extensions ['ignore', 'ignore_ament_install']
[2.024s] Level 1:colcon.colcon_core.package_identification:_identify(rover_antenna) by extension 'ignore'
[2.024s] Level 1:colcon.colcon_core.package_identification:_identify(rover_antenna) by extension 'ignore_ament_install'
[2.024s] Level 1:colcon.colcon_core.package_identification:_identify(rover_antenna) by extensions ['colcon_pkg']
[2.024s] Level 1:colcon.colcon_core.package_identification:_identify(rover_antenna) by extension 'colcon_pkg'
[2.024s] Level 1:colcon.colcon_core.package_identification:_identify(rover_antenna) by extensions ['colcon_meta']
[2.024s] Level 1:colcon.colcon_core.package_identification:_identify(rover_antenna) by extension 'colcon_meta'
[2.024s] Level 1:colcon.colcon_core.package_identification:_identify(rover_antenna) by extensions ['ros']
[2.024s] Level 1:colcon.colcon_core.package_identification:_identify(rover_antenna) by extension 'ros'
[2.027s] DEBUG:colcon.colcon_core.package_identification:Package 'rover_antenna' with type 'ros.ament_cmake' and name 'rover_antenna'
[2.027s] Level 1:colcon.colcon_core.package_identification:_identify(rover_arm) by extensions ['ignore', 'ignore_ament_install']
[2.027s] Level 1:colcon.colcon_core.package_identification:_identify(rover_arm) by extension 'ignore'
[2.028s] Level 1:colcon.colcon_core.package_identification:_identify(rover_arm) by extension 'ignore_ament_install'
[2.028s] Level 1:colcon.colcon_core.package_identification:_identify(rover_arm) by extensions ['colcon_pkg']
[2.028s] Level 1:colcon.colcon_core.package_identification:_identify(rover_arm) by extension 'colcon_pkg'
[2.028s] Level 1:colcon.colcon_core.package_identification:_identify(rover_arm) by extensions ['colcon_meta']
[2.028s] Level 1:colcon.colcon_core.package_identification:_identify(rover_arm) by extension 'colcon_meta'
[2.028s] Level 1:colcon.colcon_core.package_identification:_identify(rover_arm) by extensions ['ros']
[2.028s] Level 1:colcon.colcon_core.package_identification:_identify(rover_arm) by extension 'ros'
[2.029s] DEBUG:colcon.colcon_core.package_identification:Package 'rover_arm' with type 'ros.ament_cmake' and name 'rover_arm'
[2.029s] Level 1:colcon.colcon_core.package_identification:_identify(rover_auxiliary) by extensions ['ignore', 'ignore_ament_install']
[2.029s] Level 1:colcon.colcon_core.package_identification:_identify(rover_auxiliary) by extension 'ignore'
[2.029s] Level 1:colcon.colcon_core.package_identification:_identify(rover_auxiliary) by extension 'ignore_ament_install'
[2.029s] Level 1:colcon.colcon_core.package_identification:_identify(rover_auxiliary) by extensions ['colcon_pkg']
[2.029s] Level 1:colcon.colcon_core.package_identification:_identify(rover_auxiliary) by extension 'colcon_pkg'
[2.029s] Level 1:colcon.colcon_core.package_identification:_identify(rover_auxiliary) by extensions ['colcon_meta']
[2.029s] Level 1:colcon.colcon_core.package_identification:_identify(rover_auxiliary) by extension 'colcon_meta'
[2.030s] Level 1:colcon.colcon_core.package_identification:_identify(rover_auxiliary) by extensions ['ros']
[2.030s] Level 1:colcon.colcon_core.package_identification:_identify(rover_auxiliary) by extension 'ros'
[2.031s] DEBUG:colcon.colcon_core.package_identification:Package 'rover_auxiliary' with type 'ros.ament_cmake' and name 'rover_auxiliary'
[2.031s] Level 1:colcon.colcon_core.package_identification:_identify(rover_can) by extensions ['ignore', 'ignore_ament_install']
[2.031s] Level 1:colcon.colcon_core.package_identification:_identify(rover_can) by extension 'ignore'
[2.031s] Level 1:colcon.colcon_core.package_identification:_identify(rover_can) by extension 'ignore_ament_install'
[2.031s] Level 1:colcon.colcon_core.package_identification:_identify(rover_can) by extensions ['colcon_pkg']
[2.031s] Level 1:colcon.colcon_core.package_identification:_identify(rover_can) by extension 'colcon_pkg'
[2.031s] Level 1:colcon.colcon_core.package_identification:_identify(rover_can) by extensions ['colcon_meta']
[2.031s] Level 1:colcon.colcon_core.package_identification:_identify(rover_can) by extension 'colcon_meta'
[2.032s] Level 1:colcon.colcon_core.package_identification:_identify(rover_can) by extensions ['ros']
[2.032s] Level 1:colcon.colcon_core.package_identification:_identify(rover_can) by extension 'ros'
[2.033s] DEBUG:colcon.colcon_core.package_identification:Package 'rover_can' with type 'ros.ament_cmake' and name 'rover_can'
[2.033s] Level 1:colcon.colcon_core.package_identification:_identify(rover_drive_train) by extensions ['ignore', 'ignore_ament_install']
[2.033s] Level 1:colcon.colcon_core.package_identification:_identify(rover_drive_train) by extension 'ignore'
[2.033s] Level 1:colcon.colcon_core.package_identification:_identify(rover_drive_train) by extension 'ignore_ament_install'
[2.033s] Level 1:colcon.colcon_core.package_identification:_identify(rover_drive_train) by extensions ['colcon_pkg']
[2.033s] Level 1:colcon.colcon_core.package_identification:_identify(rover_drive_train) by extension 'colcon_pkg'
[2.033s] Level 1:colcon.colcon_core.package_identification:_identify(rover_drive_train) by extensions ['colcon_meta']
[2.033s] Level 1:colcon.colcon_core.package_identification:_identify(rover_drive_train) by extension 'colcon_meta'
[2.033s] Level 1:colcon.colcon_core.package_identification:_identify(rover_drive_train) by extensions ['ros']
[2.033s] Level 1:colcon.colcon_core.package_identification:_identify(rover_drive_train) by extension 'ros'
[2.034s] DEBUG:colcon.colcon_core.package_identification:Package 'rover_drive_train' with type 'ros.ament_cmake' and name 'rover_drive_train'
[2.034s] Level 1:colcon.colcon_core.package_identification:_identify(rover_gui) by extensions ['ignore', 'ignore_ament_install']
[2.035s] Level 1:colcon.colcon_core.package_identification:_identify(rover_gui) by extension 'ignore'
[2.035s] Level 1:colcon.colcon_core.package_identification:_identify(rover_gui) by extension 'ignore_ament_install'
[2.035s] Level 1:colcon.colcon_core.package_identification:_identify(rover_gui) by extensions ['colcon_pkg']
[2.035s] Level 1:colcon.colcon_core.package_identification:_identify(rover_gui) by extension 'colcon_pkg'
[2.035s] Level 1:colcon.colcon_core.package_identification:_identify(rover_gui) by extensions ['colcon_meta']
[2.035s] Level 1:colcon.colcon_core.package_identification:_identify(rover_gui) by extension 'colcon_meta'
[2.035s] Level 1:colcon.colcon_core.package_identification:_identify(rover_gui) by extensions ['ros']
[2.035s] Level 1:colcon.colcon_core.package_identification:_identify(rover_gui) by extension 'ros'
[2.036s] DEBUG:colcon.colcon_core.package_identification:Package 'rover_gui' with type 'ros.ament_cmake' and name 'rover_gui'
[2.036s] Level 1:colcon.colcon_core.package_identification:_identify(rover_helper) by extensions ['ignore', 'ignore_ament_install']
[2.036s] Level 1:colcon.colcon_core.package_identification:_identify(rover_helper) by extension 'ignore'
[2.036s] Level 1:colcon.colcon_core.package_identification:_identify(rover_helper) by extension 'ignore_ament_install'
[2.036s] Level 1:colcon.colcon_core.package_identification:_identify(rover_helper) by extensions ['colcon_pkg']
[2.037s] Level 1:colcon.colcon_core.package_identification:_identify(rover_helper) by extension 'colcon_pkg'
[2.037s] Level 1:colcon.colcon_core.package_identification:_identify(rover_helper) by extensions ['colcon_meta']
[2.037s] Level 1:colcon.colcon_core.package_identification:_identify(rover_helper) by extension 'colcon_meta'
[2.037s] Level 1:colcon.colcon_core.package_identification:_identify(rover_helper) by extensions ['ros']
[2.037s] Level 1:colcon.colcon_core.package_identification:_identify(rover_helper) by extension 'ros'
[2.037s] Level 1:colcon.colcon_core.package_identification:_identify(rover_helper) by extensions ['cmake', 'python']
[2.037s] Level 1:colcon.colcon_core.package_identification:_identify(rover_helper) by extension 'cmake'
[2.037s] Level 1:colcon.colcon_core.package_identification:_identify(rover_helper) by extension 'python'
[2.037s] Level 1:colcon.colcon_core.package_identification:_identify(rover_helper) by extensions ['python_setup_py']
[2.037s] Level 1:colcon.colcon_core.package_identification:_identify(rover_helper) by extension 'python_setup_py'
[2.037s] Level 1:colcon.colcon_core.package_identification:_identify(rover_helper/src) by extensions ['ignore', 'ignore_ament_install']
[2.037s] Level 1:colcon.colcon_core.package_identification:_identify(rover_helper/src) by extension 'ignore'
[2.037s] Level 1:colcon.colcon_core.package_identification:_identify(rover_helper/src) by extension 'ignore_ament_install'
[2.037s] Level 1:colcon.colcon_core.package_identification:_identify(rover_helper/src) by extensions ['colcon_pkg']
[2.038s] Level 1:colcon.colcon_core.package_identification:_identify(rover_helper/src) by extension 'colcon_pkg'
[2.038s] Level 1:colcon.colcon_core.package_identification:_identify(rover_helper/src) by extensions ['colcon_meta']
[2.038s] Level 1:colcon.colcon_core.package_identification:_identify(rover_helper/src) by extension 'colcon_meta'
[2.038s] Level 1:colcon.colcon_core.package_identification:_identify(rover_helper/src) by extensions ['ros']
[2.038s] Level 1:colcon.colcon_core.package_identification:_identify(rover_helper/src) by extension 'ros'
[2.038s] Level 1:colcon.colcon_core.package_identification:_identify(rover_helper/src) by extensions ['cmake', 'python']
[2.038s] Level 1:colcon.colcon_core.package_identification:_identify(rover_helper/src) by extension 'cmake'
[2.038s] Level 1:colcon.colcon_core.package_identification:_identify(rover_helper/src) by extension 'python'
[2.038s] Level 1:colcon.colcon_core.package_identification:_identify(rover_helper/src) by extensions ['python_setup_py']
[2.038s] Level 1:colcon.colcon_core.package_identification:_identify(rover_helper/src) by extension 'python_setup_py'
[2.038s] Level 1:colcon.colcon_core.package_identification:_identify(rover_joy) by extensions ['ignore', 'ignore_ament_install']
[2.038s] Level 1:colcon.colcon_core.package_identification:_identify(rover_joy) by extension 'ignore'
[2.038s] Level 1:colcon.colcon_core.package_identification:_identify(rover_joy) by extension 'ignore_ament_install'
[2.038s] Level 1:colcon.colcon_core.package_identification:_identify(rover_joy) by extensions ['colcon_pkg']
[2.038s] Level 1:colcon.colcon_core.package_identification:_identify(rover_joy) by extension 'colcon_pkg'
[2.039s] Level 1:colcon.colcon_core.package_identification:_identify(rover_joy) by extensions ['colcon_meta']
[2.039s] Level 1:colcon.colcon_core.package_identification:_identify(rover_joy) by extension 'colcon_meta'
[2.039s] Level 1:colcon.colcon_core.package_identification:_identify(rover_joy) by extensions ['ros']
[2.039s] Level 1:colcon.colcon_core.package_identification:_identify(rover_joy) by extension 'ros'
[2.040s] DEBUG:colcon.colcon_core.package_identification:Package 'rover_joy' with type 'ros.ament_cmake' and name 'rover_joy'
[2.040s] Level 1:colcon.colcon_core.package_identification:_identify(rover_msgs) by extensions ['ignore', 'ignore_ament_install']
[2.040s] Level 1:colcon.colcon_core.package_identification:_identify(rover_msgs) by extension 'ignore'
[2.040s] Level 1:colcon.colcon_core.package_identification:_identify(rover_msgs) by extension 'ignore_ament_install'
[2.040s] Level 1:colcon.colcon_core.package_identification:_identify(rover_msgs) by extensions ['colcon_pkg']
[2.040s] Level 1:colcon.colcon_core.package_identification:_identify(rover_msgs) by extension 'colcon_pkg'
[2.040s] Level 1:colcon.colcon_core.package_identification:_identify(rover_msgs) by extensions ['colcon_meta']
[2.040s] Level 1:colcon.colcon_core.package_identification:_identify(rover_msgs) by extension 'colcon_meta'
[2.041s] Level 1:colcon.colcon_core.package_identification:_identify(rover_msgs) by extensions ['ros']
[2.041s] Level 1:colcon.colcon_core.package_identification:_identify(rover_msgs) by extension 'ros'
[2.041s] DEBUG:colcon.colcon_core.package_identification:Package 'rover_msgs' with type 'ros.ament_cmake' and name 'rover_msgs'
[2.041s] Level 1:colcon.colcon_core.package_identification:_identify(rover_security) by extensions ['ignore', 'ignore_ament_install']
[2.041s] Level 1:colcon.colcon_core.package_identification:_identify(rover_security) by extension 'ignore'
[2.041s] Level 1:colcon.colcon_core.package_identification:_identify(rover_security) by extension 'ignore_ament_install'
[2.042s] Level 1:colcon.colcon_core.package_identification:_identify(rover_security) by extensions ['colcon_pkg']
[2.042s] Level 1:colcon.colcon_core.package_identification:_identify(rover_security) by extension 'colcon_pkg'
[2.042s] Level 1:colcon.colcon_core.package_identification:_identify(rover_security) by extensions ['colcon_meta']
[2.042s] Level 1:colcon.colcon_core.package_identification:_identify(rover_security) by extension 'colcon_meta'
[2.042s] Level 1:colcon.colcon_core.package_identification:_identify(rover_security) by extensions ['ros']
[2.042s] Level 1:colcon.colcon_core.package_identification:_identify(rover_security) by extension 'ros'
[2.043s] DEBUG:colcon.colcon_core.package_identification:Package 'rover_security' with type 'ros.ament_cmake' and name 'rover_security'
[2.043s] Level 1:colcon.colcon_core.package_identification:_identify(rover_sim) by extensions ['ignore', 'ignore_ament_install']
[2.043s] Level 1:colcon.colcon_core.package_identification:_identify(rover_sim) by extension 'ignore'
[2.043s] Level 1:colcon.colcon_core.package_identification:_identify(rover_sim) by extension 'ignore_ament_install'
[2.043s] Level 1:colcon.colcon_core.package_identification:_identify(rover_sim) by extensions ['colcon_pkg']
[2.043s] Level 1:colcon.colcon_core.package_identification:_identify(rover_sim) by extension 'colcon_pkg'
[2.043s] Level 1:colcon.colcon_core.package_identification:_identify(rover_sim) by extensions ['colcon_meta']
[2.043s] Level 1:colcon.colcon_core.package_identification:_identify(rover_sim) by extension 'colcon_meta'
[2.043s] Level 1:colcon.colcon_core.package_identification:_identify(rover_sim) by extensions ['ros']
[2.043s] Level 1:colcon.colcon_core.package_identification:_identify(rover_sim) by extension 'ros'
[2.044s] DEBUG:colcon.colcon_core.package_identification:Package 'rover_sim' with type 'ros.ament_python' and name 'rover_sim'
[2.044s] Level 1:colcon.colcon_core.package_identification:_identify(scripts) by extensions ['ignore', 'ignore_ament_install']
[2.044s] Level 1:colcon.colcon_core.package_identification:_identify(scripts) by extension 'ignore'
[2.044s] Level 1:colcon.colcon_core.package_identification:_identify(scripts) by extension 'ignore_ament_install'
[2.045s] Level 1:colcon.colcon_core.package_identification:_identify(scripts) by extensions ['colcon_pkg']
[2.045s] Level 1:colcon.colcon_core.package_identification:_identify(scripts) by extension 'colcon_pkg'
[2.045s] Level 1:colcon.colcon_core.package_identification:_identify(scripts) by extensions ['colcon_meta']
[2.045s] Level 1:colcon.colcon_core.package_identification:_identify(scripts) by extension 'colcon_meta'
[2.045s] Level 1:colcon.colcon_core.package_identification:_identify(scripts) by extensions ['ros']
[2.045s] Level 1:colcon.colcon_core.package_identification:_identify(scripts) by extension 'ros'
[2.045s] Level 1:colcon.colcon_core.package_identification:_identify(scripts) by extensions ['cmake', 'python']
[2.045s] Level 1:colcon.colcon_core.package_identification:_identify(scripts) by extension 'cmake'
[2.045s] Level 1:colcon.colcon_core.package_identification:_identify(scripts) by extension 'python'
[2.045s] Level 1:colcon.colcon_core.package_identification:_identify(scripts) by extensions ['python_setup_py']
[2.045s] Level 1:colcon.colcon_core.package_identification:_identify(scripts) by extension 'python_setup_py'
[2.045s] Level 1:colcon.colcon_core.package_discovery:discover_packages(recursive) using defaults
[2.045s] Level 1:colcon.colcon_core.package_discovery:discover_packages(ignore) discover
[2.045s] Level 1:colcon.colcon_core.package_discovery:discover_packages(ignore) using defaults
[2.045s] Level 1:colcon.colcon_core.package_discovery:discover_packages(path) discover
[2.045s] Level 1:colcon.colcon_core.package_discovery:discover_packages(path) using defaults
[2.163s] INFO:colcon.colcon_core.package_selection:Skipping not selected package 'rover_msgs' in 'rover_msgs'
[2.163s] INFO:colcon.colcon_core.package_selection:Skipping not selected package 'rover_security' in 'rover_security'
[2.163s] INFO:colcon.colcon_core.package_selection:Skipping not selected package 'rover_antenna' in 'rover_antenna'
[2.163s] INFO:colcon.colcon_core.package_selection:Skipping not selected package 'rover_arm' in 'rover_arm'
[2.163s] INFO:colcon.colcon_core.package_selection:Skipping not selected package 'rover_auxiliary' in 'rover_auxiliary'
[2.163s] INFO:colcon.colcon_core.package_selection:Skipping not selected package 'rover_can' in 'rover_can'
[2.163s] INFO:colcon.colcon_core.package_selection:Skipping not selected package 'rover_drive_train' in 'rover_drive_train'
[2.163s] INFO:colcon.colcon_core.package_selection:Skipping not selected package 'rover_joy' in 'rover_joy'
[2.163s] INFO:colcon.colcon_core.package_selection:Skipping not selected package 'rover_sim' in 'rover_sim'
[2.233s] Level 1:colcon.colcon_core.package_discovery:discover_packages(prefix_path) check parameters
[2.233s] Level 1:colcon.colcon_core.package_discovery:discover_packages(prefix_path) discover
[2.294s] DEBUG:colcon.colcon_installed_package_information.package_discovery:Found 18 installed packages in /home/chris/ros2_ws/install
[2.325s] DEBUG:colcon.colcon_installed_package_information.package_discovery:Found 376 installed packages in /opt/ros/humble
[2.328s] Level 1:colcon.colcon_core.package_discovery:discover_packages(prefix_path) using defaults
[2.502s] Level 5:colcon.colcon_core.verb:set package 'rover_gui' build argument 'cmake_args' from command line to 'None'
[2.502s] Level 5:colcon.colcon_core.verb:set package 'rover_gui' build argument 'cmake_target' from command line to 'None'
[2.502s] Level 5:colcon.colcon_core.verb:set package 'rover_gui' build argument 'cmake_target_skip_unavailable' from command line to 'False'
[2.502s] Level 5:colcon.colcon_core.verb:set package 'rover_gui' build argument 'cmake_clean_cache' from command line to 'False'
[2.502s] Level 5:colcon.colcon_core.verb:set package 'rover_gui' build argument 'cmake_clean_first' from command line to 'False'
[2.502s] Level 5:colcon.colcon_core.verb:set package 'rover_gui' build argument 'cmake_force_configure' from command line to 'False'
[2.502s] Level 5:colcon.colcon_core.verb:set package 'rover_gui' build argument 'ament_cmake_args' from command line to 'None'
[2.502s] Level 5:colcon.colcon_core.verb:set package 'rover_gui' build argument 'catkin_cmake_args' from command line to 'None'
[2.502s] Level 5:colcon.colcon_core.verb:set package 'rover_gui' build argument 'catkin_skip_building_tests' from command line to 'False'
[2.502s] DEBUG:colcon.colcon_core.verb:Building package 'rover_gui' with the following arguments: {'ament_cmake_args': None, 'build_base': '/home/chris/ros2_ws/src/rover/build/rover_gui', 'catkin_cmake_args': None, 'catkin_skip_building_tests': False, 'cmake_args': None, 'cmake_clean_cache': False, 'cmake_clean_first': False, 'cmake_force_configure': False, 'cmake_target': None, 'cmake_target_skip_unavailable': False, 'install_base': '/home/chris/ros2_ws/src/rover/install/rover_gui', 'merge_install': False, 'path': '/home/chris/ros2_ws/src/rover/rover_gui', 'symlink_install': False, 'test_result_base': None}
[2.532s] INFO:colcon.colcon_core.executor:Executing jobs using 'parallel' executor
[2.562s] DEBUG:colcon.colcon_parallel_executor.executor.parallel:run_until_complete
[2.563s] INFO:colcon.colcon_ros.task.ament_cmake.build:Building ROS package in '/home/chris/ros2_ws/src/rover/rover_gui' with build type 'ament_cmake'
[2.563s] INFO:colcon.colcon_cmake.task.cmake.build:Building CMake package in '/home/chris/ros2_ws/src/rover/rover_gui'
[2.596s] INFO:colcon.colcon_core.plugin_system:Skipping extension 'colcon_core.shell.bat': Not used on non-Windows systems
[2.596s] INFO:colcon.colcon_core.shell:Skip shell extension 'powershell' for command environment: Not usable outside of PowerShell
[2.596s] DEBUG:colcon.colcon_core.shell:Skip shell extension 'dsv' for command environment
[2.703s] DEBUG:colcon.colcon_core.event_handler.log_command:Invoking command in '/home/chris/ros2_ws/src/rover/build/rover_gui': AMENT_PREFIX_PATH=/home/chris/ros2_ws/src/rover/install/rover_msgs:${AMENT_PREFIX_PATH} CMAKE_PREFIX_PATH=/home/chris/ros2_ws/src/rover/install/rover_msgs:/home/chris/ros2_ws/install/rover_security:/home/chris/ros2_ws/install/rover_gui:/home/chris/ros2_ws/install/rover_can:/home/chris/ros2_ws/install/rover_auxiliary:/home/chris/ros2_ws/install/rover_antenna:/home/chris/ros2_ws/install/rover_msgs:/home/chris/ros2_ws/install/moveit_visual_tools:/home/chris/ros2_ws/install/moveit_resources_prbt_support:/home/chris/ros2_ws/install/moveit_controller:/home/chris/ros2_ws/install/fanuc_crx_simulation:/home/chris/ros2_ws/install/moveit_common:/home/chris/ros2_ws/install/micro_ros_setup:/home/chris/ros2_ws/install/micro_ros_agent:/home/chris/ros2_ws/install/micro_ros_msgs:/home/chris/ros2_ws/install/rover_sim:/home/chris/ros2_ws/install/panorama:/home/chris/ros2_ws/install/moveit_configs_utils:/opt/ros/humble LD_LIBRARY_PATH=/home/chris/ros2_ws/src/rover/install/rover_msgs/lib:${LD_LIBRARY_PATH} PYTHONPATH=/home/chris/ros2_ws/src/rover/install/rover_msgs/local/lib/python3.10/dist-packages:${PYTHONPATH} /usr/bin/cmake --build /home/chris/ros2_ws/src/rover/build/rover_gui -- -j12 -l12
[12.497s] DEBUG:colcon.colcon_core.event_handler.log_command:Invoked command in '/home/chris/ros2_ws/src/rover/build/rover_gui' returned '2': AMENT_PREFIX_PATH=/home/chris/ros2_ws/src/rover/install/rover_msgs:${AMENT_PREFIX_PATH} CMAKE_PREFIX_PATH=/home/chris/ros2_ws/src/rover/install/rover_msgs:/home/chris/ros2_ws/install/rover_security:/home/chris/ros2_ws/install/rover_gui:/home/chris/ros2_ws/install/rover_can:/home/chris/ros2_ws/install/rover_auxiliary:/home/chris/ros2_ws/install/rover_antenna:/home/chris/ros2_ws/install/rover_msgs:/home/chris/ros2_ws/install/moveit_visual_tools:/home/chris/ros2_ws/install/moveit_resources_prbt_support:/home/chris/ros2_ws/install/moveit_controller:/home/chris/ros2_ws/install/fanuc_crx_simulation:/home/chris/ros2_ws/install/moveit_common:/home/chris/ros2_ws/install/micro_ros_setup:/home/chris/ros2_ws/install/micro_ros_agent:/home/chris/ros2_ws/install/micro_ros_msgs:/home/chris/ros2_ws/install/rover_sim:/home/chris/ros2_ws/install/panorama:/home/chris/ros2_ws/install/moveit_configs_utils:/opt/ros/humble LD_LIBRARY_PATH=/home/chris/ros2_ws/src/rover/install/rover_msgs/lib:${LD_LIBRARY_PATH} PYTHONPATH=/home/chris/ros2_ws/src/rover/install/rover_msgs/local/lib/python3.10/dist-packages:${PYTHONPATH} /usr/bin/cmake --build /home/chris/ros2_ws/src/rover/build/rover_gui -- -j12 -l12
[12.622s] Level 1:colcon.colcon_core.environment:create_environment_scripts_only(rover_gui)
[12.654s] Level 1:colcon.colcon_core.environment:checking '/home/chris/ros2_ws/src/rover/install/rover_gui' for CMake module files
[12.654s] Level 1:colcon.colcon_core.environment:checking '/home/chris/ros2_ws/src/rover/install/rover_gui' for CMake config files
[12.654s] Level 1:colcon.colcon_core.shell:create_environment_hook('rover_gui', 'cmake_prefix_path')
[12.683s] INFO:colcon.colcon_core.shell:Creating environment hook '/home/chris/ros2_ws/src/rover/install/rover_gui/share/rover_gui/hook/cmake_prefix_path.ps1'
[12.684s] INFO:colcon.colcon_core.shell:Creating environment descriptor '/home/chris/ros2_ws/src/rover/install/rover_gui/share/rover_gui/hook/cmake_prefix_path.dsv'
[12.684s] INFO:colcon.colcon_core.shell:Creating environment hook '/home/chris/ros2_ws/src/rover/install/rover_gui/share/rover_gui/hook/cmake_prefix_path.sh'
[12.685s] Level 1:colcon.colcon_core.environment:checking '/home/chris/ros2_ws/src/rover/install/rover_gui/lib'
[12.685s] Level 1:colcon.colcon_core.environment:checking '/home/chris/ros2_ws/src/rover/install/rover_gui/bin'
[12.685s] Level 1:colcon.colcon_core.environment:checking '/home/chris/ros2_ws/src/rover/install/rover_gui/lib/pkgconfig/rover_gui.pc'
[12.686s] Level 1:colcon.colcon_core.environment:checking '/home/chris/ros2_ws/src/rover/install/rover_gui/lib/python3.10/site-packages'
[12.686s] Level 1:colcon.colcon_core.environment:checking '/home/chris/ros2_ws/src/rover/install/rover_gui/bin'
[12.715s] INFO:colcon.colcon_core.shell:Creating package script '/home/chris/ros2_ws/src/rover/install/rover_gui/share/rover_gui/package.ps1'
[12.716s] INFO:colcon.colcon_core.shell:Creating package descriptor '/home/chris/ros2_ws/src/rover/install/rover_gui/share/rover_gui/package.dsv'
[12.717s] INFO:colcon.colcon_core.shell:Creating package script '/home/chris/ros2_ws/src/rover/install/rover_gui/share/rover_gui/package.sh'
[12.717s] INFO:colcon.colcon_core.shell:Creating package script '/home/chris/ros2_ws/src/rover/install/rover_gui/share/rover_gui/package.bash'
[12.718s] INFO:colcon.colcon_core.shell:Creating package script '/home/chris/ros2_ws/src/rover/install/rover_gui/share/rover_gui/package.zsh'
[12.719s] Level 1:colcon.colcon_core.environment:create_file_with_runtime_dependencies(/home/chris/ros2_ws/src/rover/install/rover_gui/share/colcon-core/packages/rover_gui)
[12.730s] DEBUG:colcon.colcon_parallel_executor.executor.parallel:closing loop
[12.730s] DEBUG:colcon.colcon_parallel_executor.executor.parallel:loop closed
[12.730s] DEBUG:colcon.colcon_parallel_executor.executor.parallel:run_until_complete finished with '2'
[12.730s] DEBUG:colcon.colcon_core.event_reactor:joining thread
[12.766s] INFO:colcon.colcon_core.plugin_system:Skipping extension 'colcon_notification.desktop_notification.terminal_notifier': Not used on non-Darwin systems
[12.766s] INFO:colcon.colcon_core.plugin_system:Skipping extension 'colcon_notification.desktop_notification.win32': Not used on non-Windows systems
[12.766s] INFO:colcon.colcon_notification.desktop_notification:Sending desktop notification using 'notify2'
[12.780s] DEBUG:colcon.colcon_core.event_reactor:joined thread
[12.810s] INFO:colcon.colcon_core.shell:Creating prefix script '/home/chris/ros2_ws/src/rover/install/local_setup.ps1'
[12.811s] INFO:colcon.colcon_core.shell:Creating prefix util module '/home/chris/ros2_ws/src/rover/install/_local_setup_util_ps1.py'
[12.812s] INFO:colcon.colcon_core.shell:Creating prefix chain script '/home/chris/ros2_ws/src/rover/install/setup.ps1'
[12.843s] INFO:colcon.colcon_core.shell:Creating prefix script '/home/chris/ros2_ws/src/rover/install/local_setup.sh'
[12.844s] INFO:colcon.colcon_core.shell:Creating prefix util module '/home/chris/ros2_ws/src/rover/install/_local_setup_util_sh.py'
[12.844s] INFO:colcon.colcon_core.shell:Creating prefix chain script '/home/chris/ros2_ws/src/rover/install/setup.sh'
[12.875s] INFO:colcon.colcon_core.shell:Creating prefix script '/home/chris/ros2_ws/src/rover/install/local_setup.bash'
[12.875s] INFO:colcon.colcon_core.shell:Creating prefix chain script '/home/chris/ros2_ws/src/rover/install/setup.bash'
[12.906s] INFO:colcon.colcon_core.shell:Creating prefix script '/home/chris/ros2_ws/src/rover/install/local_setup.zsh'
[12.907s] INFO:colcon.colcon_core.shell:Creating prefix chain script '/home/chris/ros2_ws/src/rover/install/setup.zsh'
