[0.131s] Invoking command in '/home/chris/ros2_ws/src/rover/build/rover_gui': CMAKE_PREFIX_PATH=${CMAKE_PREFIX_PATH}:/home/chris/ros2_ws/install/rover_sim:/home/chris/ros2_ws/install/panorama:/home/chris/ros2_ws/install/moveit_configs_utils:/opt/ros/humble /usr/bin/cmake /home/chris/ros2_ws/src/rover/rover_gui -DCMAKE_INSTALL_PREFIX=/home/chris/ros2_ws/src/rover/install/rover_gui
[0.192s] -- The C compiler identification is GNU 11.4.0
[0.251s] -- The CXX compiler identification is GNU 11.4.0
[0.259s] -- Detecting C compiler ABI info
[0.322s] -- Detecting C compiler ABI info - done
[0.331s] -- Check for working C compiler: /usr/bin/cc - skipped
[0.331s] -- Detecting C compile features
[0.332s] -- Detecting C compile features - done
[0.335s] -- Detecting CXX compiler ABI info
[0.413s] -- Detecting CXX compiler ABI info - done
[0.420s] -- Check for working CXX compiler: /usr/bin/c++ - skipped
[0.420s] -- Detecting CXX compile features
[0.421s] -- Detecting CXX compile features - done
[0.426s] -- Found ament_cmake: 1.3.6 (/opt/ros/humble/share/ament_cmake/cmake)
[0.613s] -- Found Python3: /usr/bin/python3.10 (found version "3.10.12") found components: Interpreter 
[0.725s] -- Found rclcpp: 16.0.7 (/opt/ros/humble/share/rclcpp/cmake)
[0.790s] -- Found rosidl_generator_c: 3.1.5 (/opt/ros/humble/share/rosidl_generator_c/cmake)
[0.799s] -- Found rosidl_adapter: 3.1.5 (/opt/ros/humble/share/rosidl_adapter/cmake)
[0.812s] -- Found rosidl_generator_cpp: 3.1.5 (/opt/ros/humble/share/rosidl_generator_cpp/cmake)
[0.831s] -- Using all available rosidl_typesupport_c: rosidl_typesupport_fastrtps_c;rosidl_typesupport_introspection_c
[0.862s] -- Using all available rosidl_typesupport_cpp: rosidl_typesupport_fastrtps_cpp;rosidl_typesupport_introspection_cpp
[0.958s] -- Found rmw_implementation_cmake: 6.1.1 (/opt/ros/humble/share/rmw_implementation_cmake/cmake)
[0.962s] -- Found rmw_fastrtps_cpp: 6.2.5 (/opt/ros/humble/share/rmw_fastrtps_cpp/cmake)
[1.075s] -- Found OpenSSL: /usr/lib/x86_64-linux-gnu/libcrypto.so (found version "3.0.2")  
[1.104s] -- Found FastRTPS: /opt/ros/humble/include  
[1.159s] -- Using RMW implementation 'rmw_fastrtps_cpp' as default
[1.174s] -- Looking for pthread.h
[1.245s] -- Looking for pthread.h - found
[1.245s] -- Performing Test CMAKE_HAVE_LIBC_PTHREAD
[1.319s] -- Performing Test CMAKE_HAVE_LIBC_PTHREAD - Success
[1.320s] -- Found Threads: TRUE  
[1.504s] -- Found rover_msgs: 0.0.0 (/home/chris/ros2_ws/install/rover_msgs/share/rover_msgs/cmake)
[1.537s] -- Performing Test HAVE_STDATOMIC
[1.917s] -- Performing Test HAVE_STDATOMIC - Success
[1.918s] -- Found WrapAtomic: TRUE  
[1.961s] -- Found OpenGL: /usr/lib/x86_64-linux-gnu/libOpenGL.so   
[1.961s] -- Found WrapOpenGL: TRUE  
[2.012s] -- Found XKB: /usr/lib/x86_64-linux-gnu/libxkbcommon.so (found suitable version "1.4.0", minimum required is "0.5.0") 
[2.016s] -- Found WrapVulkanHeaders: /usr/include  
[2.058s] -- Found PkgConfig: /usr/bin/pkg-config (found version "0.29.2") 
[2.059s] -- Checking for modules 'gstreamer-1.0;gstreamer-plugins-base-1.0;gstreamer-video-1.0'
[2.080s] --   Found gstreamer-1.0, version 1.20.3
[2.090s] --   Found gstreamer-plugins-base-1.0, version 1.20.1
[2.101s] --   Found gstreamer-video-1.0, version 1.20.1
[2.210s] -- Configuring done
[2.233s] -- Generating done
[2.235s] -- Build files have been written to: /home/chris/ros2_ws/src/rover/build/rover_gui
[2.250s] Invoked command in '/home/chris/ros2_ws/src/rover/build/rover_gui' returned '0': CMAKE_PREFIX_PATH=${CMAKE_PREFIX_PATH}:/home/chris/ros2_ws/install/rover_sim:/home/chris/ros2_ws/install/panorama:/home/chris/ros2_ws/install/moveit_configs_utils:/opt/ros/humble /usr/bin/cmake /home/chris/ros2_ws/src/rover/rover_gui -DCMAKE_INSTALL_PREFIX=/home/chris/ros2_ws/src/rover/install/rover_gui
[2.253s] Invoking command in '/home/chris/ros2_ws/src/rover/build/rover_gui': CMAKE_PREFIX_PATH=${CMAKE_PREFIX_PATH}:/home/chris/ros2_ws/install/rover_sim:/home/chris/ros2_ws/install/panorama:/home/chris/ros2_ws/install/moveit_configs_utils:/opt/ros/humble /usr/bin/cmake --build /home/chris/ros2_ws/src/rover/build/rover_gui -- -j12 -l12
[2.304s] [  6%] [34m[1mGenerating UI files...[0m
[2.309s] [0;34m=== Generating UI files ... ===[0m
[2.318s] [0;32m[SUCCESS] Compiled /home/chris/ros2_ws/src/rover/rover_gui/ui/ui/FileExplorer.ui to /home/chris/ros2_ws/src/rover/rover_gui/ui/include/UI_FileExplorer.h[0m
[2.326s] [0;32m[SUCCESS] Compiled /home/chris/ros2_ws/src/rover/rover_gui/ui/ui/Notification.ui to /home/chris/ros2_ws/src/rover/rover_gui/ui/include/UI_Notification.h[0m
[2.333s] [0;32m[SUCCESS] Compiled /home/chris/ros2_ws/src/rover/rover_gui/ui/ui/Player.ui to /home/chris/ros2_ws/src/rover/rover_gui/ui/include/UI_Player.h[0m
[2.342s] [  6%] Built target run_generate_ui
[2.363s] [ 13%] [34m[1mAutomatic MOC for target main_gui[0m
[2.793s] [ 13%] Built target main_gui_autogen
[2.804s] [ 20%] [34m[1mGenerating qrc_resources.cpp[0m
[2.836s] [ 26%] [32mBuilding CXX object CMakeFiles/main_gui.dir/src/main_gui.cpp.o[0m
[2.836s] [ 40%] [32mBuilding CXX object CMakeFiles/main_gui.dir/src/QSshFileExplorer/QFileTransferWidget.cpp.o[0m
[2.836s] [ 40%] [32mBuilding CXX object CMakeFiles/main_gui.dir/main_gui_autogen/mocs_compilation.cpp.o[0m
[2.838s] [ 46%] [32mBuilding CXX object CMakeFiles/main_gui.dir/src/Global/QWorker.cpp.o[0m
[2.839s] [ 53%] [32mBuilding CXX object CMakeFiles/main_gui.dir/src/QSshFileExplorer/QSshWorker.cpp.o[0m
[2.839s] [ 60%] [32mBuilding CXX object CMakeFiles/main_gui.dir/src/QSshFileExplorer/QIconManager.cpp.o[0m
[2.839s] [ 66%] [32mBuilding CXX object CMakeFiles/main_gui.dir/src/QRtspPlayer/QGStreamerWorker.cpp.o[0m
[2.840s] [ 73%] [32mBuilding CXX object CMakeFiles/main_gui.dir/src/QRtspPlayer/QRtspPlayerWidget.cpp.o[0m
[2.844s] [ 80%] [32mBuilding CXX object CMakeFiles/main_gui.dir/src/QSshFileExplorer/QSshFileExplorerWidget.cpp.o[0m
[2.844s] [ 86%] [32mBuilding CXX object CMakeFiles/main_gui.dir/src/QSshFileExplorer/QFileItem.cpp.o[0m
[2.855s] [ 93%] [32mBuilding CXX object CMakeFiles/main_gui.dir/qrc_resources.cpp.o[0m
[7.199s] [01m[K/home/chris/ros2_ws/src/rover/rover_gui/src/QRtspPlayer/QRtspPlayerWidget.cpp:[m[K In constructor ‘[01m[KRtspPlayerWidget::RtspPlayerWidget(QWidget*)[m[K’:
[7.199s] [01m[K/home/chris/ros2_ws/src/rover/rover_gui/src/QRtspPlayer/QRtspPlayerWidget.cpp:15:51:[m[K [01;31m[Kerror: [m[Kinvalid use of incomplete type ‘[01m[Kclass QStyle[m[K’
[7.199s]    15 |     ui->startButton->setIcon(QApplication::style()[01;31m[K->[m[KstandardIcon(QStyle::SP_MediaPlay));
[7.199s]       |                                                   [01;31m[K^~[m[K
[7.200s] In file included from [01m[K/usr/include/x86_64-linux-gnu/qt6/QtWidgets/QWidget:1[m[K,
[7.200s]                  from [01m[K/home/chris/ros2_ws/src/rover/rover_gui/src/QRtspPlayer/QRtspPlayerWidget.hpp:4[m[K,
[7.200s]                  from [01m[K/home/chris/ros2_ws/src/rover/rover_gui/src/QRtspPlayer/QRtspPlayerWidget.cpp:1[m[K:
[7.200s] [01m[K/usr/include/x86_64-linux-gnu/qt6/QtWidgets/qwidget.h:68:7:[m[K [01;36m[Knote: [m[Kforward declaration of ‘[01m[Kclass QStyle[m[K’
[7.200s]    68 | class [01;36m[KQStyle[m[K;
[7.201s]       |       [01;36m[K^~~~~~[m[K
[7.201s] [01m[K/home/chris/ros2_ws/src/rover/rover_gui/src/QRtspPlayer/QRtspPlayerWidget.cpp:15:74:[m[K [01;31m[Kerror: [m[Kincomplete type ‘[01m[KQStyle[m[K’ used in nested name specifier
[7.201s]    15 |     ui->startButton->setIcon(QApplication::style()->standardIcon(QStyle::[01;31m[KSP_MediaPlay[m[K));
[7.201s]       |                                                                          [01;31m[K^~~~~~~~~~~~[m[K
[7.201s] [01m[K/home/chris/ros2_ws/src/rover/rover_gui/src/QRtspPlayer/QRtspPlayerWidget.cpp:18:50:[m[K [01;31m[Kerror: [m[Kinvalid use of incomplete type ‘[01m[Kclass QStyle[m[K’
[7.201s]    18 |     ui->stopButton->setIcon(QApplication::style()[01;31m[K->[m[KstandardIcon(QStyle::SP_MediaStop));
[7.202s]       |                                                  [01;31m[K^~[m[K
[7.202s] In file included from [01m[K/usr/include/x86_64-linux-gnu/qt6/QtWidgets/QWidget:1[m[K,
[7.202s]                  from [01m[K/home/chris/ros2_ws/src/rover/rover_gui/src/QRtspPlayer/QRtspPlayerWidget.hpp:4[m[K,
[7.202s]                  from [01m[K/home/chris/ros2_ws/src/rover/rover_gui/src/QRtspPlayer/QRtspPlayerWidget.cpp:1[m[K:
[7.202s] [01m[K/usr/include/x86_64-linux-gnu/qt6/QtWidgets/qwidget.h:68:7:[m[K [01;36m[Knote: [m[Kforward declaration of ‘[01m[Kclass QStyle[m[K’
[7.202s]    68 | class [01;36m[KQStyle[m[K;
[7.202s]       |       [01;36m[K^~~~~~[m[K
[7.203s] [01m[K/home/chris/ros2_ws/src/rover/rover_gui/src/QRtspPlayer/QRtspPlayerWidget.cpp:18:73:[m[K [01;31m[Kerror: [m[Kincomplete type ‘[01m[KQStyle[m[K’ used in nested name specifier
[7.203s]    18 |     ui->stopButton->setIcon(QApplication::style()->standardIcon(QStyle::[01;31m[KSP_MediaStop[m[K));
[7.203s]       |                                                                         [01;31m[K^~~~~~~~~~~~[m[K
[7.803s] gmake[2]: *** [CMakeFiles/main_gui.dir/build.make:196: CMakeFiles/main_gui.dir/src/QRtspPlayer/QRtspPlayerWidget.cpp.o] Error 1
[7.803s] gmake[2]: *** Waiting for unfinished jobs....
[12.357s] gmake[1]: *** [CMakeFiles/Makefile2:167: CMakeFiles/main_gui.dir/all] Error 2
[12.358s] gmake: *** [Makefile:146: all] Error 2
[12.361s] Invoked command in '/home/chris/ros2_ws/src/rover/build/rover_gui' returned '2': CMAKE_PREFIX_PATH=${CMAKE_PREFIX_PATH}:/home/chris/ros2_ws/install/rover_sim:/home/chris/ros2_ws/install/panorama:/home/chris/ros2_ws/install/moveit_configs_utils:/opt/ros/humble /usr/bin/cmake --build /home/chris/ros2_ws/src/rover/build/rover_gui -- -j12 -l12
