[01m[K/home/chris/ros2_ws/src/rover/rover_gui/src/QRtspPlayer/QGStreamerWorker.cpp:[m[K In member function ‘[01m[Kvoid GStreamerWorker::startPipeline(const QString&)[m[K’:
[01m[K/home/chris/ros2_ws/src/rover/rover_gui/src/QRtspPlayer/QGStreamerWorker.cpp:40:73:[m[K [01;31m[Kerror: [m[K‘[01m[KGST_TYPE_VIDEO_OVERLAY[m[K’ was not declared in this scope
   40 |     GstElement* videoSink = gst_bin_get_by_interface(GST_BIN(pipeline), [01;31m[KGST_TYPE_VIDEO_OVERLAY[m[K);
      |                                                                         [01;31m[K^~~~~~~~~~~~~~~~~~~~~~[m[K
gmake[2]: *** [CMakeFiles/main_gui.dir/build.make:210: CMakeFiles/main_gui.dir/src/QRtspPlayer/QGStreamerWorker.cpp.o] Error 1
gmake[2]: *** Waiting for unfinished jobs....
In file included from [01m[K/home/chris/ros2_ws/src/rover/rover_gui/src/QRtspPlayer/QRtspPlayerWidget.cpp:1[m[K:
[01m[K/home/chris/ros2_ws/src/rover/rover_gui/src/QRtspPlayer/QRtspPlayerWidget.hpp:33:5:[m[K [01;31m[Kerror: [m[K‘[01m[KGStreamerWorker[m[K’ does not name a type
   33 |     [01;31m[KGStreamerWorker[m[K* gstreamerWorker;
      |     [01;31m[K^~~~~~~~~~~~~~~[m[K
[01m[K/home/chris/ros2_ws/src/rover/rover_gui/src/QRtspPlayer/QRtspPlayerWidget.cpp:[m[K In constructor ‘[01m[KRtspPlayerWidget::RtspPlayerWidget(QWidget*)[m[K’:
[01m[K/home/chris/ros2_ws/src/rover/rover_gui/src/QRtspPlayer/QRtspPlayerWidget.cpp:11:36:[m[K [01;31m[Kerror: [m[Kinvalid use of incomplete type ‘[01m[Kclass QThread[m[K’
   11 |     workerThread = new QThread(this[01;31m[K)[m[K;
      |                                    [01;31m[K^[m[K
In file included from [01m[K/usr/include/x86_64-linux-gnu/qt6/QtWidgets/qwidget.h:45[m[K,
                 from [01m[K/usr/include/x86_64-linux-gnu/qt6/QtWidgets/QWidget:1[m[K,
                 from [01m[K/home/chris/ros2_ws/src/rover/rover_gui/src/QRtspPlayer/QRtspPlayerWidget.hpp:4[m[K,
                 from [01m[K/home/chris/ros2_ws/src/rover/rover_gui/src/QRtspPlayer/QRtspPlayerWidget.cpp:1[m[K:
[01m[K/usr/include/x86_64-linux-gnu/qt6/QtCore/qobject.h:74:7:[m[K [01;36m[Knote: [m[Kforward declaration of ‘[01m[Kclass QThread[m[K’
   74 | class [01;36m[KQThread[m[K;
      |       [01;36m[K^~~~~~~[m[K
[01m[K/home/chris/ros2_ws/src/rover/rover_gui/src/QRtspPlayer/QRtspPlayerWidget.cpp:12:5:[m[K [01;31m[Kerror: [m[K‘[01m[KgstreamerWorker[m[K’ was not declared in this scope
   12 |     [01;31m[KgstreamerWorker[m[K = new GStreamerWorker();
      |     [01;31m[K^~~~~~~~~~~~~~~[m[K
[01m[K/home/chris/ros2_ws/src/rover/rover_gui/src/QRtspPlayer/QRtspPlayerWidget.cpp:12:27:[m[K [01;31m[Kerror: [m[Kexpected type-specifier before ‘[01m[KGStreamerWorker[m[K’
   12 |     gstreamerWorker = new [01;31m[KGStreamerWorker[m[K();
      |                           [01;31m[K^~~~~~~~~~~~~~~[m[K
[01m[K/home/chris/ros2_ws/src/rover/rover_gui/src/QRtspPlayer/QRtspPlayerWidget.cpp:15:37:[m[K [01;31m[Kerror: [m[Kincomplete type ‘[01m[KQThread[m[K’ used in nested name specifier
   15 |     connect(workerThread, &QThread::[01;31m[Kfinished[m[K, gstreamerWorker, &QObject::deleteLater);
      |                                     [01;31m[K^~~~~~~~[m[K
[01m[K/home/chris/ros2_ws/src/rover/rover_gui/src/QRtspPlayer/QRtspPlayerWidget.cpp:16:69:[m[K [01;31m[Kerror: [m[K‘[01m[KGStreamerWorker[m[K’ has not been declared
   16 |     connect(this, &RtspPlayerWidget::startStream, gstreamerWorker, &[01;31m[KGStreamerWorker[m[K::startPipeline);
      |                                                                     [01;31m[K^~~~~~~~~~~~~~~[m[K
[01m[K/home/chris/ros2_ws/src/rover/rover_gui/src/QRtspPlayer/QRtspPlayerWidget.cpp:17:68:[m[K [01;31m[Kerror: [m[K‘[01m[KGStreamerWorker[m[K’ has not been declared
   17 |     connect(this, &RtspPlayerWidget::stopStream, gstreamerWorker, &[01;31m[KGStreamerWorker[m[K::stopPipeline);
      |                                                                    [01;31m[K^~~~~~~~~~~~~~~[m[K
[01m[K/home/chris/ros2_ws/src/rover/rover_gui/src/QRtspPlayer/QRtspPlayerWidget.cpp:18:31:[m[K [01;31m[Kerror: [m[K‘[01m[KGStreamerWorker[m[K’ has not been declared
   18 |     connect(gstreamerWorker, &[01;31m[KGStreamerWorker[m[K::pipelineStarted, this, &RtspPlayerWidget::onPipelineStarted);
      |                               [01;31m[K^~~~~~~~~~~~~~~[m[K
[01m[K/home/chris/ros2_ws/src/rover/rover_gui/src/QRtspPlayer/QRtspPlayerWidget.cpp:19:31:[m[K [01;31m[Kerror: [m[K‘[01m[KGStreamerWorker[m[K’ has not been declared
   19 |     connect(gstreamerWorker, &[01;31m[KGStreamerWorker[m[K::errorOccurred, this, &RtspPlayerWidget::onErrorOccurred);
      |                               [01;31m[K^~~~~~~~~~~~~~~[m[K
[01m[K/home/chris/ros2_ws/src/rover/rover_gui/src/QRtspPlayer/QRtspPlayerWidget.cpp:21:17:[m[K [01;31m[Kerror: [m[Kinvalid use of incomplete type ‘[01m[Kclass QThread[m[K’
   21 |     workerThread[01;31m[K->[m[Kstart();
      |                 [01;31m[K^~[m[K
In file included from [01m[K/usr/include/x86_64-linux-gnu/qt6/QtWidgets/qwidget.h:45[m[K,
                 from [01m[K/usr/include/x86_64-linux-gnu/qt6/QtWidgets/QWidget:1[m[K,
                 from [01m[K/home/chris/ros2_ws/src/rover/rover_gui/src/QRtspPlayer/QRtspPlayerWidget.hpp:4[m[K,
                 from [01m[K/home/chris/ros2_ws/src/rover/rover_gui/src/QRtspPlayer/QRtspPlayerWidget.cpp:1[m[K:
[01m[K/usr/include/x86_64-linux-gnu/qt6/QtCore/qobject.h:74:7:[m[K [01;36m[Knote: [m[Kforward declaration of ‘[01m[Kclass QThread[m[K’
   74 | class [01;36m[KQThread[m[K;
      |       [01;36m[K^~~~~~~[m[K
[01m[K/home/chris/ros2_ws/src/rover/rover_gui/src/QRtspPlayer/QRtspPlayerWidget.cpp:[m[K In destructor ‘[01m[Kvirtual RtspPlayerWidget::~RtspPlayerWidget()[m[K’:
[01m[K/home/chris/ros2_ws/src/rover/rover_gui/src/QRtspPlayer/QRtspPlayerWidget.cpp:26:17:[m[K [01;31m[Kerror: [m[Kinvalid use of incomplete type ‘[01m[Kclass QThread[m[K’
   26 |     workerThread[01;31m[K->[m[Kquit();
      |                 [01;31m[K^~[m[K
In file included from [01m[K/usr/include/x86_64-linux-gnu/qt6/QtWidgets/qwidget.h:45[m[K,
                 from [01m[K/usr/include/x86_64-linux-gnu/qt6/QtWidgets/QWidget:1[m[K,
                 from [01m[K/home/chris/ros2_ws/src/rover/rover_gui/src/QRtspPlayer/QRtspPlayerWidget.hpp:4[m[K,
                 from [01m[K/home/chris/ros2_ws/src/rover/rover_gui/src/QRtspPlayer/QRtspPlayerWidget.cpp:1[m[K:
[01m[K/usr/include/x86_64-linux-gnu/qt6/QtCore/qobject.h:74:7:[m[K [01;36m[Knote: [m[Kforward declaration of ‘[01m[Kclass QThread[m[K’
   74 | class [01;36m[KQThread[m[K;
      |       [01;36m[K^~~~~~~[m[K
[01m[K/home/chris/ros2_ws/src/rover/rover_gui/src/QRtspPlayer/QRtspPlayerWidget.cpp:27:17:[m[K [01;31m[Kerror: [m[Kinvalid use of incomplete type ‘[01m[Kclass QThread[m[K’
   27 |     workerThread[01;31m[K->[m[Kwait();
      |                 [01;31m[K^~[m[K
In file included from [01m[K/usr/include/x86_64-linux-gnu/qt6/QtWidgets/qwidget.h:45[m[K,
                 from [01m[K/usr/include/x86_64-linux-gnu/qt6/QtWidgets/QWidget:1[m[K,
                 from [01m[K/home/chris/ros2_ws/src/rover/rover_gui/src/QRtspPlayer/QRtspPlayerWidget.hpp:4[m[K,
                 from [01m[K/home/chris/ros2_ws/src/rover/rover_gui/src/QRtspPlayer/QRtspPlayerWidget.cpp:1[m[K:
[01m[K/usr/include/x86_64-linux-gnu/qt6/QtCore/qobject.h:74:7:[m[K [01;36m[Knote: [m[Kforward declaration of ‘[01m[Kclass QThread[m[K’
   74 | class [01;36m[KQThread[m[K;
      |       [01;36m[K^~~~~~~[m[K
gmake[2]: *** [CMakeFiles/main_gui.dir/build.make:196: CMakeFiles/main_gui.dir/src/QRtspPlayer/QRtspPlayerWidget.cpp.o] Error 1
In file included from [01m[K/home/chris/ros2_ws/src/rover/rover_gui/src/main_gui.cpp:9[m[K:
[01m[K/home/chris/ros2_ws/src/rover/rover_gui/src/QRtspPlayer/QRtspPlayerWidget.hpp:33:5:[m[K [01;31m[Kerror: [m[K‘[01m[KGStreamerWorker[m[K’ does not name a type
   33 |     [01;31m[KGStreamerWorker[m[K* gstreamerWorker;
      |     [01;31m[K^~~~~~~~~~~~~~~[m[K
gmake[2]: *** [CMakeFiles/main_gui.dir/build.make:98: CMakeFiles/main_gui.dir/src/main_gui.cpp.o] Error 1
gmake[1]: *** [CMakeFiles/Makefile2:167: CMakeFiles/main_gui.dir/all] Error 2
gmake: *** [Makefile:146: all] Error 2
